Archive member included because of file (symbol)

/opt/ARM/bin/../lib/gcc/arm-none-eabi/4.8.4/armv7e-m/fpu/libgcc.a(_arm_addsubdf3.o)
                              Src/peripherals/multimeter/multimeter.o (__aeabi_dsub)
/opt/ARM/bin/../lib/gcc/arm-none-eabi/4.8.4/armv7e-m/fpu/libgcc.a(_arm_muldivdf3.o)
                              Src/peripherals/multimeter/multimeter.o (__aeabi_dmul)
/opt/ARM/bin/../lib/gcc/arm-none-eabi/4.8.4/armv7e-m/fpu/libgcc.a(_arm_fixdfsi.o)
                              Src/peripherals/gyroscope/adxrs620.o (__aeabi_d2iz)
/opt/ARM/bin/../lib/gcc/arm-none-eabi/4.8.4/armv7e-m/fpu/libgcc.a(_arm_fixunsdfsi.o)
                              Src/times_base/times_base.o (__aeabi_d2uiz)
/opt/ARM/bin/../lib/gcc/arm-none-eabi/4.8.4/armv7e-m/fpu/libgcc.a(_arm_truncdfsf2.o)
                              Src/peripherals/gyroscope/adxrs620.o (__aeabi_d2f)
/opt/ARM/bin/../lib/gcc/arm-none-eabi/4.8.4/armv7e-m/fpu/libgcc.a(_aeabi_ldivmod.o)
                              Src/peripherals/telemeters/telemeters.o (__aeabi_ldivmod)
/opt/ARM/bin/../lib/gcc/arm-none-eabi/4.8.4/armv7e-m/fpu/libgcc.a(bpabi.o)
                              /opt/ARM/bin/../lib/gcc/arm-none-eabi/4.8.4/armv7e-m/fpu/libgcc.a(_aeabi_ldivmod.o) (__gnu_ldivmod_helper)
/opt/ARM/bin/../lib/gcc/arm-none-eabi/4.8.4/armv7e-m/fpu/libgcc.a(_dvmd_tls.o)
                              /opt/ARM/bin/../lib/gcc/arm-none-eabi/4.8.4/armv7e-m/fpu/libgcc.a(_aeabi_ldivmod.o) (__aeabi_ldiv0)
/opt/ARM/bin/../lib/gcc/arm-none-eabi/4.8.4/armv7e-m/fpu/libgcc.a(_divdi3.o)
                              /opt/ARM/bin/../lib/gcc/arm-none-eabi/4.8.4/armv7e-m/fpu/libgcc.a(bpabi.o) (__divdi3)
/opt/ARM/bin/../lib/gcc/arm-none-eabi/4.8.4/armv7e-m/fpu/libgcc.a(_udivdi3.o)
                              /opt/ARM/bin/../lib/gcc/arm-none-eabi/4.8.4/armv7e-m/fpu/libgcc.a(bpabi.o) (__udivdi3)
/opt/ARM/bin/../lib/gcc/arm-none-eabi/4.8.4/../../../../arm-none-eabi/lib/armv7e-m/fpu/libg.a(lib_a-exit.o)
                              /opt/ARM/bin/../lib/gcc/arm-none-eabi/4.8.4/../../../../arm-none-eabi/lib/armv7e-m/fpu/crt0.o (exit)
/opt/ARM/bin/../lib/gcc/arm-none-eabi/4.8.4/../../../../arm-none-eabi/lib/armv7e-m/fpu/libg.a(lib_a-impure.o)
                              /opt/ARM/bin/../lib/gcc/arm-none-eabi/4.8.4/../../../../arm-none-eabi/lib/armv7e-m/fpu/libg.a(lib_a-exit.o) (_global_impure_ptr)
/opt/ARM/bin/../lib/gcc/arm-none-eabi/4.8.4/../../../../arm-none-eabi/lib/armv7e-m/fpu/libg.a(lib_a-init.o)
                              /opt/ARM/bin/../lib/gcc/arm-none-eabi/4.8.4/../../../../arm-none-eabi/lib/armv7e-m/fpu/crt0.o (__libc_init_array)
/opt/ARM/bin/../lib/gcc/arm-none-eabi/4.8.4/../../../../arm-none-eabi/lib/armv7e-m/fpu/libg.a(lib_a-memset.o)
                              /opt/ARM/bin/../lib/gcc/arm-none-eabi/4.8.4/../../../../arm-none-eabi/lib/armv7e-m/fpu/crt0.o (memset)
/opt/ARM/bin/../lib/gcc/arm-none-eabi/4.8.4/../../../../arm-none-eabi/lib/armv7e-m/fpu/libg.a(lib_a-reent.o)
                              Src/syscalls.o (errno)
/opt/ARM/bin/../lib/gcc/arm-none-eabi/4.8.4/../../../../arm-none-eabi/lib/armv7e-m/fpu/libg.a(lib_a-sprintf.o)
                              Src/peripherals/display/ssd1306.o (sprintf)
/opt/ARM/bin/../lib/gcc/arm-none-eabi/4.8.4/../../../../arm-none-eabi/lib/armv7e-m/fpu/libg.a(lib_a-strlen.o)
                              Src/util/itoa.o (strlen)
/opt/ARM/bin/../lib/gcc/arm-none-eabi/4.8.4/../../../../arm-none-eabi/lib/armv7e-m/fpu/libg.a(lib_a-svfprintf.o)
                              /opt/ARM/bin/../lib/gcc/arm-none-eabi/4.8.4/../../../../arm-none-eabi/lib/armv7e-m/fpu/libg.a(lib_a-sprintf.o) (_svfprintf_r)
/opt/ARM/bin/../lib/gcc/arm-none-eabi/4.8.4/../../../../arm-none-eabi/lib/armv7e-m/fpu/libg.a(lib_a-__call_atexit.o)
                              /opt/ARM/bin/../lib/gcc/arm-none-eabi/4.8.4/../../../../arm-none-eabi/lib/armv7e-m/fpu/libg.a(lib_a-exit.o) (__call_exitprocs)
/opt/ARM/bin/../lib/gcc/arm-none-eabi/4.8.4/../../../../arm-none-eabi/lib/armv7e-m/fpu/libg.a(lib_a-atexit.o)
                              /opt/ARM/bin/../lib/gcc/arm-none-eabi/4.8.4/../../../../arm-none-eabi/lib/armv7e-m/fpu/libg.a(lib_a-__call_atexit.o) (atexit)
/opt/ARM/bin/../lib/gcc/arm-none-eabi/4.8.4/../../../../arm-none-eabi/lib/armv7e-m/fpu/libg.a(lib_a-dtoa.o)
                              /opt/ARM/bin/../lib/gcc/arm-none-eabi/4.8.4/../../../../arm-none-eabi/lib/armv7e-m/fpu/libg.a(lib_a-svfprintf.o) (_dtoa_r)
/opt/ARM/bin/../lib/gcc/arm-none-eabi/4.8.4/../../../../arm-none-eabi/lib/armv7e-m/fpu/libg.a(lib_a-fini.o)
                              /opt/ARM/bin/../lib/gcc/arm-none-eabi/4.8.4/../../../../arm-none-eabi/lib/armv7e-m/fpu/libg.a(lib_a-__call_atexit.o) (__libc_fini_array)
/opt/ARM/bin/../lib/gcc/arm-none-eabi/4.8.4/../../../../arm-none-eabi/lib/armv7e-m/fpu/libg.a(lib_a-freer.o)
                              /opt/ARM/bin/../lib/gcc/arm-none-eabi/4.8.4/../../../../arm-none-eabi/lib/armv7e-m/fpu/libg.a(lib_a-reent.o) (_free_r)
[...]
Memory Configuration

Name             Origin             Length             Attributes
FLASH            0x08000000         0x00100000         xr
RAM              0x20000000         0x00020000         xrw
CCMRAM           0x10000000         0x00010000         rw
*default*        0x00000000         0xffffffff

Linker script and memory map

LOAD /opt/ARM/bin/../lib/gcc/arm-none-eabi/4.8.4/armv7e-m/fpu/crti.o
LOAD /opt/ARM/bin/../lib/gcc/arm-none-eabi/4.8.4/armv7e-m/fpu/crtbegin.o
LOAD /opt/ARM/bin/../lib/gcc/arm-none-eabi/4.8.4/../../../../arm-none-eabi/lib/armv7e-m/fpu/crt0.o
LOAD Src/util/itoa.o
LOAD Src/usart.o
LOAD Src/times_base/times_base.o
LOAD Src/tim.o
LOAD Src/syscalls.o
LOAD Src/stm32f4xx_it.o
LOAD Src/stm32f4xx_hal_msp.o
LOAD Src/peripherals/tests/tests.o
LOAD Src/peripherals/telemeters/telemeters.o
LOAD Src/peripherals/multimeter/multimeter.o
LOAD Src/peripherals/lineSensors/lineSensors.o
LOAD Src/peripherals/gyroscope/adxrs620.o
LOAD Src/peripherals/expander/pcf8574.o
LOAD Src/peripherals/encoders/ie512.o
LOAD Src/peripherals/display/ssd1306.o
LOAD Src/peripherals/display/smallfonts.o
LOAD Src/peripherals/bluetooth/bluetooth.o
LOAD Src/main.o
LOAD Src/i2c.o
LOAD Src/gpio.o
LOAD Src/dsp_lib/arm_sin_cos_q31.o
LOAD Src/dsp_lib/arm_sin_cos_f32.o
LOAD Src/dsp_lib/arm_pid_reset_q31.o
LOAD Src/dsp_lib/arm_pid_reset_q15.o
LOAD Src/dsp_lib/arm_pid_reset_f32.o
LOAD Src/dsp_lib/arm_pid_init_q31.o
LOAD Src/dsp_lib/arm_pid_init_q15.o
LOAD Src/dsp_lib/arm_pid_init_f32.o
LOAD Src/dma.o
LOAD Src/controls/straight_controls/straight_controls.o
LOAD Src/controls/pid/pid.o
LOAD Src/callback/user_it_callback.o
LOAD Src/adcManagment/adcManagment.o
LOAD Src/adc.o
LOAD Drivers/STM32F4xx_HAL_Driver/Src/stm32f4xx_hal_uart.o
LOAD Drivers/STM32F4xx_HAL_Driver/Src/stm32f4xx_hal_tim_ex.o
LOAD Drivers/STM32F4xx_HAL_Driver/Src/stm32f4xx_hal_tim.o
LOAD Drivers/STM32F4xx_HAL_Driver/Src/stm32f4xx_hal_rcc_ex.o
LOAD Drivers/STM32F4xx_HAL_Driver/Src/stm32f4xx_hal_rcc.o
LOAD Drivers/STM32F4xx_HAL_Driver/Src/stm32f4xx_hal_pwr_ex.o
LOAD Drivers/STM32F4xx_HAL_Driver/Src/stm32f4xx_hal_pwr.o
LOAD Drivers/STM32F4xx_HAL_Driver/Src/stm32f4xx_hal_i2c_ex.o
LOAD Drivers/STM32F4xx_HAL_Driver/Src/stm32f4xx_hal_i2c.o
LOAD Drivers/STM32F4xx_HAL_Driver/Src/stm32f4xx_hal_gpio.o
LOAD Drivers/STM32F4xx_HAL_Driver/Src/stm32f4xx_hal_flash_ramfunc.o
LOAD Drivers/STM32F4xx_HAL_Driver/Src/stm32f4xx_hal_flash_ex.o
LOAD Drivers/STM32F4xx_HAL_Driver/Src/stm32f4xx_hal_flash.o
LOAD Drivers/STM32F4xx_HAL_Driver/Src/stm32f4xx_hal_dma_ex.o
LOAD Drivers/STM32F4xx_HAL_Driver/Src/stm32f4xx_hal_dma.o
LOAD Drivers/STM32F4xx_HAL_Driver/Src/stm32f4xx_hal_cortex.o
LOAD Drivers/STM32F4xx_HAL_Driver/Src/stm32f4xx_hal_adc_ex.o
LOAD Drivers/STM32F4xx_HAL_Driver/Src/stm32f4xx_hal_adc.o
LOAD Drivers/STM32F4xx_HAL_Driver/Src/stm32f4xx_hal.o
LOAD Drivers/CMSIS/Device/ST/STM32F4xx/Source/Templates/system_stm32f4xx.o
LOAD Drivers/CMSIS/Device/ST/STM32F4xx/Source/Templates/gcc/startup_stm32f405xx.o
START GROUP
LOAD /opt/ARM/bin/../lib/gcc/arm-none-eabi/4.8.4/armv7e-m/fpu/libgcc.a
LOAD /opt/ARM/bin/../lib/gcc/arm-none-eabi/4.8.4/../../../../arm-none-eabi/lib/armv7e-m/fpu/libg.a
LOAD /opt/ARM/bin/../lib/gcc/arm-none-eabi/4.8.4/../../../../arm-none-eabi/lib/armv7e-m/fpu/libc.a
END GROUP
LOAD /opt/ARM/bin/../lib/gcc/arm-none-eabi/4.8.4/armv7e-m/fpu/crtend.o
LOAD /opt/ARM/bin/../lib/gcc/arm-none-eabi/4.8.4/armv7e-m/fpu/crtn.o
                0x2001ffff                _estack = 0x2001ffff
                0x00000000                _Min_Heap_Size = 0x0
                0x00000400                _Min_Stack_Size = 0x400

.isr_vector     0x08000000      0x188
                0x08000000                . = ALIGN (0x4)
 *(.isr_vector)
 .isr_vector    0x08000000      0x188 Drivers/CMSIS/Device/ST/STM32F4xx/Source/Templates/gcc/startup_stm32f405xx.o
                0x08000000                g_pfnVectors
                0x08000188                . = ALIGN (0x4)

.text           0x08000188     0xe558
                0x08000188                . = ALIGN (0x4)
 *(.text)
 .text          0x08000188       0x54 /opt/ARM/bin/../lib/gcc/arm-none-eabi/4.8.4/armv7e-m/fpu/crtbegin.o
 .text          0x080001dc      0x370 /opt/ARM/bin/../lib/gcc/arm-none-eabi/4.8.4/armv7e-m/fpu/libgcc.a(_arm_addsubdf3.o)
                0x080001dc                __aeabi_drsub
                0x080001e4                __aeabi_dsub
                0x080001e4                __subdf3
                0x080001e8                __adddf3
                0x080001e8                __aeabi_dadd
                0x08000460                __aeabi_ui2d
                0x08000460                __floatunsidf
                0x08000480                __floatsidf
                0x08000480                __aeabi_i2d
                0x080004a4                __extendsfdf2
                0x080004a4                __aeabi_f2d
                0x080004e0                __aeabi_ul2d
                0x080004e0                __floatundidf
                0x080004f0                __floatdidf
                0x080004f0                __aeabi_l2d
 .text          0x0800054c      0x424 /opt/ARM/bin/../lib/gcc/arm-none-eabi/4.8.4/armv7e-m/fpu/libgcc.a(_arm_muldivdf3.o)
                0x0800054c                __aeabi_dmul
                0x0800054c                __muldf3
                0x080007a0                __aeabi_ddiv
                0x080007a0                __divdf3
 .text          0x08000970       0x50 /opt/ARM/bin/../lib/gcc/arm-none-eabi/4.8.4/armv7e-m/fpu/libgcc.a(_arm_fixdfsi.o)
                0x08000970                __fixdfsi
                0x08000970                __aeabi_d2iz
 .text          0x080009c0       0x40 /opt/ARM/bin/../lib/gcc/arm-none-eabi/4.8.4/armv7e-m/fpu/libgcc.a(_arm_fixunsdfsi.o)
                0x080009c0                __fixunsdfsi
                0x080009c0                __aeabi_d2uiz
 .text          0x08000a00       0xa0 /opt/ARM/bin/../lib/gcc/arm-none-eabi/4.8.4/armv7e-m/fpu/libgcc.a(_arm_truncdfsf2.o)
                0x08000a00                __aeabi_d2f
                0x08000a00                __truncdfsf2
 .text          0x08000aa0       0x60 /opt/ARM/bin/../lib/gcc/arm-none-eabi/4.8.4/armv7e-m/fpu/libgcc.a(bpabi.o)
                0x08000aa0                __gnu_ldivmod_helper
                0x08000ad0                __gnu_uldivmod_helper
 .text          0x08000b00        0x4 /opt/ARM/bin/../lib/gcc/arm-none-eabi/4.8.4/armv7e-m/fpu/libgcc.a(_dvmd_tls.o)
                0x08000b00                __aeabi_ldiv0
                0x08000b00                __aeabi_idiv0
 .text          0x08000b04      0x298 /opt/ARM/bin/../lib/gcc/arm-none-eabi/4.8.4/armv7e-m/fpu/libgcc.a(_divdi3.o)
                0x08000b04                __divdi3
 .text          0x08000d9c      0x284 /opt/ARM/bin/../lib/gcc/arm-none-eabi/4.8.4/armv7e-m/fpu/libgcc.a(_udivdi3.o)
                0x08000d9c                __udivdi3
 .text          0x08001020      0x134 /opt/ARM/bin/../lib/gcc/arm-none-eabi/4.8.4/../../../../arm-none-eabi/lib/armv7e-m/fpu/libg.a(lib_a-memcpy.o)
                0x08001020                memcpy
 .text          0x08001154      0x110 /opt/ARM/bin/../lib/gcc/arm-none-eabi/4.8.4/armv7e-m/fpu/libgcc.a(_arm_cmpdf2.o)
                0x08001154                __gtdf2
                0x08001154                __gedf2
                0x0800115c                __ltdf2
                0x0800115c                __ledf2
                0x08001164                __cmpdf2
                0x08001164                __eqdf2
                0x08001164                __nedf2
                0x080011e0                __aeabi_cdrcmple
                0x080011f0                __aeabi_cdcmple
                0x080011f0                __aeabi_cdcmpeq
                0x08001200                __aeabi_dcmpeq
                0x08001214                __aeabi_dcmplt
                0x08001228                __aeabi_dcmple
                0x0800123c                __aeabi_dcmpge
                0x08001250                __aeabi_dcmpgt
 .text          0x08001264       0x2c /opt/ARM/bin/../lib/gcc/arm-none-eabi/4.8.4/armv7e-m/fpu/libgcc.a(_aeabi_uldivmod.o)
                0x08001264                __aeabi_uldivmod
 *(.text*)
 .text.MX_USART3_UART_Init
                0x08001290       0x48 Src/usart.o
                0x08001290                MX_USART3_UART_Init
 .text.HAL_UART_MspInit
                0x080012d8       0x54 Src/usart.o
                0x080012d8                HAL_UART_MspInit
 .text.TimesBase_Init
                0x0800132c      0x240 Src/times_base/times_base.o
                0x0800132c                TimesBase_Init
 .text.Led_Power_Blink
                0x0800156c       0x50 Src/times_base/times_base.o
                0x0800156c                Led_Power_Blink
 .text.Led_Blink_IT
                0x080015bc       0x78 Src/times_base/times_base.o
                0x080015bc                Led_Blink_IT
 .text.High_Freq_IT
                0x08001634        0xc Src/times_base/times_base.o
                0x08001634                High_Freq_IT
 .text.Low_Freq_IT
                0x08001640        0xc Src/times_base/times_base.o
                0x08001640                Low_Freq_IT
 .text.MX_TIM1_Init
                0x0800164c       0x7c Src/tim.o
                0x0800164c                MX_TIM1_Init
 .text.MX_TIM2_Init
                0x080016c8       0x5c Src/tim.o
                0x080016c8                MX_TIM2_Init
 .text.MX_TIM3_Init
                0x08001724       0x78 Src/tim.o
                0x08001724                MX_TIM3_Init
 .text.MX_TIM4_Init
                0x0800179c       0x84 Src/tim.o
                0x0800179c                MX_TIM4_Init
 .text.MX_TIM5_Init
                0x08001820       0x60 Src/tim.o
                0x08001820                MX_TIM5_Init
 .text.MX_TIM6_Init
                0x08001880       0x48 Src/tim.o
                0x08001880                MX_TIM6_Init
 .text.MX_TIM7_Init
                0x080018c8       0x48 Src/tim.o
                0x080018c8                MX_TIM7_Init
 .text.MX_TIM8_Init
                0x08001910       0xcc Src/tim.o
                0x08001910                MX_TIM8_Init
 .text.MX_TIM11_Init
                0x080019dc       0x5c Src/tim.o
                0x080019dc                MX_TIM11_Init
 .text.HAL_TIM_Encoder_MspInit
                0x08001a38       0xb4 Src/tim.o
                0x08001a38                HAL_TIM_Encoder_MspInit
 .text.HAL_TIM_Base_MspInit
                0x08001aec      0x15c Src/tim.o
                0x08001aec                HAL_TIM_Base_MspInit
 .text._sbrk    0x08001c48       0x5c Src/syscalls.o
                0x08001c48                _sbrk
 .text.DMA1_Stream6_IRQHandler
                0x08001ca4       0x10 Src/stm32f4xx_it.o
                0x08001ca4                DMA1_Stream6_IRQHandler
 .text.TIM6_DAC_IRQHandler
                0x08001cb4       0x10 Src/stm32f4xx_it.o
                0x08001cb4                TIM6_DAC_IRQHandler
 .text.SysTick_Handler
                0x08001cc4       0x10 Src/stm32f4xx_it.o
                0x08001cc4                SysTick_Handler
 .text.TIM2_IRQHandler
                0x08001cd4       0x10 Src/stm32f4xx_it.o
                0x08001cd4                TIM2_IRQHandler
 .text.DMA2_Stream0_IRQHandler
                0x08001ce4       0x10 Src/stm32f4xx_it.o
                0x08001ce4                DMA2_Stream0_IRQHandler
 .text.ADC_IRQHandler
                0x08001cf4       0x24 Src/stm32f4xx_it.o
                0x08001cf4                ADC_IRQHandler
 .text.DMA2_Stream1_IRQHandler
                0x08001d18       0x10 Src/stm32f4xx_it.o
                0x08001d18                DMA2_Stream1_IRQHandler
 .text.DMA1_Stream5_IRQHandler
                0x08001d28       0x10 Src/stm32f4xx_it.o
                0x08001d28                DMA1_Stream5_IRQHandler
 .text.TIM1_UP_TIM10_IRQHandler
                0x08001d38       0x10 Src/stm32f4xx_it.o
                0x08001d38                TIM1_UP_TIM10_IRQHandler
 .text.TIM3_IRQHandler
                0x08001d48       0x10 Src/stm32f4xx_it.o
                0x08001d48                TIM3_IRQHandler
 .text.TIM5_IRQHandler
                0x08001d58       0x10 Src/stm32f4xx_it.o
                0x08001d58                TIM5_IRQHandler
 .text.TIM4_IRQHandler
                0x08001d68       0x10 Src/stm32f4xx_it.o
                0x08001d68                TIM4_IRQHandler
 .text.RCC_IRQHandler
                0x08001d78        0xc Src/stm32f4xx_it.o
                0x08001d78                RCC_IRQHandler
 .text.HAL_MspInit
                0x08001d84       0x28 Src/stm32f4xx_hal_msp.o
                0x08001d84                HAL_MspInit
 .text.test_Beeper
                0x08001dac       0x3c Src/peripherals/tests/tests.o
                0x08001dac                test_Beeper
 .text.Telemeters_Init
                0x08001de8       0xe4 Src/peripherals/telemeters/telemeters.o
                0x08001de8                Telemeters_Init
 .text.Telemeters_IT
                0x08001ecc       0xa0 Src/peripherals/telemeters/telemeters.o
                0x08001ecc                Telemeters_IT
 .text.Telemeters_INJECTED_ADC_IT
                0x08001f6c      0x12c Src/peripherals/telemeters/telemeters.o
                0x08001f6c                Telemeters_INJECTED_ADC_IT
 .text.Init_Mulimeter
                0x08002098       0xdc Src/peripherals/multimeter/multimeter.o
                0x08002098                Init_Mulimeter
 .text.Multimeter_IT
                0x08002174       0x2c Src/peripherals/multimeter/multimeter.o
                0x08002174                Multimeter_IT
 .text.Multimeter_REGULAR_ADC_IT
                0x080021a0      0x118 Src/peripherals/multimeter/multimeter.o
                0x080021a0                Multimeter_REGULAR_ADC_IT
 .text.Debug_Mulimeter
                0x080022b8       0x94 Src/peripherals/multimeter/multimeter.o
                0x080022b8                Debug_Mulimeter
 .text.ADXRS620_Init
                0x0800234c       0xa4 Src/peripherals/gyroscope/adxrs620.o
                0x0800234c                ADXRS620_Init
 .text.ADXRS620_Calibrate
                0x080023f0       0x40 Src/peripherals/gyroscope/adxrs620.o
                0x080023f0                ADXRS620_Calibrate
 .text.Gyroscope_INJECTED_ADC_IT
                0x08002430      0x128 Src/peripherals/gyroscope/adxrs620.o
                0x08002430                Gyroscope_INJECTED_ADC_IT
 .text.Debug_ADXRS620
                0x08002558       0xa8 Src/peripherals/gyroscope/adxrs620.o
                0x08002558                Debug_ADXRS620
 .text.Expander_Led_State
                0x08002600       0x60 Src/peripherals/expander/pcf8574.o
                0x08002600                Expander_Led_State
 .text.sendData
                0x08002660       0x24 Src/peripherals/expander/pcf8574.o
 .text.getData  0x08002684       0x34 Src/peripherals/expander/pcf8574.o
 .text.ExpanderSetbit
                0x080026b8       0x64 Src/peripherals/expander/pcf8574.o
                0x080026b8                ExpanderSetbit
 .text.Encoders_Init
                0x0800271c       0xfc Src/peripherals/encoders/ie512.o
                0x0800271c                Encoders_Init
 .text.Left_Encoder_IT
                0x08002818       0x48 Src/peripherals/encoders/ie512.o
                0x08002818                Left_Encoder_IT
 .text.Right_Encoder_IT
                0x08002860       0x48 Src/peripherals/encoders/ie512.o
                0x08002860                Right_Encoder_IT
 .text.CMD      0x080028a8       0x30 Src/peripherals/display/ssd1306.o
 .text.DATA     0x080028d8       0x30 Src/peripherals/display/ssd1306.o
 .text.ssd1306DrawChar
                0x08002908      0x15c Src/peripherals/display/ssd1306.o
 .text.ssd1306Init
                0x08002a64      0x108 Src/peripherals/display/ssd1306.o
                0x08002a64                ssd1306Init
 .text.ssd1306DrawPixel
                0x08002b6c       0x60 Src/peripherals/display/ssd1306.o
                0x08002b6c                ssd1306DrawPixel
 .text.ssd1306ClearScreen
                0x08002bcc       0x18 Src/peripherals/display/ssd1306.o
                0x08002bcc                ssd1306ClearScreen
 .text.ssd1306Refresh
                0x08002be4       0x44 Src/peripherals/display/ssd1306.o
                0x08002be4                ssd1306Refresh
 .text.ssd1306DrawString
                0x08002c28       0x58 Src/peripherals/display/ssd1306.o
                0x08002c28                ssd1306DrawString
 .text.ssd1306PrintInt
                0x08002c80       0x60 Src/peripherals/display/ssd1306.o
                0x08002c80                ssd1306PrintInt
 .text.main     0x08002ce0       0xb4 Src/main.o
                0x08002ce0                main
 .text.SystemClock_Config
                0x08002d94       0x80 Src/main.o
                0x08002d94                SystemClock_Config
 .text.MX_I2C1_Init
                0x08002e14       0x54 Src/i2c.o
                0x08002e14                MX_I2C1_Init
 .text.HAL_I2C_MspInit
                0x08002e68      0x108 Src/i2c.o
                0x08002e68                HAL_I2C_MspInit
 .text.MX_GPIO_Init
                0x08002f70      0x140 Src/gpio.o
                0x08002f70                MX_GPIO_Init
 .text.arm_pid_init_f32
                0x080030b0       0x6c Src/dsp_lib/arm_pid_init_f32.o
                0x080030b0                arm_pid_init_f32
 .text.MX_DMA_Init
                0x0800311c       0x64 Src/dma.o
                0x0800311c                MX_DMA_Init
 .text.Straight_Control_Start
                0x08003180       0x7c Src/controls/straight_controls/straight_controls.o
                0x08003180                Straight_Control_Start
 .text.Pwm_Init
                0x080031fc      0x124 Src/controls/straight_controls/straight_controls.o
                0x080031fc                Pwm_Init
 .text.Pid_Init
                0x08003320       0x18 Src/controls/pid/pid.o
                0x08003320                Pid_Init
 .text.HAL_TIM_PeriodElapsedCallback
                0x08003338       0x60 Src/callback/user_it_callback.o
                0x08003338                HAL_TIM_PeriodElapsedCallback
 .text.HAL_TIM_OC_DelayElapsedCallback
                0x08003398       0x20 Src/callback/user_it_callback.o
                0x08003398                HAL_TIM_OC_DelayElapsedCallback
 .text.HAL_ADCEx_InjectedConvCpltCallback
                0x080033b8       0x30 Src/callback/user_it_callback.o
                0x080033b8                HAL_ADCEx_InjectedConvCpltCallback
 .text.HAL_ADC_ConvHalfCpltCallback
                0x080033e8       0x20 Src/callback/user_it_callback.o
                0x080033e8                HAL_ADC_ConvHalfCpltCallback
 .text.HAL_ADC_ConvCpltCallback
                0x08003408       0x14 Src/callback/user_it_callback.o
                0x08003408                HAL_ADC_ConvCpltCallback
 .text.MX_ADC1_Init
                0x0800341c       0xec Src/adc.o
                0x0800341c                MX_ADC1_Init
 .text.MX_ADC2_Init
                0x08003508       0xd4 Src/adc.o
                0x08003508                MX_ADC2_Init
 .text.MX_ADC3_Init
                0x080035dc       0x98 Src/adc.o
                0x080035dc                MX_ADC3_Init
 .text.HAL_ADC_MspInit
                0x08003674      0x1f0 Src/adc.o
                0x08003674                HAL_ADC_MspInit
 .text.HAL_UART_Init
                0x08003864       0x8c Drivers/STM32F4xx_HAL_Driver/Src/stm32f4xx_hal_uart.o
                0x08003864                HAL_UART_Init
 .text.UART_SetConfig
                0x080038f0      0x2dc Drivers/STM32F4xx_HAL_Driver/Src/stm32f4xx_hal_uart.o
 .text.HAL_TIMEx_MasterConfigSynchronization
                0x08003bcc       0x8c Drivers/STM32F4xx_HAL_Driver/Src/stm32f4xx_hal_tim_ex.o
                0x08003bcc                HAL_TIMEx_MasterConfigSynchronization
 .text.HAL_TIMEx_ConfigBreakDeadTime
                0x08003c58       0x74 Drivers/STM32F4xx_HAL_Driver/Src/stm32f4xx_hal_tim_ex.o
                0x08003c58                HAL_TIMEx_ConfigBreakDeadTime
 .text.HAL_TIMEx_CommutationCallback
                0x08003ccc       0x14 Drivers/STM32F4xx_HAL_Driver/Src/stm32f4xx_hal_tim_ex.o
                0x08003ccc                HAL_TIMEx_CommutationCallback
 .text.HAL_TIMEx_BreakCallback
                0x08003ce0       0x14 Drivers/STM32F4xx_HAL_Driver/Src/stm32f4xx_hal_tim_ex.o
                0x08003ce0                HAL_TIMEx_BreakCallback
 .text.HAL_TIM_Base_Init
                0x08003cf4       0x50 Drivers/STM32F4xx_HAL_Driver/Src/stm32f4xx_hal_tim.o
                0x08003cf4                HAL_TIM_Base_Init
 .text.HAL_TIM_Base_Start_IT
                0x08003d44       0x38 Drivers/STM32F4xx_HAL_Driver/Src/stm32f4xx_hal_tim.o
                0x08003d44                HAL_TIM_Base_Start_IT
 .text.HAL_TIM_OC_Init
                0x08003d7c       0x50 Drivers/STM32F4xx_HAL_Driver/Src/stm32f4xx_hal_tim.o
                0x08003d7c                HAL_TIM_OC_Init
 .text.HAL_TIM_OC_MspInit
                0x08003dcc       0x14 Drivers/STM32F4xx_HAL_Driver/Src/stm32f4xx_hal_tim.o
                0x08003dcc                HAL_TIM_OC_MspInit
 .text.HAL_TIM_OC_Start_IT
                0x08003de0       0xf4 Drivers/STM32F4xx_HAL_Driver/Src/stm32f4xx_hal_tim.o
                0x08003de0                HAL_TIM_OC_Start_IT
 .text.HAL_TIM_PWM_Init
                0x08003ed4       0x50 Drivers/STM32F4xx_HAL_Driver/Src/stm32f4xx_hal_tim.o
                0x08003ed4                HAL_TIM_PWM_Init
 .text.HAL_TIM_PWM_MspInit
                0x08003f24       0x14 Drivers/STM32F4xx_HAL_Driver/Src/stm32f4xx_hal_tim.o
                0x08003f24                HAL_TIM_PWM_MspInit
 .text.HAL_TIM_PWM_Start
                0x08003f38       0x68 Drivers/STM32F4xx_HAL_Driver/Src/stm32f4xx_hal_tim.o
                0x08003f38                HAL_TIM_PWM_Start
 .text.HAL_TIM_PWM_Stop
                0x08003fa0       0xb0 Drivers/STM32F4xx_HAL_Driver/Src/stm32f4xx_hal_tim.o
                0x08003fa0                HAL_TIM_PWM_Stop
 .text.HAL_TIM_Encoder_Init
                0x08004050      0x124 Drivers/STM32F4xx_HAL_Driver/Src/stm32f4xx_hal_tim.o
                0x08004050                HAL_TIM_Encoder_Init
 .text.HAL_TIM_Encoder_Start
                0x08004174       0x70 Drivers/STM32F4xx_HAL_Driver/Src/stm32f4xx_hal_tim.o
                0x08004174                HAL_TIM_Encoder_Start
 .text.HAL_TIM_IRQHandler
                0x080041e4      0x210 Drivers/STM32F4xx_HAL_Driver/Src/stm32f4xx_hal_tim.o
                0x080041e4                HAL_TIM_IRQHandler
 .text.HAL_TIM_OC_ConfigChannel
                0x080043f4       0xc0 Drivers/STM32F4xx_HAL_Driver/Src/stm32f4xx_hal_tim.o
                0x080043f4                HAL_TIM_OC_ConfigChannel
 .text.HAL_TIM_PWM_ConfigChannel
                0x080044b4      0x18c Drivers/STM32F4xx_HAL_Driver/Src/stm32f4xx_hal_tim.o
                0x080044b4                HAL_TIM_PWM_ConfigChannel
 .text.HAL_TIM_ConfigClockSource
                0x08004640      0x1c4 Drivers/STM32F4xx_HAL_Driver/Src/stm32f4xx_hal_tim.o
                0x08004640                HAL_TIM_ConfigClockSource
 .text.HAL_TIM_IC_CaptureCallback
                0x08004804       0x14 Drivers/STM32F4xx_HAL_Driver/Src/stm32f4xx_hal_tim.o
                0x08004804                HAL_TIM_IC_CaptureCallback
 .text.HAL_TIM_PWM_PulseFinishedCallback
                0x08004818       0x14 Drivers/STM32F4xx_HAL_Driver/Src/stm32f4xx_hal_tim.o
                0x08004818                HAL_TIM_PWM_PulseFinishedCallback
 .text.HAL_TIM_TriggerCallback
                0x0800482c       0x14 Drivers/STM32F4xx_HAL_Driver/Src/stm32f4xx_hal_tim.o
                0x0800482c                HAL_TIM_TriggerCallback
 .text.TIM_Base_SetConfig
                0x08004840      0x150 Drivers/STM32F4xx_HAL_Driver/Src/stm32f4xx_hal_tim.o
                0x08004840                TIM_Base_SetConfig
 .text.TIM_OC1_SetConfig
                0x08004990       0xe4 Drivers/STM32F4xx_HAL_Driver/Src/stm32f4xx_hal_tim.o
 .text.TIM_OC2_SetConfig
                0x08004a74       0xf0 Drivers/STM32F4xx_HAL_Driver/Src/stm32f4xx_hal_tim.o
                0x08004a74                TIM_OC2_SetConfig
 .text.TIM_OC3_SetConfig
                0x08004b64       0xec Drivers/STM32F4xx_HAL_Driver/Src/stm32f4xx_hal_tim.o
 .text.TIM_OC4_SetConfig
                0x08004c50       0xc0 Drivers/STM32F4xx_HAL_Driver/Src/stm32f4xx_hal_tim.o
 .text.TIM_TI1_ConfigInputStage
                0x08004d10       0x64 Drivers/STM32F4xx_HAL_Driver/Src/stm32f4xx_hal_tim.o
 .text.TIM_TI2_ConfigInputStage
                0x08004d74       0x68 Drivers/STM32F4xx_HAL_Driver/Src/stm32f4xx_hal_tim.o
 .text.TIM_ITRx_SetConfig
                0x08004ddc       0x3c Drivers/STM32F4xx_HAL_Driver/Src/stm32f4xx_hal_tim.o
 .text.TIM_ETR_SetConfig
                0x08004e18       0x44 Drivers/STM32F4xx_HAL_Driver/Src/stm32f4xx_hal_tim.o
 .text.TIM_CCxChannelCmd
                0x08004e5c       0x44 Drivers/STM32F4xx_HAL_Driver/Src/stm32f4xx_hal_tim.o
                0x08004e5c                TIM_CCxChannelCmd
 .text.HAL_RCC_OscConfig
                0x08004ea0      0x4b8 Drivers/STM32F4xx_HAL_Driver/Src/stm32f4xx_hal_rcc.o
                0x08004ea0                HAL_RCC_OscConfig
 .text.HAL_RCC_ClockConfig
                0x08005358      0x2b8 Drivers/STM32F4xx_HAL_Driver/Src/stm32f4xx_hal_rcc.o
                0x08005358                HAL_RCC_ClockConfig
 .text.HAL_RCC_EnableCSS
                0x08005610       0x18 Drivers/STM32F4xx_HAL_Driver/Src/stm32f4xx_hal_rcc.o
                0x08005610                HAL_RCC_EnableCSS
 .text.HAL_RCC_GetSysClockFreq
                0x08005628      0x138 Drivers/STM32F4xx_HAL_Driver/Src/stm32f4xx_hal_rcc.o
                0x08005628                HAL_RCC_GetSysClockFreq
 .text.HAL_RCC_GetHCLKFreq
                0x08005760       0x58 Drivers/STM32F4xx_HAL_Driver/Src/stm32f4xx_hal_rcc.o
                0x08005760                HAL_RCC_GetHCLKFreq
 .text.HAL_RCC_GetPCLK1Freq
                0x080057b8       0x50 Drivers/STM32F4xx_HAL_Driver/Src/stm32f4xx_hal_rcc.o
                0x080057b8                HAL_RCC_GetPCLK1Freq
 .text.HAL_RCC_GetPCLK2Freq
                0x08005808       0x50 Drivers/STM32F4xx_HAL_Driver/Src/stm32f4xx_hal_rcc.o
                0x08005808                HAL_RCC_GetPCLK2Freq
 .text.HAL_I2C_Init
                0x08005858      0x1ac Drivers/STM32F4xx_HAL_Driver/Src/stm32f4xx_hal_i2c.o
                0x08005858                HAL_I2C_Init
 .text.HAL_I2C_Master_Transmit_DMA
                0x08005a04      0x10c Drivers/STM32F4xx_HAL_Driver/Src/stm32f4xx_hal_i2c.o
                0x08005a04                HAL_I2C_Master_Transmit_DMA
 .text.HAL_I2C_Master_Receive_DMA
                0x08005b10      0x134 Drivers/STM32F4xx_HAL_Driver/Src/stm32f4xx_hal_i2c.o
                0x08005b10                HAL_I2C_Master_Receive_DMA
 .text.HAL_I2C_MasterTxCpltCallback
                0x08005c44       0x14 Drivers/STM32F4xx_HAL_Driver/Src/stm32f4xx_hal_i2c.o
                0x08005c44                HAL_I2C_MasterTxCpltCallback
 .text.HAL_I2C_MasterRxCpltCallback
                0x08005c58       0x14 Drivers/STM32F4xx_HAL_Driver/Src/stm32f4xx_hal_i2c.o
                0x08005c58                HAL_I2C_MasterRxCpltCallback
 .text.HAL_I2C_ErrorCallback
                0x08005c6c       0x14 Drivers/STM32F4xx_HAL_Driver/Src/stm32f4xx_hal_i2c.o
                0x08005c6c                HAL_I2C_ErrorCallback
 .text.HAL_I2C_GetState
                0x08005c80       0x1c Drivers/STM32F4xx_HAL_Driver/Src/stm32f4xx_hal_i2c.o
                0x08005c80                HAL_I2C_GetState
 .text.I2C_MasterRequestWrite
                0x08005c9c       0xcc Drivers/STM32F4xx_HAL_Driver/Src/stm32f4xx_hal_i2c.o
 .text.I2C_MasterRequestRead
                0x08005d68      0x14c Drivers/STM32F4xx_HAL_Driver/Src/stm32f4xx_hal_i2c.o
 .text.I2C_DMAMasterTransmitCplt
                0x08005eb4       0xb0 Drivers/STM32F4xx_HAL_Driver/Src/stm32f4xx_hal_i2c.o
 .text.I2C_DMAMasterReceiveCplt
                0x08005f64       0xa8 Drivers/STM32F4xx_HAL_Driver/Src/stm32f4xx_hal_i2c.o
 .text.I2C_DMAError
                0x0800600c       0x4c Drivers/STM32F4xx_HAL_Driver/Src/stm32f4xx_hal_i2c.o
 .text.I2C_WaitOnFlagUntilTimeout
                0x08006058      0x114 Drivers/STM32F4xx_HAL_Driver/Src/stm32f4xx_hal_i2c.o
 .text.I2C_WaitOnMasterAddressFlagUntilTimeout
                0x0800616c       0xd8 Drivers/STM32F4xx_HAL_Driver/Src/stm32f4xx_hal_i2c.o
 .text.HAL_GPIO_Init
                0x08006244      0x344 Drivers/STM32F4xx_HAL_Driver/Src/stm32f4xx_hal_gpio.o
                0x08006244                HAL_GPIO_Init
 .text.HAL_GPIO_WritePin
                0x08006588       0x30 Drivers/STM32F4xx_HAL_Driver/Src/stm32f4xx_hal_gpio.o
                0x08006588                HAL_GPIO_WritePin
 .text.HAL_DMA_Init
                0x080065b8       0xd8 Drivers/STM32F4xx_HAL_Driver/Src/stm32f4xx_hal_dma.o
                0x080065b8                HAL_DMA_Init
 .text.HAL_DMA_Start_IT
                0x08006690       0xb4 Drivers/STM32F4xx_HAL_Driver/Src/stm32f4xx_hal_dma.o
                0x08006690                HAL_DMA_Start_IT
 .text.HAL_DMA_IRQHandler
                0x08006744     0x333c Drivers/STM32F4xx_HAL_Driver/Src/stm32f4xx_hal_dma.o
                0x08006744                HAL_DMA_IRQHandler
 .text.DMA_SetConfig
                0x08009a80       0x4c Drivers/STM32F4xx_HAL_Driver/Src/stm32f4xx_hal_dma.o
 .text.NVIC_SetPriorityGrouping
                0x08009acc       0x48 Drivers/STM32F4xx_HAL_Driver/Src/stm32f4xx_hal_cortex.o
 .text.NVIC_GetPriorityGrouping
                0x08009b14       0x1c Drivers/STM32F4xx_HAL_Driver/Src/stm32f4xx_hal_cortex.o
 .text.NVIC_EnableIRQ
                0x08009b30       0x30 Drivers/STM32F4xx_HAL_Driver/Src/stm32f4xx_hal_cortex.o
 .text.NVIC_SetPriority
                0x08009b60       0x54 Drivers/STM32F4xx_HAL_Driver/Src/stm32f4xx_hal_cortex.o
 .text.NVIC_EncodePriority
                0x08009bb4       0x68 Drivers/STM32F4xx_HAL_Driver/Src/stm32f4xx_hal_cortex.o
 .text.SysTick_Config
                0x08009c1c       0x44 Drivers/STM32F4xx_HAL_Driver/Src/stm32f4xx_hal_cortex.o
 .text.HAL_NVIC_SetPriorityGrouping
                0x08009c60       0x14 Drivers/STM32F4xx_HAL_Driver/Src/stm32f4xx_hal_cortex.o
                0x08009c60                HAL_NVIC_SetPriorityGrouping
 .text.HAL_NVIC_SetPriority
                0x08009c74       0x38 Drivers/STM32F4xx_HAL_Driver/Src/stm32f4xx_hal_cortex.o
                0x08009c74                HAL_NVIC_SetPriority
 .text.HAL_NVIC_EnableIRQ
                0x08009cac       0x1c Drivers/STM32F4xx_HAL_Driver/Src/stm32f4xx_hal_cortex.o
                0x08009cac                HAL_NVIC_EnableIRQ
 .text.HAL_SYSTICK_Config
                0x08009cc8       0x18 Drivers/STM32F4xx_HAL_Driver/Src/stm32f4xx_hal_cortex.o
                0x08009cc8                HAL_SYSTICK_Config
 .text.HAL_SYSTICK_IRQHandler
                0x08009ce0        0xc Drivers/STM32F4xx_HAL_Driver/Src/stm32f4xx_hal_cortex.o
                0x08009ce0                HAL_SYSTICK_IRQHandler
 .text.HAL_SYSTICK_Callback
                0x08009cec        0xc Drivers/STM32F4xx_HAL_Driver/Src/stm32f4xx_hal_cortex.o
                0x08009cec                HAL_SYSTICK_Callback
 .text.HAL_ADCEx_InjectedStart_IT
                0x08009cf8      0x164 Drivers/STM32F4xx_HAL_Driver/Src/stm32f4xx_hal_adc_ex.o
                0x08009cf8                HAL_ADCEx_InjectedStart_IT
 .text.HAL_ADCEx_InjectedGetValue
                0x08009e5c       0x70 Drivers/STM32F4xx_HAL_Driver/Src/stm32f4xx_hal_adc_ex.o
                0x08009e5c                HAL_ADCEx_InjectedGetValue
 .text.HAL_ADCEx_InjectedConfigChannel
                0x08009ecc      0x2e0 Drivers/STM32F4xx_HAL_Driver/Src/stm32f4xx_hal_adc_ex.o
                0x08009ecc                HAL_ADCEx_InjectedConfigChannel
 .text.HAL_ADC_Init
                0x0800a1ac       0x54 Drivers/STM32F4xx_HAL_Driver/Src/stm32f4xx_hal_adc.o
                0x0800a1ac                HAL_ADC_Init
 .text.HAL_ADC_IRQHandler
                0x0800a200      0x25c Drivers/STM32F4xx_HAL_Driver/Src/stm32f4xx_hal_adc.o
                0x0800a200                HAL_ADC_IRQHandler
 .text.HAL_ADC_Start_DMA
                0x0800a45c       0xe8 Drivers/STM32F4xx_HAL_Driver/Src/stm32f4xx_hal_adc.o
                0x0800a45c                HAL_ADC_Start_DMA
 .text.HAL_ADC_LevelOutOfWindowCallback
                0x0800a544       0x14 Drivers/STM32F4xx_HAL_Driver/Src/stm32f4xx_hal_adc.o
                0x0800a544                HAL_ADC_LevelOutOfWindowCallback
 .text.HAL_ADC_ErrorCallback
                0x0800a558       0x14 Drivers/STM32F4xx_HAL_Driver/Src/stm32f4xx_hal_adc.o
                0x0800a558                HAL_ADC_ErrorCallback
 .text.HAL_ADC_ConfigChannel
                0x0800a56c      0x1f0 Drivers/STM32F4xx_HAL_Driver/Src/stm32f4xx_hal_adc.o
                0x0800a56c                HAL_ADC_ConfigChannel
 .text.ADC_Init
                0x0800a75c      0x1c0 Drivers/STM32F4xx_HAL_Driver/Src/stm32f4xx_hal_adc.o
 .text.ADC_DMAConvCplt
                0x0800a91c       0x38 Drivers/STM32F4xx_HAL_Driver/Src/stm32f4xx_hal_adc.o
 .text.ADC_DMAHalfConvCplt
                0x0800a954       0x1c Drivers/STM32F4xx_HAL_Driver/Src/stm32f4xx_hal_adc.o
 .text.ADC_DMAError
                0x0800a970       0x30 Drivers/STM32F4xx_HAL_Driver/Src/stm32f4xx_hal_adc.o
 .text.HAL_Init
                0x0800a9a0       0x44 Drivers/STM32F4xx_HAL_Driver/Src/stm32f4xx_hal.o
                0x0800a9a0                HAL_Init
 .text.HAL_InitTick
                0x0800a9e4       0x38 Drivers/STM32F4xx_HAL_Driver/Src/stm32f4xx_hal.o
                0x0800a9e4                HAL_InitTick
 .text.HAL_IncTick
                0x0800aa1c       0x1c Drivers/STM32F4xx_HAL_Driver/Src/stm32f4xx_hal.o
                0x0800aa1c                HAL_IncTick
 .text.HAL_GetTick
                0x0800aa38       0x18 Drivers/STM32F4xx_HAL_Driver/Src/stm32f4xx_hal.o
                0x0800aa38                HAL_GetTick
 .text.HAL_Delay
                0x0800aa50       0x2c Drivers/STM32F4xx_HAL_Driver/Src/stm32f4xx_hal.o
                0x0800aa50                HAL_Delay
 .text.SystemInit
                0x0800aa7c       0x6c Drivers/CMSIS/Device/ST/STM32F4xx/Source/Templates/system_stm32f4xx.o
                0x0800aa7c                SystemInit
 .text.Reset_Handler
                0x0800aae8       0x58 Drivers/CMSIS/Device/ST/STM32F4xx/Source/Templates/gcc/startup_stm32f405xx.o
                0x0800aae8                Reset_Handler
 .text.Default_Handler
                0x0800ab40        0x4 Drivers/CMSIS/Device/ST/STM32F4xx/Source/Templates/gcc/startup_stm32f405xx.o
                0x0800ab40                RTC_Alarm_IRQHandler
                0x0800ab40                HASH_RNG_IRQHandler
                0x0800ab40                EXTI2_IRQHandler
                0x0800ab40                TIM8_CC_IRQHandler
                0x0800ab40                DebugMon_Handler
                0x0800ab40                TIM1_CC_IRQHandler
                0x0800ab40                DMA2_Stream5_IRQHandler
                0x0800ab40                HardFault_Handler
                0x0800ab40                PVD_IRQHandler
                0x0800ab40                SDIO_IRQHandler
                0x0800ab40                TAMP_STAMP_IRQHandler
                0x0800ab40                PendSV_Handler
                0x0800ab40                NMI_Handler
                0x0800ab40                CAN2_RX1_IRQHandler
                0x0800ab40                EXTI3_IRQHandler
                0x0800ab40                TIM8_TRG_COM_TIM14_IRQHandler
                0x0800ab40                TIM8_UP_TIM13_IRQHandler
                0x0800ab40                I2C3_ER_IRQHandler
                0x0800ab40                EXTI0_IRQHandler
                0x0800ab40                I2C2_EV_IRQHandler
                0x0800ab40                DMA1_Stream2_IRQHandler
                0x0800ab40                CAN1_RX0_IRQHandler
                0x0800ab40                FPU_IRQHandler
                0x0800ab40                OTG_HS_WKUP_IRQHandler
                0x0800ab40                UsageFault_Handler
                0x0800ab40                CAN2_SCE_IRQHandler
                0x0800ab40                DMA2_Stream2_IRQHandler
                0x0800ab40                SPI1_IRQHandler
                0x0800ab40                TIM1_BRK_TIM9_IRQHandler
                0x0800ab40                CAN2_RX0_IRQHandler
                0x0800ab40                DMA2_Stream3_IRQHandler
                0x0800ab40                USART6_IRQHandler
                0x0800ab40                USART3_IRQHandler
                0x0800ab40                CAN1_RX1_IRQHandler
                0x0800ab40                UART5_IRQHandler
                0x0800ab40                I2C1_EV_IRQHandler
                0x0800ab40                DMA1_Stream1_IRQHandler
                0x0800ab40                UART4_IRQHandler
                0x0800ab40                TIM8_BRK_TIM12_IRQHandler
                0x0800ab40                Default_Handler
                0x0800ab40                EXTI15_10_IRQHandler
                0x0800ab40                DMA1_Stream7_IRQHandler
                0x0800ab40                TIM7_IRQHandler
                0x0800ab40                CAN2_TX_IRQHandler
                0x0800ab40                DMA2_Stream7_IRQHandler
                0x0800ab40                I2C3_EV_IRQHandler
                0x0800ab40                EXTI9_5_IRQHandler
                0x0800ab40                RTC_WKUP_IRQHandler
                0x0800ab40                SPI2_IRQHandler
                0x0800ab40                OTG_HS_EP1_IN_IRQHandler
                0x0800ab40                MemManage_Handler
                0x0800ab40                DMA1_Stream0_IRQHandler
                0x0800ab40                CAN1_TX_IRQHandler
                0x0800ab40                SVC_Handler
                0x0800ab40                EXTI4_IRQHandler
                0x0800ab40                FSMC_IRQHandler
                0x0800ab40                OTG_HS_EP1_OUT_IRQHandler
                0x0800ab40                WWDG_IRQHandler
                0x0800ab40                OTG_FS_WKUP_IRQHandler
                0x0800ab40                TIM1_TRG_COM_TIM11_IRQHandler
                0x0800ab40                OTG_HS_IRQHandler
                0x0800ab40                EXTI1_IRQHandler
                0x0800ab40                USART2_IRQHandler
                0x0800ab40                I2C2_ER_IRQHandler
                0x0800ab40                CAN1_SCE_IRQHandler
                0x0800ab40                FLASH_IRQHandler
                0x0800ab40                DMA2_Stream4_IRQHandler
                0x0800ab40                BusFault_Handler
                0x0800ab40                USART1_IRQHandler
                0x0800ab40                OTG_FS_IRQHandler
                0x0800ab40                SPI3_IRQHandler
                0x0800ab40                DMA1_Stream4_IRQHandler
                0x0800ab40                I2C1_ER_IRQHandler
                0x0800ab40                DMA2_Stream6_IRQHandler
                0x0800ab40                DMA1_Stream3_IRQHandler
 .text.__libc_init_array
                0x0800ab44       0x50 /opt/ARM/bin/../lib/gcc/arm-none-eabi/4.8.4/../../../../arm-none-eabi/lib/armv7e-m/fpu/libg.a(lib_a-init.o)
                0x0800ab44                __libc_init_array
 .text.memset   0x0800ab94       0x94 /opt/ARM/bin/../lib/gcc/arm-none-eabi/4.8.4/../../../../arm-none-eabi/lib/armv7e-m/fpu/libg.a(lib_a-memset.o)
                0x0800ab94                memset
 .text.sprintf  0x0800ac28       0x4c /opt/ARM/bin/../lib/gcc/arm-none-eabi/4.8.4/../../../../arm-none-eabi/lib/armv7e-m/fpu/libg.a(lib_a-sprintf.o)
                0x0800ac28                sprintf
 .text.strlen   0x0800ac74       0x60 /opt/ARM/bin/../lib/gcc/arm-none-eabi/4.8.4/../../../../arm-none-eabi/lib/armv7e-m/fpu/libg.a(lib_a-strlen.o)
                0x0800ac74                strlen
 *fill*         0x0800acd4        0x4 
 .text._svfprintf_r
                0x0800acd8     0x14f0 /opt/ARM/bin/../lib/gcc/arm-none-eabi/4.8.4/../../../../arm-none-eabi/lib/armv7e-m/fpu/libg.a(lib_a-svfprintf.o)
                0x0800acd8                _svfprintf_r
 .text.startup.register_fini
                0x0800c1c8       0x14 /opt/ARM/bin/../lib/gcc/arm-none-eabi/4.8.4/../../../../arm-none-eabi/lib/armv7e-m/fpu/libg.a(lib_a-__call_atexit.o)
 .text.atexit   0x0800c1dc        0xc /opt/ARM/bin/../lib/gcc/arm-none-eabi/4.8.4/../../../../arm-none-eabi/lib/armv7e-m/fpu/libg.a(lib_a-atexit.o)
                0x0800c1dc                atexit
 .text.quorem   0x0800c1e8      0x130 /opt/ARM/bin/../lib/gcc/arm-none-eabi/4.8.4/../../../../arm-none-eabi/lib/armv7e-m/fpu/libg.a(lib_a-dtoa.o)
 .text._dtoa_r  0x0800c318      0xe58 /opt/ARM/bin/../lib/gcc/arm-none-eabi/4.8.4/../../../../arm-none-eabi/lib/armv7e-m/fpu/libg.a(lib_a-dtoa.o)
                0x0800c318                _dtoa_r
 .text.__libc_fini_array
                0x0800d170       0x30 /opt/ARM/bin/../lib/gcc/arm-none-eabi/4.8.4/../../../../arm-none-eabi/lib/armv7e-m/fpu/libg.a(lib_a-fini.o)
                0x0800d170                __libc_fini_array
 .text._malloc_trim_r
                0x0800d1a0       0x9c /opt/ARM/bin/../lib/gcc/arm-none-eabi/4.8.4/../../../../arm-none-eabi/lib/armv7e-m/fpu/libg.a(lib_a-freer.o)
                0x0800d1a0                _malloc_trim_r
 .text._free_r  0x0800d23c      0x19c /opt/ARM/bin/../lib/gcc/arm-none-eabi/4.8.4/../../../../arm-none-eabi/lib/armv7e-m/fpu/libg.a(lib_a-freer.o)
                0x0800d23c                _free_r
 .text._localeconv_r
                0x0800d3d8        0x8 /opt/ARM/bin/../lib/gcc/arm-none-eabi/4.8.4/../../../../arm-none-eabi/lib/armv7e-m/fpu/libg.a(lib_a-locale.o)
                0x0800d3d8                _localeconv_r
 .text._malloc_r
                0x0800d3e0      0x538 /opt/ARM/bin/../lib/gcc/arm-none-eabi/4.8.4/../../../../arm-none-eabi/lib/armv7e-m/fpu/libg.a(lib_a-mallocr.o)
                0x0800d3e0                _malloc_r
 .text.memchr   0x0800d918       0x90 /opt/ARM/bin/../lib/gcc/arm-none-eabi/4.8.4/../../../../arm-none-eabi/lib/armv7e-m/fpu/libg.a(lib_a-memchr-stub.o)
                0x0800d918                memchr
 .text.__malloc_lock
                0x0800d9a8        0x4 /opt/ARM/bin/../lib/gcc/arm-none-eabi/4.8.4/../../../../arm-none-eabi/lib/armv7e-m/fpu/libg.a(lib_a-mlock.o)
                0x0800d9a8                __malloc_lock
 .text.__malloc_unlock
                0x0800d9ac        0x4 /opt/ARM/bin/../lib/gcc/arm-none-eabi/4.8.4/../../../../arm-none-eabi/lib/armv7e-m/fpu/libg.a(lib_a-mlock.o)
                0x0800d9ac                __malloc_unlock
 .text._Balloc  0x0800d9b0       0x4c /opt/ARM/bin/../lib/gcc/arm-none-eabi/4.8.4/../../../../arm-none-eabi/lib/armv7e-m/fpu/libg.a(lib_a-mprec.o)
                0x0800d9b0                _Balloc
 .text._Bfree   0x0800d9fc       0x14 /opt/ARM/bin/../lib/gcc/arm-none-eabi/4.8.4/../../../../arm-none-eabi/lib/armv7e-m/fpu/libg.a(lib_a-mprec.o)
                0x0800d9fc                _Bfree
 .text.__multadd
                0x0800da10       0x98 /opt/ARM/bin/../lib/gcc/arm-none-eabi/4.8.4/../../../../arm-none-eabi/lib/armv7e-m/fpu/libg.a(lib_a-mprec.o)
                0x0800da10                __multadd
 .text.__hi0bits
                0x0800daa8       0x40 /opt/ARM/bin/../lib/gcc/arm-none-eabi/4.8.4/../../../../arm-none-eabi/lib/armv7e-m/fpu/libg.a(lib_a-mprec.o)
                0x0800daa8                __hi0bits
 .text.__lo0bits
                0x0800dae8       0x5c /opt/ARM/bin/../lib/gcc/arm-none-eabi/4.8.4/../../../../arm-none-eabi/lib/armv7e-m/fpu/libg.a(lib_a-mprec.o)
                0x0800dae8                __lo0bits
 .text.__i2b    0x0800db44       0x14 /opt/ARM/bin/../lib/gcc/arm-none-eabi/4.8.4/../../../../arm-none-eabi/lib/armv7e-m/fpu/libg.a(lib_a-mprec.o)
                0x0800db44                __i2b
 .text.__multiply
                0x0800db58      0x13c /opt/ARM/bin/../lib/gcc/arm-none-eabi/4.8.4/../../../../arm-none-eabi/lib/armv7e-m/fpu/libg.a(lib_a-mprec.o)
                0x0800db58                __multiply
 .text.__pow5mult
                0x0800dc94       0x9c /opt/ARM/bin/../lib/gcc/arm-none-eabi/4.8.4/../../../../arm-none-eabi/lib/armv7e-m/fpu/libg.a(lib_a-mprec.o)
                0x0800dc94                __pow5mult
 .text.__lshift
                0x0800dd30       0xbc /opt/ARM/bin/../lib/gcc/arm-none-eabi/4.8.4/../../../../arm-none-eabi/lib/armv7e-m/fpu/libg.a(lib_a-mprec.o)
                0x0800dd30                __lshift
 .text.__mcmp   0x0800ddec       0x48 /opt/ARM/bin/../lib/gcc/arm-none-eabi/4.8.4/../../../../arm-none-eabi/lib/armv7e-m/fpu/libg.a(lib_a-mprec.o)
                0x0800ddec                __mcmp
 .text.__mdiff  0x0800de34       0xd4 /opt/ARM/bin/../lib/gcc/arm-none-eabi/4.8.4/../../../../arm-none-eabi/lib/armv7e-m/fpu/libg.a(lib_a-mprec.o)
                0x0800de34                __mdiff
 .text.__d2b    0x0800df08       0xb4 /opt/ARM/bin/../lib/gcc/arm-none-eabi/4.8.4/../../../../arm-none-eabi/lib/armv7e-m/fpu/libg.a(lib_a-mprec.o)
                0x0800df08                __d2b
 .text.__fpclassifyd
                0x0800dfbc       0x54 /opt/ARM/bin/../lib/gcc/arm-none-eabi/4.8.4/../../../../arm-none-eabi/lib/armv7e-m/fpu/libg.a(lib_a-s_fpclassify.o)
                0x0800dfbc                __fpclassifyd
 .text._sbrk_r  0x0800e010       0x24 /opt/ARM/bin/../lib/gcc/arm-none-eabi/4.8.4/../../../../arm-none-eabi/lib/armv7e-m/fpu/libg.a(lib_a-sbrkr.o)
                0x0800e010                _sbrk_r
 .text.__ssprint_r
                0x0800e034      0x100 /opt/ARM/bin/../lib/gcc/arm-none-eabi/4.8.4/../../../../arm-none-eabi/lib/armv7e-m/fpu/libg.a(lib_a-svfiprintf.o)
                0x0800e034                __ssprint_r
 .text.__register_exitproc
                0x0800e134       0xa8 /opt/ARM/bin/../lib/gcc/arm-none-eabi/4.8.4/../../../../arm-none-eabi/lib/armv7e-m/fpu/libg.a(lib_a-__atexit.o)
                0x0800e134                __register_exitproc
 .text._calloc_r
                0x0800e1dc       0x60 /opt/ARM/bin/../lib/gcc/arm-none-eabi/4.8.4/../../../../arm-none-eabi/lib/armv7e-m/fpu/libg.a(lib_a-callocr.o)
                0x0800e1dc                _calloc_r
 .text.memmove  0x0800e23c       0xc0 /opt/ARM/bin/../lib/gcc/arm-none-eabi/4.8.4/../../../../arm-none-eabi/lib/armv7e-m/fpu/libg.a(lib_a-memmove.o)
                0x0800e23c                memmove
 .text._realloc_r
                0x0800e2fc      0x3cc /opt/ARM/bin/../lib/gcc/arm-none-eabi/4.8.4/../../../../arm-none-eabi/lib/armv7e-m/fpu/libg.a(lib_a-reallocr.o)
                0x0800e2fc                _realloc_r
 *(.glue_7)
 .glue_7        0x00000000        0x0 linker stubs
 *(.glue_7t)
 .glue_7t       0x00000000        0x0 linker stubs
 *(.eh_frame)
 .eh_frame      0x0800e6c8        0x0 /opt/ARM/bin/../lib/gcc/arm-none-eabi/4.8.4/armv7e-m/fpu/crtbegin.o
 *(.init)
 .init          0x0800e6c8        0x4 /opt/ARM/bin/../lib/gcc/arm-none-eabi/4.8.4/armv7e-m/fpu/crti.o
                0x0800e6c8                _init
 .init          0x0800e6cc        0x8 /opt/ARM/bin/../lib/gcc/arm-none-eabi/4.8.4/armv7e-m/fpu/crtn.o
 *(.fini)
 .fini          0x0800e6d4        0x4 /opt/ARM/bin/../lib/gcc/arm-none-eabi/4.8.4/armv7e-m/fpu/crti.o
                0x0800e6d4                _fini
 .fini          0x0800e6d8        0x8 /opt/ARM/bin/../lib/gcc/arm-none-eabi/4.8.4/armv7e-m/fpu/crtn.o
                0x0800e6e0                . = ALIGN (0x4)
                0x0800e6e0                _etext = .

.vfp11_veneer   0x0800e6e0        0x0
 .vfp11_veneer  0x00000000        0x0 linker stubs

.v4_bx          0x0800e6e0        0x0
 .v4_bx         0x00000000        0x0 linker stubs

.iplt           0x0800e6e0        0x0
 .iplt          0x00000000        0x0 /opt/ARM/bin/../lib/gcc/arm-none-eabi/4.8.4/armv7e-m/fpu/crtbegin.o

.rodata         0x0800e6e0      0x404
                0x0800e6e0                . = ALIGN (0x4)
 *(.rodata)
 .rodata        0x0800e6e0       0x4c Src/peripherals/multimeter/multimeter.o
 .rodata        0x0800e72c       0x28 Src/peripherals/gyroscope/adxrs620.o
 .rodata        0x0800e754        0xc Src/peripherals/display/ssd1306.o
 *(.rodata*)
 .rodata.Font_5x8
                0x0800e760        0x8 Src/peripherals/display/smallfonts.o
                0x0800e760                Font_5x8
 .rodata.au8Font5x8
                0x0800e768      0x1e8 Src/peripherals/display/smallfonts.o
                0x0800e768                au8Font5x8
 .rodata.APBAHBPrescTable
                0x0800e950       0x10 Drivers/STM32F4xx_HAL_Driver/Src/stm32f4xx_hal_rcc.o
                0x0800e950                APBAHBPrescTable
 .rodata.str1.4
                0x0800e960        0x2 /opt/ARM/bin/../lib/gcc/arm-none-eabi/4.8.4/../../../../arm-none-eabi/lib/armv7e-m/fpu/libg.a(lib_a-impure.o)
                                  0x4 (size before relaxing)
 *fill*         0x0800e962        0x2 
 .rodata._global_impure_ptr
                0x0800e964        0x4 /opt/ARM/bin/../lib/gcc/arm-none-eabi/4.8.4/../../../../arm-none-eabi/lib/armv7e-m/fpu/libg.a(lib_a-impure.o)
                0x0800e964                _global_impure_ptr
 .rodata.zeroes.6763
                0x0800e968       0x10 /opt/ARM/bin/../lib/gcc/arm-none-eabi/4.8.4/../../../../arm-none-eabi/lib/armv7e-m/fpu/libg.a(lib_a-svfprintf.o)
 .rodata.str1.4
                0x0800e978       0x42 /opt/ARM/bin/../lib/gcc/arm-none-eabi/4.8.4/../../../../arm-none-eabi/lib/armv7e-m/fpu/libg.a(lib_a-svfprintf.o)
                                 0x44 (size before relaxing)
 *fill*         0x0800e9ba        0x2 
 .rodata.blanks.6762
                0x0800e9bc       0x10 /opt/ARM/bin/../lib/gcc/arm-none-eabi/4.8.4/../../../../arm-none-eabi/lib/armv7e-m/fpu/libg.a(lib_a-svfprintf.o)
 .rodata.str1.4
                0x0800e9cc       0x10 /opt/ARM/bin/../lib/gcc/arm-none-eabi/4.8.4/../../../../arm-none-eabi/lib/armv7e-m/fpu/libg.a(lib_a-dtoa.o)
                                 0x14 (size before relaxing)
 .rodata.str1.4
                0x0800e9dc        0xc /opt/ARM/bin/../lib/gcc/arm-none-eabi/4.8.4/../../../../arm-none-eabi/lib/armv7e-m/fpu/libg.a(lib_a-locale.o)
                                 0x14 (size before relaxing)
 .rodata.__mprec_tens
                0x0800e9e8       0xc8 /opt/ARM/bin/../lib/gcc/arm-none-eabi/4.8.4/../../../../arm-none-eabi/lib/armv7e-m/fpu/libg.a(lib_a-mprec.o)
                0x0800e9e8                __mprec_tens
 .rodata.__mprec_bigtens
                0x0800eab0       0x28 /opt/ARM/bin/../lib/gcc/arm-none-eabi/4.8.4/../../../../arm-none-eabi/lib/armv7e-m/fpu/libg.a(lib_a-mprec.o)
                0x0800eab0                __mprec_bigtens
 .rodata.p05.5269
                0x0800ead8        0xc /opt/ARM/bin/../lib/gcc/arm-none-eabi/4.8.4/../../../../arm-none-eabi/lib/armv7e-m/fpu/libg.a(lib_a-mprec.o)
                0x0800eae4                . = ALIGN (0x4)

.ARM.extab
 *(.ARM.extab* .gnu.linkonce.armextab.*)

.ARM            0x0800eae4        0x8
                0x0800eae4                __exidx_start = .
 *(.ARM.exidx*)
 .ARM.exidx     0x0800eae4        0x8 /opt/ARM/bin/../lib/gcc/arm-none-eabi/4.8.4/armv7e-m/fpu/libgcc.a(_divdi3.o)
 .ARM.exidx     0x0800eaec        0x0 /opt/ARM/bin/../lib/gcc/arm-none-eabi/4.8.4/armv7e-m/fpu/libgcc.a(_udivdi3.o)
                                  0x8 (size before relaxing)
                0x0800eaec                __exidx_end = .

.rel.dyn        0x0800eaec        0x0
 .rel.iplt      0x00000000        0x0 /opt/ARM/bin/../lib/gcc/arm-none-eabi/4.8.4/armv7e-m/fpu/crtbegin.o

.preinit_array  0x0800eaec        0x0
                0x0800eaec                PROVIDE (__preinit_array_start, .)
 *(.preinit_array*)
                0x0800eaec                PROVIDE (__preinit_array_end, .)

.init_array     0x0800eaec        0x8
                0x0800eaec                PROVIDE (__init_array_start, .)
 *(SORT(.init_array.*))
 .init_array.00000
                0x0800eaec        0x4 /opt/ARM/bin/../lib/gcc/arm-none-eabi/4.8.4/../../../../arm-none-eabi/lib/armv7e-m/fpu/libg.a(lib_a-__call_atexit.o)
 *(.init_array*)
 .init_array    0x0800eaf0        0x4 /opt/ARM/bin/../lib/gcc/arm-none-eabi/4.8.4/armv7e-m/fpu/crtbegin.o
                0x0800eaf4                PROVIDE (__init_array_end, .)

.fini_array     0x0800eaf4        0x4
                0x0800eaf4                PROVIDE (__fini_array_start, .)
 *(SORT(.fini_array.*))
 *(.fini_array*)
 .fini_array    0x0800eaf4        0x4 /opt/ARM/bin/../lib/gcc/arm-none-eabi/4.8.4/armv7e-m/fpu/crtbegin.o
                0x0800eaf8                PROVIDE (__fini_array_end, .)
                0x0800eaf8                _sidata = LOADADDR (.data)

.data           0x20000000      0x884 load address 0x0800eaf8
                0x20000000                . = ALIGN (0x4)
                0x20000000                _sdata = .
 *(.data)
 *(.data*)
 .data.Blink    0x20000000        0xc Src/times_base/times_base.o
                0x20000000                Blink
 .data.SystemCoreClock
                0x2000000c        0x4 Drivers/CMSIS/Device/ST/STM32F4xx/Source/Templates/system_stm32f4xx.o
                0x2000000c                SystemCoreClock
 .data.impure_data
                0x20000010      0x428 /opt/ARM/bin/../lib/gcc/arm-none-eabi/4.8.4/../../../../arm-none-eabi/lib/armv7e-m/fpu/libg.a(lib_a-impure.o)
 .data._impure_ptr
                0x20000438        0x4 /opt/ARM/bin/../lib/gcc/arm-none-eabi/4.8.4/../../../../arm-none-eabi/lib/armv7e-m/fpu/libg.a(lib_a-impure.o)
                0x20000438                _impure_ptr
 .data.lconv    0x2000043c       0x38 /opt/ARM/bin/../lib/gcc/arm-none-eabi/4.8.4/../../../../arm-none-eabi/lib/armv7e-m/fpu/libg.a(lib_a-locale.o)
 .data.__malloc_av_
                0x20000474      0x408 /opt/ARM/bin/../lib/gcc/arm-none-eabi/4.8.4/../../../../arm-none-eabi/lib/armv7e-m/fpu/libg.a(lib_a-mallocr.o)
                0x20000474                __malloc_av_
 .data.__malloc_trim_threshold
                0x2000087c        0x4 /opt/ARM/bin/../lib/gcc/arm-none-eabi/4.8.4/../../../../arm-none-eabi/lib/armv7e-m/fpu/libg.a(lib_a-mallocr.o)
                0x2000087c                __malloc_trim_threshold
 .data.__malloc_sbrk_base
                0x20000880        0x4 /opt/ARM/bin/../lib/gcc/arm-none-eabi/4.8.4/../../../../arm-none-eabi/lib/armv7e-m/fpu/libg.a(lib_a-mallocr.o)
                0x20000880                __malloc_sbrk_base
                0x20000884                . = ALIGN (0x4)
                0x20000884                _edata = .
                0x0800f37c                _siccmram = LOADADDR (.ccmram)

.jcr            0x20000884        0x0 load address 0x0800f37c
 .jcr           0x20000884        0x0 /opt/ARM/bin/../lib/gcc/arm-none-eabi/4.8.4/armv7e-m/fpu/crtbegin.o

.igot.plt       0x20000884        0x0 load address 0x0800f37c
 .igot.plt      0x00000000        0x0 /opt/ARM/bin/../lib/gcc/arm-none-eabi/4.8.4/armv7e-m/fpu/crtbegin.o

.ccmram         0x10000000        0x0 load address 0x0800f37c
                0x10000000                . = ALIGN (0x4)
                0x10000000                _sccmram = .
 *(.ccmram)
 *(.ccmram*)
                0x10000000                . = ALIGN (0x4)
                0x10000000                _eccmram = .
                0x10000000                . = ALIGN (0x4)

.bss            0x20000888      0xa7c
                0x20000888                _sbss = .
                0x20000888                __bss_start__ = _sbss
 *(.bss)
 .bss           0x20000888       0x1c /opt/ARM/bin/../lib/gcc/arm-none-eabi/4.8.4/armv7e-m/fpu/crtbegin.o
 *(.bss*)
 .bss.cnt_led.10412
                0x200008a4        0x4 Src/times_base/times_base.o
 .bss.heap_end.5585
                0x200008a8        0x4 Src/syscalls.o
 .bss.ADC1MultimeterConvertedValues
                0x200008ac       0x14 Src/peripherals/multimeter/multimeter.o
                0x200008ac                ADC1MultimeterConvertedValues
 .bss.left_encoder
                0x200008c0        0x8 Src/peripherals/encoders/ie512.o
                0x200008c0                left_encoder
 .bss.right_encoder
                0x200008c8        0x8 Src/peripherals/encoders/ie512.o
                0x200008c8                right_encoder
 .bss.buffer    0x200008d0      0x400 Src/peripherals/display/ssd1306.o
                0x200008d0                buffer
 .bss.consigne  0x20000cd0        0x4 Src/controls/straight_controls/straight_controls.o
                0x20000cd0                consigne
 .bss.uwTick    0x20000cd4        0x4 Drivers/STM32F4xx_HAL_Driver/Src/stm32f4xx_hal.o
 .bss.__malloc_max_total_mem
                0x20000cd8        0x4 /opt/ARM/bin/../lib/gcc/arm-none-eabi/4.8.4/../../../../arm-none-eabi/lib/armv7e-m/fpu/libg.a(lib_a-mallocr.o)
                0x20000cd8                __malloc_max_total_mem
 .bss.__malloc_max_sbrked_mem
                0x20000cdc        0x4 /opt/ARM/bin/../lib/gcc/arm-none-eabi/4.8.4/../../../../arm-none-eabi/lib/armv7e-m/fpu/libg.a(lib_a-mallocr.o)
                0x20000cdc                __malloc_max_sbrked_mem
 .bss.__malloc_top_pad
                0x20000ce0        0x4 /opt/ARM/bin/../lib/gcc/arm-none-eabi/4.8.4/../../../../arm-none-eabi/lib/armv7e-m/fpu/libg.a(lib_a-mallocr.o)
                0x20000ce0                __malloc_top_pad
 .bss.__malloc_current_mallinfo
                0x20000ce4       0x28 /opt/ARM/bin/../lib/gcc/arm-none-eabi/4.8.4/../../../../arm-none-eabi/lib/armv7e-m/fpu/libg.a(lib_a-mallocr.o)
                0x20000ce4                __malloc_current_mallinfo
 *(COMMON)
 COMMON         0x20000d0c       0x3c Src/usart.o
                0x20000d0c                huart3
 COMMON         0x20000d48       0xe2 Src/times_base/times_base.o
                0x20000d48                gyro
                0x20000d70                telemeters
                0x20000de0                GPIO_InitStruct
                0x20000df4                lineSensors
 *fill*         0x20000e2a        0x2 
 COMMON         0x20000e2c      0x21c Src/tim.o
                0x20000e2c                htim8
                0x20000e68                htim4
                0x20000ea4                htim5
                0x20000ee0                htim3
                0x20000f1c                htim11
                0x20000f58                htim6
                0x20000f94                htim1
                0x20000fd0                htim2
                0x2000100c                htim7
 COMMON         0x20001048       0x28 Src/stm32f4xx_it.o
                0x20001048                multimeter
 COMMON         0x20001070       0xd8 Src/i2c.o
                0x20001070                hdma_i2c1_tx
                0x200010c0                hi2c1
                0x200010f8                hdma_i2c1_rx
 COMMON         0x20001148       0x4c Src/controls/straight_controls/straight_controls.o
                0x20001148                trajectory_control
                0x20001154                gyro_pid_instance
                0x20001178                sConfigOC
 COMMON         0x20001194      0x16c Src/adc.o
                0x20001194                hadc2
                0x200011d8                hdma_adc3
                0x20001228                hadc1
                0x2000126c                hadc3
                0x200012b0                hdma_adc1
 COMMON         0x20001300        0x4 /opt/ARM/bin/../lib/gcc/arm-none-eabi/4.8.4/../../../../arm-none-eabi/lib/armv7e-m/fpu/libg.a(lib_a-reent.o)
                0x20001300                errno
                0x20001304                . = ALIGN (0x4)
                0x20001304                _ebss = .
                0x20001304                __bss_end__ = _ebss

._user_heap_stack
                0x20001304      0x400
                0x20001304                . = ALIGN (0x4)
                0x20001304                PROVIDE (end, .)
                0x20001304                PROVIDE (_end, .)
                0x20001304                . = (. + _Min_Heap_Size)
                0x20001704                . = (. + _Min_Stack_Size)
 *fill*         0x20001304      0x400 
                0x20001704                . = ALIGN (0x4)

/DISCARD/
 libc.a(*)
 libm.a(*)
 libgcc.a(*)

.ARM.attributes
                0x00000000       0x30
 *(.ARM.attributes)
 .ARM.attributes
                0x00000000       0x22 /opt/ARM/bin/../lib/gcc/arm-none-eabi/4.8.4/armv7e-m/fpu/crti.o
 .ARM.attributes
                0x00000022       0x34 /opt/ARM/bin/../lib/gcc/arm-none-eabi/4.8.4/armv7e-m/fpu/crtbegin.o
 .ARM.attributes
                0x00000056       0x39 Src/usart.o
 .ARM.attributes
                0x0000008f       0x39 Src/times_base/times_base.o
 .ARM.attributes
                0x000000c8       0x39 Src/tim.o
 .ARM.attributes
                0x00000101       0x39 Src/syscalls.o
 .ARM.attributes
                0x0000013a       0x39 Src/stm32f4xx_it.o
 .ARM.attributes
                0x00000173       0x39 Src/stm32f4xx_hal_msp.o
 .ARM.attributes
                0x000001ac       0x39 Src/peripherals/tests/tests.o
 .ARM.attributes
                0x000001e5       0x39 Src/peripherals/telemeters/telemeters.o
 .ARM.attributes
                0x0000021e       0x39 Src/peripherals/multimeter/multimeter.o
 .ARM.attributes
                0x00000257       0x39 Src/peripherals/gyroscope/adxrs620.o
 .ARM.attributes
                0x00000290       0x39 Src/peripherals/expander/pcf8574.o
 .ARM.attributes
                0x000002c9       0x39 Src/peripherals/encoders/ie512.o
 .ARM.attributes
                0x00000302       0x39 Src/peripherals/display/ssd1306.o
 .ARM.attributes
                0x0000033b       0x39 Src/peripherals/display/smallfonts.o
 .ARM.attributes
                0x00000374       0x39 Src/main.o
 .ARM.attributes
                0x000003ad       0x39 Src/i2c.o
 .ARM.attributes
                0x000003e6       0x39 Src/gpio.o
 .ARM.attributes
                0x0000041f       0x39 Src/dsp_lib/arm_pid_init_f32.o
 .ARM.attributes
                0x00000458       0x39 Src/dma.o
 .ARM.attributes
                0x00000491       0x39 Src/controls/straight_controls/straight_controls.o
 .ARM.attributes
                0x000004ca       0x39 Src/controls/pid/pid.o
 .ARM.attributes
                0x00000503       0x39 Src/callback/user_it_callback.o
 .ARM.attributes
                0x0000053c       0x39 Src/adc.o
 .ARM.attributes
                0x00000575       0x39 Drivers/STM32F4xx_HAL_Driver/Src/stm32f4xx_hal_uart.o
 .ARM.attributes
                0x000005ae       0x39 Drivers/STM32F4xx_HAL_Driver/Src/stm32f4xx_hal_tim_ex.o
 .ARM.attributes
                0x000005e7       0x39 Drivers/STM32F4xx_HAL_Driver/Src/stm32f4xx_hal_tim.o
 .ARM.attributes
                0x00000620       0x39 Drivers/STM32F4xx_HAL_Driver/Src/stm32f4xx_hal_rcc.o
 .ARM.attributes
                0x00000659       0x39 Drivers/STM32F4xx_HAL_Driver/Src/stm32f4xx_hal_i2c.o
 .ARM.attributes
                0x00000692       0x39 Drivers/STM32F4xx_HAL_Driver/Src/stm32f4xx_hal_gpio.o
 .ARM.attributes
                0x000006cb       0x39 Drivers/STM32F4xx_HAL_Driver/Src/stm32f4xx_hal_dma.o
 .ARM.attributes
                0x00000704       0x39 Drivers/STM32F4xx_HAL_Driver/Src/stm32f4xx_hal_cortex.o
 .ARM.attributes
                0x0000073d       0x39 Drivers/STM32F4xx_HAL_Driver/Src/stm32f4xx_hal_adc_ex.o
 .ARM.attributes
                0x00000776       0x39 Drivers/STM32F4xx_HAL_Driver/Src/stm32f4xx_hal_adc.o
 .ARM.attributes
                0x000007af       0x39 Drivers/STM32F4xx_HAL_Driver/Src/stm32f4xx_hal.o
 .ARM.attributes
                0x000007e8       0x39 Drivers/CMSIS/Device/ST/STM32F4xx/Source/Templates/system_stm32f4xx.o
 .ARM.attributes
                0x00000821       0x21 Drivers/CMSIS/Device/ST/STM32F4xx/Source/Templates/gcc/startup_stm32f405xx.o
 .ARM.attributes
                0x00000842       0x22 /opt/ARM/bin/../lib/gcc/arm-none-eabi/4.8.4/armv7e-m/fpu/libgcc.a(_arm_addsubdf3.o)
 .ARM.attributes
                0x00000864       0x22 /opt/ARM/bin/../lib/gcc/arm-none-eabi/4.8.4/armv7e-m/fpu/libgcc.a(_arm_muldivdf3.o)
 .ARM.attributes
                0x00000886       0x22 /opt/ARM/bin/../lib/gcc/arm-none-eabi/4.8.4/armv7e-m/fpu/libgcc.a(_arm_fixdfsi.o)
 .ARM.attributes
                0x000008a8       0x22 /opt/ARM/bin/../lib/gcc/arm-none-eabi/4.8.4/armv7e-m/fpu/libgcc.a(_arm_fixunsdfsi.o)
 .ARM.attributes
                0x000008ca       0x22 /opt/ARM/bin/../lib/gcc/arm-none-eabi/4.8.4/armv7e-m/fpu/libgcc.a(_arm_truncdfsf2.o)
 .ARM.attributes
                0x000008ec       0x34 /opt/ARM/bin/../lib/gcc/arm-none-eabi/4.8.4/armv7e-m/fpu/libgcc.a(bpabi.o)
 .ARM.attributes
                0x00000920       0x22 /opt/ARM/bin/../lib/gcc/arm-none-eabi/4.8.4/armv7e-m/fpu/libgcc.a(_dvmd_tls.o)
 .ARM.attributes
                0x00000942       0x34 /opt/ARM/bin/../lib/gcc/arm-none-eabi/4.8.4/armv7e-m/fpu/libgcc.a(_divdi3.o)
 .ARM.attributes
                0x00000976       0x34 /opt/ARM/bin/../lib/gcc/arm-none-eabi/4.8.4/armv7e-m/fpu/libgcc.a(_udivdi3.o)
 .ARM.attributes
                0x000009aa       0x34 /opt/ARM/bin/../lib/gcc/arm-none-eabi/4.8.4/../../../../arm-none-eabi/lib/armv7e-m/fpu/libg.a(lib_a-impure.o)
 .ARM.attributes
                0x000009de       0x34 /opt/ARM/bin/../lib/gcc/arm-none-eabi/4.8.4/../../../../arm-none-eabi/lib/armv7e-m/fpu/libg.a(lib_a-init.o)
 .ARM.attributes
                0x00000a12       0x34 /opt/ARM/bin/../lib/gcc/arm-none-eabi/4.8.4/../../../../arm-none-eabi/lib/armv7e-m/fpu/libg.a(lib_a-memset.o)
 .ARM.attributes
                0x00000a46       0x34 /opt/ARM/bin/../lib/gcc/arm-none-eabi/4.8.4/../../../../arm-none-eabi/lib/armv7e-m/fpu/libg.a(lib_a-reent.o)
 .ARM.attributes
                0x00000a7a       0x34 /opt/ARM/bin/../lib/gcc/arm-none-eabi/4.8.4/../../../../arm-none-eabi/lib/armv7e-m/fpu/libg.a(lib_a-sprintf.o)
 .ARM.attributes
                0x00000aae       0x34 /opt/ARM/bin/../lib/gcc/arm-none-eabi/4.8.4/../../../../arm-none-eabi/lib/armv7e-m/fpu/libg.a(lib_a-strlen.o)
 .ARM.attributes
                0x00000ae2       0x34 /opt/ARM/bin/../lib/gcc/arm-none-eabi/4.8.4/../../../../arm-none-eabi/lib/armv7e-m/fpu/libg.a(lib_a-svfprintf.o)
 .ARM.attributes
                0x00000b16       0x34 /opt/ARM/bin/../lib/gcc/arm-none-eabi/4.8.4/../../../../arm-none-eabi/lib/armv7e-m/fpu/libg.a(lib_a-__call_atexit.o)
 .ARM.attributes
                0x00000b4a       0x34 /opt/ARM/bin/../lib/gcc/arm-none-eabi/4.8.4/../../../../arm-none-eabi/lib/armv7e-m/fpu/libg.a(lib_a-atexit.o)
 .ARM.attributes
                0x00000b7e       0x34 /opt/ARM/bin/../lib/gcc/arm-none-eabi/4.8.4/../../../../arm-none-eabi/lib/armv7e-m/fpu/libg.a(lib_a-dtoa.o)
 .ARM.attributes
                0x00000bb2       0x34 /opt/ARM/bin/../lib/gcc/arm-none-eabi/4.8.4/../../../../arm-none-eabi/lib/armv7e-m/fpu/libg.a(lib_a-fini.o)
 .ARM.attributes
                0x00000be6       0x34 /opt/ARM/bin/../lib/gcc/arm-none-eabi/4.8.4/../../../../arm-none-eabi/lib/armv7e-m/fpu/libg.a(lib_a-freer.o)
 .ARM.attributes
                0x00000c1a       0x34 /opt/ARM/bin/../lib/gcc/arm-none-eabi/4.8.4/../../../../arm-none-eabi/lib/armv7e-m/fpu/libg.a(lib_a-locale.o)
 .ARM.attributes
                0x00000c4e       0x34 /opt/ARM/bin/../lib/gcc/arm-none-eabi/4.8.4/../../../../arm-none-eabi/lib/armv7e-m/fpu/libg.a(lib_a-mallocr.o)
 .ARM.attributes
                0x00000c82       0x34 /opt/ARM/bin/../lib/gcc/arm-none-eabi/4.8.4/../../../../arm-none-eabi/lib/armv7e-m/fpu/libg.a(lib_a-memchr-stub.o)
 .ARM.attributes
                0x00000cb6       0x20 /opt/ARM/bin/../lib/gcc/arm-none-eabi/4.8.4/../../../../arm-none-eabi/lib/armv7e-m/fpu/libg.a(lib_a-memcpy.o)
 .ARM.attributes
                0x00000cd6       0x34 /opt/ARM/bin/../lib/gcc/arm-none-eabi/4.8.4/../../../../arm-none-eabi/lib/armv7e-m/fpu/libg.a(lib_a-mlock.o)
 .ARM.attributes
                0x00000d0a       0x34 /opt/ARM/bin/../lib/gcc/arm-none-eabi/4.8.4/../../../../arm-none-eabi/lib/armv7e-m/fpu/libg.a(lib_a-mprec.o)
 .ARM.attributes
                0x00000d3e       0x34 /opt/ARM/bin/../lib/gcc/arm-none-eabi/4.8.4/../../../../arm-none-eabi/lib/armv7e-m/fpu/libg.a(lib_a-s_fpclassify.o)
 .ARM.attributes
                0x00000d72       0x34 /opt/ARM/bin/../lib/gcc/arm-none-eabi/4.8.4/../../../../arm-none-eabi/lib/armv7e-m/fpu/libg.a(lib_a-sbrkr.o)
 .ARM.attributes
                0x00000da6       0x34 /opt/ARM/bin/../lib/gcc/arm-none-eabi/4.8.4/../../../../arm-none-eabi/lib/armv7e-m/fpu/libg.a(lib_a-svfiprintf.o)
 .ARM.attributes
                0x00000dda       0x34 /opt/ARM/bin/../lib/gcc/arm-none-eabi/4.8.4/../../../../arm-none-eabi/lib/armv7e-m/fpu/libg.a(lib_a-__atexit.o)
 .ARM.attributes
                0x00000e0e       0x34 /opt/ARM/bin/../lib/gcc/arm-none-eabi/4.8.4/../../../../arm-none-eabi/lib/armv7e-m/fpu/libg.a(lib_a-callocr.o)
 .ARM.attributes
                0x00000e42       0x34 /opt/ARM/bin/../lib/gcc/arm-none-eabi/4.8.4/../../../../arm-none-eabi/lib/armv7e-m/fpu/libg.a(lib_a-memmove.o)
 .ARM.attributes
                0x00000e76       0x34 /opt/ARM/bin/../lib/gcc/arm-none-eabi/4.8.4/../../../../arm-none-eabi/lib/armv7e-m/fpu/libg.a(lib_a-reallocr.o)
 .ARM.attributes
                0x00000eaa       0x22 /opt/ARM/bin/../lib/gcc/arm-none-eabi/4.8.4/armv7e-m/fpu/libgcc.a(_arm_cmpdf2.o)
 .ARM.attributes
                0x00000ecc       0x22 /opt/ARM/bin/../lib/gcc/arm-none-eabi/4.8.4/armv7e-m/fpu/libgcc.a(_aeabi_uldivmod.o)
 .ARM.attributes
                0x00000eee       0x22 /opt/ARM/bin/../lib/gcc/arm-none-eabi/4.8.4/armv7e-m/fpu/crtn.o
OUTPUT(ZHONX_III.elf elf32-littlearm)

.debug_info     0x00000000    0x169b9
 .debug_info    0x00000000      0x851 Src/usart.o
 .debug_info    0x00000851      0xb77 Src/times_base/times_base.o
 .debug_info    0x000013c8      0xf0d Src/tim.o
 .debug_info    0x000022d5      0x672 Src/syscalls.o
 .debug_info    0x00002947      0xc23 Src/stm32f4xx_it.o
 .debug_info    0x0000356a      0x2e2 Src/stm32f4xx_hal_msp.o
 .debug_info    0x0000384c     0x14c3 Src/peripherals/tests/tests.o
 .debug_info    0x00004d0f      0xd14 Src/peripherals/telemeters/telemeters.o
 .debug_info    0x00005a23      0x969 Src/peripherals/multimeter/multimeter.o
 .debug_info    0x0000638c      0x8c9 Src/peripherals/gyroscope/adxrs620.o
 .debug_info    0x00006c55      0x69c Src/peripherals/expander/pcf8574.o
 .debug_info    0x000072f1      0x78e Src/peripherals/encoders/ie512.o
 .debug_info    0x00007a7f      0xf8c Src/peripherals/display/ssd1306.o
 .debug_info    0x00008a0b      0x1a9 Src/peripherals/display/smallfonts.o
 .debug_info    0x00008bb4      0x7e6 Src/main.o
 .debug_info    0x0000939a      0x890 Src/i2c.o
 .debug_info    0x00009c2a      0x390 Src/gpio.o
 .debug_info    0x00009fba      0x166 Src/dsp_lib/arm_pid_init_f32.o
 .debug_info    0x0000a120      0x492 Src/dma.o
 .debug_info    0x0000a5b2      0xa93 Src/controls/straight_controls/straight_controls.o
 .debug_info    0x0000b045      0x2df Src/controls/pid/pid.o
 .debug_info    0x0000b324      0xc83 Src/callback/user_it_callback.o
 .debug_info    0x0000bfa7      0xc50 Src/adc.o
 .debug_info    0x0000cbf7      0xe39 Drivers/STM32F4xx_HAL_Driver/Src/stm32f4xx_hal_uart.o
 .debug_info    0x0000da30      0xf0a Drivers/STM32F4xx_HAL_Driver/Src/stm32f4xx_hal_tim_ex.o
 .debug_info    0x0000e93a     0x20ec Drivers/STM32F4xx_HAL_Driver/Src/stm32f4xx_hal_tim.o
 .debug_info    0x00010a26      0xe27 Drivers/STM32F4xx_HAL_Driver/Src/stm32f4xx_hal_rcc.o
 .debug_info    0x0001184d     0x1558 Drivers/STM32F4xx_HAL_Driver/Src/stm32f4xx_hal_i2c.o
 .debug_info    0x00012da5      0x6d8 Drivers/STM32F4xx_HAL_Driver/Src/stm32f4xx_hal_gpio.o
 .debug_info    0x0001347d      0x638 Drivers/STM32F4xx_HAL_Driver/Src/stm32f4xx_hal_dma.o
 .debug_info    0x00013ab5      0xb57 Drivers/STM32F4xx_HAL_Driver/Src/stm32f4xx_hal_cortex.o
 .debug_info    0x0001460c      0xa94 Drivers/STM32F4xx_HAL_Driver/Src/stm32f4xx_hal_adc_ex.o
 .debug_info    0x000150a0      0xc26 Drivers/STM32F4xx_HAL_Driver/Src/stm32f4xx_hal_adc.o
 .debug_info    0x00015cc6      0x7b7 Drivers/STM32F4xx_HAL_Driver/Src/stm32f4xx_hal.o
 .debug_info    0x0001647d      0x4a2 Drivers/CMSIS/Device/ST/STM32F4xx/Source/Templates/system_stm32f4xx.o
 .debug_info    0x0001691f       0x9a Drivers/CMSIS/Device/ST/STM32F4xx/Source/Templates/gcc/startup_stm32f405xx.o

.debug_abbrev   0x00000000     0x3881
 .debug_abbrev  0x00000000      0x16d Src/usart.o
 .debug_abbrev  0x0000016d      0x1c6 Src/times_base/times_base.o
 .debug_abbrev  0x00000333      0x18b Src/tim.o
 .debug_abbrev  0x000004be      0x16b Src/syscalls.o
 .debug_abbrev  0x00000629      0x16b Src/stm32f4xx_it.o
 .debug_abbrev  0x00000794       0x80 Src/stm32f4xx_hal_msp.o
 .debug_abbrev  0x00000814      0x213 Src/peripherals/tests/tests.o
 .debug_abbrev  0x00000a27      0x1c7 Src/peripherals/telemeters/telemeters.o
 .debug_abbrev  0x00000bee      0x188 Src/peripherals/multimeter/multimeter.o
 .debug_abbrev  0x00000d76      0x1a8 Src/peripherals/gyroscope/adxrs620.o
 .debug_abbrev  0x00000f1e      0x1d5 Src/peripherals/expander/pcf8574.o
 .debug_abbrev  0x000010f3      0x195 Src/peripherals/encoders/ie512.o
 .debug_abbrev  0x00001288      0x297 Src/peripherals/display/ssd1306.o
 .debug_abbrev  0x0000151f       0x94 Src/peripherals/display/smallfonts.o
 .debug_abbrev  0x000015b3      0x159 Src/main.o
 .debug_abbrev  0x0000170c      0x16d Src/i2c.o
 .debug_abbrev  0x00001879       0xf0 Src/gpio.o
 .debug_abbrev  0x00001969       0xc5 Src/dsp_lib/arm_pid_init_f32.o
 .debug_abbrev  0x00001a2e       0xca Src/dma.o
 .debug_abbrev  0x00001af8      0x1c4 Src/controls/straight_controls/straight_controls.o
 .debug_abbrev  0x00001cbc      0x195 Src/controls/pid/pid.o
 .debug_abbrev  0x00001e51      0x17e Src/callback/user_it_callback.o
 .debug_abbrev  0x00001fcf      0x17e Src/adc.o
 .debug_abbrev  0x0000214d      0x1ea Drivers/STM32F4xx_HAL_Driver/Src/stm32f4xx_hal_uart.o
 .debug_abbrev  0x00002337      0x20f Drivers/STM32F4xx_HAL_Driver/Src/stm32f4xx_hal_tim_ex.o
 .debug_abbrev  0x00002546      0x207 Drivers/STM32F4xx_HAL_Driver/Src/stm32f4xx_hal_tim.o
 .debug_abbrev  0x0000274d      0x28c Drivers/STM32F4xx_HAL_Driver/Src/stm32f4xx_hal_rcc.o
 .debug_abbrev  0x000029d9      0x1d9 Drivers/STM32F4xx_HAL_Driver/Src/stm32f4xx_hal_i2c.o
 .debug_abbrev  0x00002bb2      0x1a4 Drivers/STM32F4xx_HAL_Driver/Src/stm32f4xx_hal_gpio.o
 .debug_abbrev  0x00002d56      0x1c5 Drivers/STM32F4xx_HAL_Driver/Src/stm32f4xx_hal_dma.o
 .debug_abbrev  0x00002f1b      0x29c Drivers/STM32F4xx_HAL_Driver/Src/stm32f4xx_hal_cortex.o
 .debug_abbrev  0x000031b7      0x210 Drivers/STM32F4xx_HAL_Driver/Src/stm32f4xx_hal_adc_ex.o
 .debug_abbrev  0x000033c7      0x215 Drivers/STM32F4xx_HAL_Driver/Src/stm32f4xx_hal_adc.o
 .debug_abbrev  0x000035dc      0x18f Drivers/STM32F4xx_HAL_Driver/Src/stm32f4xx_hal.o
 .debug_abbrev  0x0000376b      0x104 Drivers/CMSIS/Device/ST/STM32F4xx/Source/Templates/system_stm32f4xx.o
 .debug_abbrev  0x0000386f       0x12 Drivers/CMSIS/Device/ST/STM32F4xx/Source/Templates/gcc/startup_stm32f405xx.o

.debug_aranges  0x00000000     0x1350
 .debug_aranges
                0x00000000       0x30 Src/usart.o
 .debug_aranges
                0x00000030       0x40 Src/times_base/times_base.o
 .debug_aranges
                0x00000070       0x80 Src/tim.o
 .debug_aranges
                0x000000f0       0xb0 Src/syscalls.o
 .debug_aranges
                0x000001a0       0x80 Src/stm32f4xx_it.o
 .debug_aranges
                0x00000220       0x20 Src/stm32f4xx_hal_msp.o
 .debug_aranges
                0x00000240       0x80 Src/peripherals/tests/tests.o
 .debug_aranges
                0x000002c0       0x60 Src/peripherals/telemeters/telemeters.o
 .debug_aranges
                0x00000320       0x38 Src/peripherals/multimeter/multimeter.o
 .debug_aranges
                0x00000358       0x38 Src/peripherals/gyroscope/adxrs620.o
 .debug_aranges
                0x00000390       0x50 Src/peripherals/expander/pcf8574.o
 .debug_aranges
                0x000003e0       0x38 Src/peripherals/encoders/ie512.o
 .debug_aranges
                0x00000418       0xd8 Src/peripherals/display/ssd1306.o
 .debug_aranges
                0x000004f0       0x18 Src/peripherals/display/smallfonts.o
 .debug_aranges
                0x00000508       0x28 Src/main.o
 .debug_aranges
                0x00000530       0x30 Src/i2c.o
 .debug_aranges
                0x00000560       0x20 Src/gpio.o
 .debug_aranges
                0x00000580       0x20 Src/dsp_lib/arm_pid_init_f32.o
 .debug_aranges
                0x000005a0       0x20 Src/dma.o
 .debug_aranges
                0x000005c0       0x38 Src/controls/straight_controls/straight_controls.o
 .debug_aranges
                0x000005f8       0x40 Src/controls/pid/pid.o
 .debug_aranges
                0x00000638       0x40 Src/callback/user_it_callback.o
 .debug_aranges
                0x00000678       0x40 Src/adc.o
 .debug_aranges
                0x000006b8      0x148 Drivers/STM32F4xx_HAL_Driver/Src/stm32f4xx_hal_uart.o
 .debug_aranges
                0x00000800      0x140 Drivers/STM32F4xx_HAL_Driver/Src/stm32f4xx_hal_tim_ex.o
 .debug_aranges
                0x00000940      0x358 Drivers/STM32F4xx_HAL_Driver/Src/stm32f4xx_hal_tim.o
 .debug_aranges
                0x00000c98       0x88 Drivers/STM32F4xx_HAL_Driver/Src/stm32f4xx_hal_rcc.o
 .debug_aranges
                0x00000d20      0x1e8 Drivers/STM32F4xx_HAL_Driver/Src/stm32f4xx_hal_i2c.o
 .debug_aranges
                0x00000f08       0x58 Drivers/STM32F4xx_HAL_Driver/Src/stm32f4xx_hal_gpio.o
 .debug_aranges
                0x00000f60       0x68 Drivers/STM32F4xx_HAL_Driver/Src/stm32f4xx_hal_dma.o
 .debug_aranges
                0x00000fc8      0x100 Drivers/STM32F4xx_HAL_Driver/Src/stm32f4xx_hal_cortex.o
 .debug_aranges
                0x000010c8       0x90 Drivers/STM32F4xx_HAL_Driver/Src/stm32f4xx_hal_adc_ex.o
 .debug_aranges
                0x00001158       0xe8 Drivers/STM32F4xx_HAL_Driver/Src/stm32f4xx_hal_adc.o
 .debug_aranges
                0x00001240       0xc0 Drivers/STM32F4xx_HAL_Driver/Src/stm32f4xx_hal.o
 .debug_aranges
                0x00001300       0x28 Drivers/CMSIS/Device/ST/STM32F4xx/Source/Templates/system_stm32f4xx.o
 .debug_aranges
                0x00001328       0x28 Drivers/CMSIS/Device/ST/STM32F4xx/Source/Templates/gcc/startup_stm32f405xx.o

.debug_ranges   0x00000000     0x1110
 .debug_ranges  0x00000000       0x20 Src/usart.o
 .debug_ranges  0x00000020       0x30 Src/times_base/times_base.o
 .debug_ranges  0x00000050       0x70 Src/tim.o
 .debug_ranges  0x000000c0       0xa0 Src/syscalls.o
 .debug_ranges  0x00000160       0x70 Src/stm32f4xx_it.o
 .debug_ranges  0x000001d0       0x10 Src/stm32f4xx_hal_msp.o
 .debug_ranges  0x000001e0       0x70 Src/peripherals/tests/tests.o
 .debug_ranges  0x00000250       0x50 Src/peripherals/telemeters/telemeters.o
 .debug_ranges  0x000002a0       0x28 Src/peripherals/multimeter/multimeter.o
 .debug_ranges  0x000002c8       0x28 Src/peripherals/gyroscope/adxrs620.o
 .debug_ranges  0x000002f0       0x40 Src/peripherals/expander/pcf8574.o
 .debug_ranges  0x00000330       0x28 Src/peripherals/encoders/ie512.o
 .debug_ranges  0x00000358       0xc8 Src/peripherals/display/ssd1306.o
 .debug_ranges  0x00000420       0x18 Src/main.o
 .debug_ranges  0x00000438       0x20 Src/i2c.o
 .debug_ranges  0x00000458       0x10 Src/gpio.o
 .debug_ranges  0x00000468       0x10 Src/dsp_lib/arm_pid_init_f32.o
 .debug_ranges  0x00000478       0x10 Src/dma.o
 .debug_ranges  0x00000488       0x28 Src/controls/straight_controls/straight_controls.o
 .debug_ranges  0x000004b0       0x30 Src/controls/pid/pid.o
 .debug_ranges  0x000004e0       0x30 Src/callback/user_it_callback.o
 .debug_ranges  0x00000510       0x30 Src/adc.o
 .debug_ranges  0x00000540      0x138 Drivers/STM32F4xx_HAL_Driver/Src/stm32f4xx_hal_uart.o
 .debug_ranges  0x00000678      0x130 Drivers/STM32F4xx_HAL_Driver/Src/stm32f4xx_hal_tim_ex.o
 .debug_ranges  0x000007a8      0x348 Drivers/STM32F4xx_HAL_Driver/Src/stm32f4xx_hal_tim.o
 .debug_ranges  0x00000af0       0x78 Drivers/STM32F4xx_HAL_Driver/Src/stm32f4xx_hal_rcc.o
 .debug_ranges  0x00000b68      0x1d8 Drivers/STM32F4xx_HAL_Driver/Src/stm32f4xx_hal_i2c.o
 .debug_ranges  0x00000d40       0x48 Drivers/STM32F4xx_HAL_Driver/Src/stm32f4xx_hal_gpio.o
 .debug_ranges  0x00000d88       0x58 Drivers/STM32F4xx_HAL_Driver/Src/stm32f4xx_hal_dma.o
 .debug_ranges  0x00000de0       0xf0 Drivers/STM32F4xx_HAL_Driver/Src/stm32f4xx_hal_cortex.o
 .debug_ranges  0x00000ed0       0x80 Drivers/STM32F4xx_HAL_Driver/Src/stm32f4xx_hal_adc_ex.o
 .debug_ranges  0x00000f50       0xd8 Drivers/STM32F4xx_HAL_Driver/Src/stm32f4xx_hal_adc.o
 .debug_ranges  0x00001028       0xb0 Drivers/STM32F4xx_HAL_Driver/Src/stm32f4xx_hal.o
 .debug_ranges  0x000010d8       0x18 Drivers/CMSIS/Device/ST/STM32F4xx/Source/Templates/system_stm32f4xx.o
 .debug_ranges  0x000010f0       0x20 Drivers/CMSIS/Device/ST/STM32F4xx/Source/Templates/gcc/startup_stm32f405xx.o

.debug_macro    0x00000000    0x11bdf
 .debug_macro   0x00000000      0x1a6 Src/usart.o
 .debug_macro   0x000001a6      0x1b3 Src/usart.o
 .debug_macro   0x00000359       0x28 Src/usart.o
 .debug_macro   0x00000381       0x28 Src/usart.o
 .debug_macro   0x000003a9       0x3b Src/usart.o
 .debug_macro   0x000003e4       0x44 Src/usart.o
 .debug_macro   0x00000428      0x209 Src/usart.o
 .debug_macro   0x00000631       0x2d Src/usart.o
 .debug_macro   0x0000065e       0x42 Src/usart.o
 .debug_macro   0x000006a0      0xd39 Src/usart.o
 .debug_macro   0x000013d9     0x860e Src/usart.o
 .debug_macro   0x000099e7       0x43 Src/usart.o
 .debug_macro   0x00009a2a       0x49 Src/usart.o
 .debug_macro   0x00009a73      0xb9c Src/usart.o
 .debug_macro   0x0000a60f      0x39f Src/usart.o
 .debug_macro   0x0000a9ae      0x13f Src/usart.o
 .debug_macro   0x0000aaed      0x129 Src/usart.o
 .debug_macro   0x0000ac16      0x2cd Src/usart.o
 .debug_macro   0x0000aee3       0x52 Src/usart.o
 .debug_macro   0x0000af35      0x3ec Src/usart.o
 .debug_macro   0x0000b321      0x14c Src/usart.o
 .debug_macro   0x0000b46d      0x132 Src/usart.o
 .debug_macro   0x0000b59f      0x217 Src/usart.o
 .debug_macro   0x0000b7b6      0x1e6 Src/usart.o
 .debug_macro   0x0000b99c      0x16e Src/usart.o
 .debug_macro   0x0000bb0a       0x52 Src/usart.o
 .debug_macro   0x0000bb5c      0x84c Src/usart.o
 .debug_macro   0x0000c3a8       0x4d Src/usart.o
 .debug_macro   0x0000c3f5      0x23a Src/usart.o
 .debug_macro   0x0000c62f      0x125 Src/usart.o
 .debug_macro   0x0000c754      0x2f0 Src/times_base/times_base.o
 .debug_macro   0x0000ca44      0x16d Src/times_base/times_base.o
 .debug_macro   0x0000cbb1       0x1c Src/times_base/times_base.o
 .debug_macro   0x0000cbcd       0x10 Src/times_base/times_base.o
 .debug_macro   0x0000cbdd       0x16 Src/times_base/times_base.o
 .debug_macro   0x0000cbf3      0x16c Src/times_base/times_base.o
 .debug_macro   0x0000cd5f       0xd0 Src/times_base/times_base.o
 .debug_macro   0x0000ce2f       0x34 Src/times_base/times_base.o
 .debug_macro   0x0000ce63       0x2e Src/times_base/times_base.o
 .debug_macro   0x0000ce91       0x12 Src/times_base/times_base.o
 .debug_macro   0x0000cea3      0x1e1 Src/times_base/times_base.o
 .debug_macro   0x0000d084       0xa5 Src/times_base/times_base.o
 .debug_macro   0x0000d129      0x1a6 Src/tim.o
 .debug_macro   0x0000d2cf      0x196 Src/syscalls.o
 .debug_macro   0x0000d465       0x10 Src/syscalls.o
 .debug_macro   0x0000d475       0x10 Src/syscalls.o
 .debug_macro   0x0000d485       0x10 Src/syscalls.o
 .debug_macro   0x0000d495       0x35 Src/syscalls.o
 .debug_macro   0x0000d4ca      0x120 Src/syscalls.o
 .debug_macro   0x0000d5ea       0x10 Src/syscalls.o
 .debug_macro   0x0000d5fa      0x241 Src/syscalls.o
 .debug_macro   0x0000d83b      0x13a Src/syscalls.o
 .debug_macro   0x0000d975       0x16 Src/syscalls.o
 .debug_macro   0x0000d98b       0x22 Src/syscalls.o
 .debug_macro   0x0000d9ad      0x1b7 Src/stm32f4xx_it.o
 .debug_macro   0x0000db64       0x10 Src/stm32f4xx_it.o
 .debug_macro   0x0000db74      0x192 Src/stm32f4xx_hal_msp.o
 .debug_macro   0x0000dd06      0x30b Src/peripherals/tests/tests.o
 .debug_macro   0x0000e011       0x22 Src/peripherals/tests/tests.o
 .debug_macro   0x0000e033       0xa0 Src/peripherals/tests/tests.o
 .debug_macro   0x0000e0d3      0x2db Src/peripherals/telemeters/telemeters.o
 .debug_macro   0x0000e3ae       0x70 Src/peripherals/telemeters/telemeters.o
 .debug_macro   0x0000e41e      0x2da Src/peripherals/multimeter/multimeter.o
 .debug_macro   0x0000e6f8      0x2d2 Src/peripherals/gyroscope/adxrs620.o
 .debug_macro   0x0000e9ca      0x299 Src/peripherals/expander/pcf8574.o
 .debug_macro   0x0000ec63      0x20f Src/peripherals/expander/pcf8574.o
 .debug_macro   0x0000ee72       0x43 Src/peripherals/expander/pcf8574.o
 .debug_macro   0x0000eeb5      0x2c9 Src/peripherals/encoders/ie512.o
 .debug_macro   0x0000f17e      0x2e7 Src/peripherals/display/ssd1306.o
 .debug_macro   0x0000f465       0x1b Src/peripherals/display/smallfonts.o
 .debug_macro   0x0000f480      0x315 Src/main.o
 .debug_macro   0x0000f795      0x1b0 Src/i2c.o
 .debug_macro   0x0000f945      0x19c Src/gpio.o
 .debug_macro   0x0000fae1      0x143 Src/dsp_lib/arm_pid_init_f32.o
 .debug_macro   0x0000fc24      0x19c Src/dma.o
 .debug_macro   0x0000fdc0      0x2f4 Src/controls/straight_controls/straight_controls.o
 .debug_macro   0x000100b4      0x2f4 Src/controls/pid/pid.o
 .debug_macro   0x000103a8      0x2ba Src/callback/user_it_callback.o
 .debug_macro   0x00010662      0x1b0 Src/adc.o
 .debug_macro   0x00010812      0x19a Drivers/STM32F4xx_HAL_Driver/Src/stm32f4xx_hal_uart.o
 .debug_macro   0x000109ac      0x192 Drivers/STM32F4xx_HAL_Driver/Src/stm32f4xx_hal_tim_ex.o
 .debug_macro   0x00010b3e      0x193 Drivers/STM32F4xx_HAL_Driver/Src/stm32f4xx_hal_tim.o
 .debug_macro   0x00010cd1      0x1d4 Drivers/STM32F4xx_HAL_Driver/Src/stm32f4xx_hal_rcc.o
 .debug_macro   0x00010ea5      0x1a1 Drivers/STM32F4xx_HAL_Driver/Src/stm32f4xx_hal_i2c.o
 .debug_macro   0x00011046      0x1d1 Drivers/STM32F4xx_HAL_Driver/Src/stm32f4xx_hal_gpio.o
 .debug_macro   0x00011217      0x199 Drivers/STM32F4xx_HAL_Driver/Src/stm32f4xx_hal_dma.o
 .debug_macro   0x000113b0      0x192 Drivers/STM32F4xx_HAL_Driver/Src/stm32f4xx_hal_cortex.o
 .debug_macro   0x00011542      0x192 Drivers/STM32F4xx_HAL_Driver/Src/stm32f4xx_hal_adc_ex.o
 .debug_macro   0x000116d4      0x193 Drivers/STM32F4xx_HAL_Driver/Src/stm32f4xx_hal_adc.o
 .debug_macro   0x00011867      0x1e0 Drivers/STM32F4xx_HAL_Driver/Src/stm32f4xx_hal.o
 .debug_macro   0x00011a47      0x198 Drivers/CMSIS/Device/ST/STM32F4xx/Source/Templates/system_stm32f4xx.o

.debug_line     0x00000000    0x110d7
 .debug_line    0x00000000      0x4dc Src/usart.o
 .debug_line    0x000004dc      0x7dd Src/times_base/times_base.o
 .debug_line    0x00000cb9      0x646 Src/tim.o
 .debug_line    0x000012ff      0x398 Src/syscalls.o
 .debug_line    0x00001697      0x669 Src/stm32f4xx_it.o
 .debug_line    0x00001d00      0x4a1 Src/stm32f4xx_hal_msp.o
 .debug_line    0x000021a1      0xa9f Src/peripherals/tests/tests.o
 .debug_line    0x00002c40      0x820 Src/peripherals/telemeters/telemeters.o
 .debug_line    0x00003460      0x772 Src/peripherals/multimeter/multimeter.o
 .debug_line    0x00003bd2      0x759 Src/peripherals/gyroscope/adxrs620.o
 .debug_line    0x0000432b      0x6ab Src/peripherals/expander/pcf8574.o
 .debug_line    0x000049d6      0x735 Src/peripherals/encoders/ie512.o
 .debug_line    0x0000510b      0xab8 Src/peripherals/display/ssd1306.o
 .debug_line    0x00005bc3       0x90 Src/peripherals/display/smallfonts.o
 .debug_line    0x00005c53      0x899 Src/main.o
 .debug_line    0x000064ec      0x4fc Src/i2c.o
 .debug_line    0x000069e8      0x4c7 Src/gpio.o
 .debug_line    0x00006eaf      0x27c Src/dsp_lib/arm_pid_init_f32.o
 .debug_line    0x0000712b      0x4a2 Src/dma.o
 .debug_line    0x000075cd      0x79a Src/controls/straight_controls/straight_controls.o
 .debug_line    0x00007d67      0x74a Src/controls/pid/pid.o
 .debug_line    0x000084b1      0x7f3 Src/callback/user_it_callback.o
 .debug_line    0x00008ca4      0x59f Src/adc.o
 .debug_line    0x00009243      0xb3c Drivers/STM32F4xx_HAL_Driver/Src/stm32f4xx_hal_uart.o
 .debug_line    0x00009d7f      0x9f5 Drivers/STM32F4xx_HAL_Driver/Src/stm32f4xx_hal_tim_ex.o
 .debug_line    0x0000a774     0x14b9 Drivers/STM32F4xx_HAL_Driver/Src/stm32f4xx_hal_tim.o
 .debug_line    0x0000bc2d      0x871 Drivers/STM32F4xx_HAL_Driver/Src/stm32f4xx_hal_rcc.o
 .debug_line    0x0000c49e     0x1146 Drivers/STM32F4xx_HAL_Driver/Src/stm32f4xx_hal_i2c.o
 .debug_line    0x0000d5e4      0x5e8 Drivers/STM32F4xx_HAL_Driver/Src/stm32f4xx_hal_gpio.o
 .debug_line    0x0000dbcc     0x11d2 Drivers/STM32F4xx_HAL_Driver/Src/stm32f4xx_hal_dma.o
 .debug_line    0x0000ed9e      0x771 Drivers/STM32F4xx_HAL_Driver/Src/stm32f4xx_hal_cortex.o
 .debug_line    0x0000f50f      0x773 Drivers/STM32F4xx_HAL_Driver/Src/stm32f4xx_hal_adc_ex.o
 .debug_line    0x0000fc82      0x873 Drivers/STM32F4xx_HAL_Driver/Src/stm32f4xx_hal_adc.o
 .debug_line    0x000104f5      0x63a Drivers/STM32F4xx_HAL_Driver/Src/stm32f4xx_hal.o
 .debug_line    0x00010b2f      0x4fa Drivers/CMSIS/Device/ST/STM32F4xx/Source/Templates/system_stm32f4xx.o
 .debug_line    0x00011029       0xae Drivers/CMSIS/Device/ST/STM32F4xx/Source/Templates/gcc/startup_stm32f405xx.o

.debug_str      0x00000000    0x61c12
 .debug_str     0x00000000    0x572fb Src/usart.o
                              0x574c9 (size before relaxing)
 .debug_str     0x000572fb     0x48af Src/times_base/times_base.o
                              0x5bae3 (size before relaxing)
 .debug_str     0x0005bbaa      0x6f6 Src/tim.o
                              0x57c4e (size before relaxing)
 .debug_str     0x0005c2a0      0xf98 Src/syscalls.o
                               0x5781 (size before relaxing)
 .debug_str     0x0005d238      0x451 Src/stm32f4xx_it.o
                              0x57a52 (size before relaxing)
 .debug_str     0x0005d689       0x27 Src/stm32f4xx_hal_msp.o
                              0x57327 (size before relaxing)
 .debug_str     0x0005d6b0      0x836 Src/peripherals/tests/tests.o
                              0x5c1c9 (size before relaxing)
 .debug_str     0x0005dee6      0x3e3 Src/peripherals/telemeters/telemeters.o
                              0x5aec4 (size before relaxing)
 .debug_str     0x0005e2c9       0x9a Src/peripherals/multimeter/multimeter.o
                              0x5b002 (size before relaxing)
 .debug_str     0x0005e363       0x8b Src/peripherals/gyroscope/adxrs620.o
                              0x5adbf (size before relaxing)
 .debug_str     0x0005e3ee       0x89 Src/peripherals/expander/pcf8574.o
                              0x5a5a7 (size before relaxing)
 .debug_str     0x0005e477       0x61 Src/peripherals/encoders/ie512.o
                              0x5a728 (size before relaxing)
 .debug_str     0x0005e4d8      0x2b4 Src/peripherals/display/ssd1306.o
                              0x5a93f (size before relaxing)
 .debug_str     0x0005e78c       0x79 Src/peripherals/display/smallfonts.o
                               0x258e (size before relaxing)
 .debug_str     0x0005e805      0x1a6 Src/main.o
                              0x5933a (size before relaxing)
 .debug_str     0x0005e9ab       0x41 Src/i2c.o
                              0x57515 (size before relaxing)
 .debug_str     0x0005e9ec       0x1b Src/gpio.o
                              0x56fd7 (size before relaxing)
 .debug_str     0x0005ea07       0x6e Src/dsp_lib/arm_pid_init_f32.o
                               0x6d91 (size before relaxing)
 .debug_str     0x0005ea75       0x19 Src/dma.o
                              0x5741e (size before relaxing)
 .debug_str     0x0005ea8e       0xd4 Src/controls/straight_controls/straight_controls.o
                              0x5b735 (size before relaxing)
 .debug_str     0x0005eb62       0x41 Src/controls/pid/pid.o
                              0x5afd0 (size before relaxing)
 .debug_str     0x0005eba3       0xc4 Src/callback/user_it_callback.o
                              0x5b186 (size before relaxing)
 .debug_str     0x0005ec67       0x56 Src/adc.o
                              0x57b67 (size before relaxing)
 .debug_str     0x0005ecbd      0x385 Drivers/STM32F4xx_HAL_Driver/Src/stm32f4xx_hal_uart.o
                              0x57717 (size before relaxing)
 .debug_str     0x0005f042      0x497 Drivers/STM32F4xx_HAL_Driver/Src/stm32f4xx_hal_tim_ex.o
                              0x578d4 (size before relaxing)
 .debug_str     0x0005f4d9      0xad1 Drivers/STM32F4xx_HAL_Driver/Src/stm32f4xx_hal_tim.o
                              0x57ff0 (size before relaxing)
 .debug_str     0x0005ffaa      0x33e Drivers/STM32F4xx_HAL_Driver/Src/stm32f4xx_hal_rcc.o
                              0x57497 (size before relaxing)
 .debug_str     0x000602e8      0x5c3 Drivers/STM32F4xx_HAL_Driver/Src/stm32f4xx_hal_i2c.o
                              0x5799f (size before relaxing)
 .debug_str     0x000608ab      0x59b Drivers/STM32F4xx_HAL_Driver/Src/stm32f4xx_hal_gpio.o
                              0x5759c (size before relaxing)
 .debug_str     0x00060e46      0x180 Drivers/STM32F4xx_HAL_Driver/Src/stm32f4xx_hal_dma.o
                              0x572a1 (size before relaxing)
 .debug_str     0x00060fc6      0x30b Drivers/STM32F4xx_HAL_Driver/Src/stm32f4xx_hal_cortex.o
                              0x57751 (size before relaxing)
 .debug_str     0x000612d1      0x21f Drivers/STM32F4xx_HAL_Driver/Src/stm32f4xx_hal_adc_ex.o
                              0x5771a (size before relaxing)
 .debug_str     0x000614f0      0x21f Drivers/STM32F4xx_HAL_Driver/Src/stm32f4xx_hal_adc.o
                              0x576d8 (size before relaxing)
 .debug_str     0x0006170f      0x47a Drivers/STM32F4xx_HAL_Driver/Src/stm32f4xx_hal.o
                              0x57930 (size before relaxing)
 .debug_str     0x00061b89       0x89 Drivers/CMSIS/Device/ST/STM32F4xx/Source/Templates/system_stm32f4xx.o
                              0x57048 (size before relaxing)

.comment        0x00000000       0x70
 .comment       0x00000000       0x70 Src/usart.o
                                 0x71 (size before relaxing)
 .comment       0x00000000       0x71 Src/times_base/times_base.o