Archive member included because of file (symbol)

/opt/ARM/bin/../lib/gcc/arm-none-eabi/4.8.4/armv7e-m/fpu/libgcc.a(_arm_addsubdf3.o)
                              Src/peripherals/gyroscope/adxrs620.o (__aeabi_dsub)
/opt/ARM/bin/../lib/gcc/arm-none-eabi/4.8.4/armv7e-m/fpu/libgcc.a(_arm_muldivdf3.o)
                              Src/peripherals/gyroscope/adxrs620.o (__aeabi_dmul)
/opt/ARM/bin/../lib/gcc/arm-none-eabi/4.8.4/armv7e-m/fpu/libgcc.a(_arm_fixdfsi.o)
                              Src/peripherals/gyroscope/adxrs620.o (__aeabi_d2iz)
/opt/ARM/bin/../lib/gcc/arm-none-eabi/4.8.4/armv7e-m/fpu/libgcc.a(_arm_truncdfsf2.o)
                              Src/peripherals/gyroscope/adxrs620.o (__aeabi_d2f)
/opt/ARM/bin/../lib/gcc/arm-none-eabi/4.8.4/../../../../arm-none-eabi/lib/armv7e-m/fpu/libg.a(lib_a-exit.o)
                              /opt/ARM/bin/../lib/gcc/arm-none-eabi/4.8.4/../../../../arm-none-eabi/lib/armv7e-m/fpu/crt0.o (exit)
/opt/ARM/bin/../lib/gcc/arm-none-eabi/4.8.4/../../../../arm-none-eabi/lib/armv7e-m/fpu/libg.a(lib_a-impure.o)
                              /opt/ARM/bin/../lib/gcc/arm-none-eabi/4.8.4/../../../../arm-none-eabi/lib/armv7e-m/fpu/libg.a(lib_a-exit.o) (_global_impure_ptr)
/opt/ARM/bin/../lib/gcc/arm-none-eabi/4.8.4/../../../../arm-none-eabi/lib/armv7e-m/fpu/libg.a(lib_a-init.o)
                              /opt/ARM/bin/../lib/gcc/arm-none-eabi/4.8.4/../../../../arm-none-eabi/lib/armv7e-m/fpu/crt0.o (__libc_init_array)
/opt/ARM/bin/../lib/gcc/arm-none-eabi/4.8.4/../../../../arm-none-eabi/lib/armv7e-m/fpu/libg.a(lib_a-memset.o)
                              /opt/ARM/bin/../lib/gcc/arm-none-eabi/4.8.4/../../../../arm-none-eabi/lib/armv7e-m/fpu/crt0.o (memset)
/opt/ARM/bin/../lib/gcc/arm-none-eabi/4.8.4/../../../../arm-none-eabi/lib/armv7e-m/fpu/libg.a(lib_a-reent.o)
                              Src/syscalls.o (errno)
/opt/ARM/bin/../lib/gcc/arm-none-eabi/4.8.4/../../../../arm-none-eabi/lib/armv7e-m/fpu/libg.a(lib_a-sprintf.o)
                              Src/peripherals/display/ssd1306.o (sprintf)
/opt/ARM/bin/../lib/gcc/arm-none-eabi/4.8.4/../../../../arm-none-eabi/lib/armv7e-m/fpu/libg.a(lib_a-strlen.o)
                              Src/util/itoa.o (strlen)
/opt/ARM/bin/../lib/gcc/arm-none-eabi/4.8.4/../../../../arm-none-eabi/lib/armv7e-m/fpu/libg.a(lib_a-svfprintf.o)
                              /opt/ARM/bin/../lib/gcc/arm-none-eabi/4.8.4/../../../../arm-none-eabi/lib/armv7e-m/fpu/libg.a(lib_a-sprintf.o) (_svfprintf_r)
/opt/ARM/bin/../lib/gcc/arm-none-eabi/4.8.4/../../../../arm-none-eabi/lib/armv7e-m/fpu/libg.a(lib_a-__call_atexit.o)
                              /opt/ARM/bin/../lib/gcc/arm-none-eabi/4.8.4/../../../../arm-none-eabi/lib/armv7e-m/fpu/libg.a(lib_a-exit.o) (__call_exitprocs)
/opt/ARM/bin/../lib/gcc/arm-none-eabi/4.8.4/../../../../arm-none-eabi/lib/armv7e-m/fpu/libg.a(lib_a-atexit.o)
                              /opt/ARM/bin/../lib/gcc/arm-none-eabi/4.8.4/../../../../arm-none-eabi/lib/armv7e-m/fpu/libg.a(lib_a-__call_atexit.o) (atexit)
/opt/ARM/bin/../lib/gcc/arm-none-eabi/4.8.4/../../../../arm-none-eabi/lib/armv7e-m/fpu/libg.a(lib_a-dtoa.o)
                              /opt/ARM/bin/../lib/gcc/arm-none-eabi/4.8.4/../../../../arm-none-eabi/lib/armv7e-m/fpu/libg.a(lib_a-svfprintf.o) (_dtoa_r)
/opt/ARM/bin/../lib/gcc/arm-none-eabi/4.8.4/../../../../arm-none-eabi/lib/armv7e-m/fpu/libg.a(lib_a-fini.o)
                              /opt/ARM/bin/../lib/gcc/arm-none-eabi/4.8.4/../../../../arm-none-eabi/lib/armv7e-m/fpu/libg.a(lib_a-__call_atexit.o) (__libc_fini_array)
/opt/ARM/bin/../lib/gcc/arm-none-eabi/4.8.4/../../../../arm-none-eabi/lib/armv7e-m/fpu/libg.a(lib_a-freer.o)
                              /opt/ARM/bin/../lib/gcc/arm-none-eabi/4.8.4/../../../../arm-none-eabi/lib/armv7e-m/fpu/libg.a(lib_a-reent.o) (_free_r)
/opt/ARM/bin/../lib/gcc/arm-none-eabi/4.8.4/../../../../arm-none-eabi/lib/armv7e-m/fpu/libg.a(lib_a-locale.o)
                              /opt/ARM/bin/../lib/gcc/arm-none-eabi/4.8.4/../../../../arm-none-eabi/lib/armv7e-m/fpu/libg.a(lib_a-svfprintf.o) (_localeconv_r)
/opt/ARM/bin/../lib/gcc/arm-none-eabi/4.8.4/../../../../arm-none-eabi/lib/armv7e-m/fpu/libg.a(lib_a-mallocr.o)
                              /opt/ARM/bin/../lib/gcc/arm-none-eabi/4.8.4/../../../../arm-none-eabi/lib/armv7e-m/fpu/libg.a(lib_a-svfprintf.o) (_malloc_r)
/opt/ARM/bin/../lib/gcc/arm-none-eabi/4.8.4/../../../../arm-none-eabi/lib/armv7e-m/fpu/libg.a(lib_a-memchr-stub.o)
                              /opt/ARM/bin/../lib/gcc/arm-none-eabi/4.8.4/../../../../arm-none-eabi/lib/armv7e-m/fpu/libg.a(lib_a-svfprintf.o) (memchr)
/opt/ARM/bin/../lib/gcc/arm-none-eabi/4.8.4/../../../../arm-none-eabi/lib/armv7e-m/fpu/libg.a(lib_a-memcpy.o)
                              /opt/ARM/bin/../lib/gcc/arm-none-eabi/4.8.4/../../../../arm-none-eabi/lib/armv7e-m/fpu/libg.a(lib_a-dtoa.o) (memcpy)
/opt/ARM/bin/../lib/gcc/arm-none-eabi/4.8.4/../../../../arm-none-eabi/lib/armv7e-m/fpu/libg.a(lib_a-mlock.o)
[...]
Memory Configuration

Name             Origin             Length             Attributes
FLASH            0x08000000         0x00100000         xr
RAM              0x20000000         0x00020000         xrw
CCMRAM           0x10000000         0x00010000         rw
*default*        0x00000000         0xffffffff

Linker script and memory map

LOAD /opt/ARM/bin/../lib/gcc/arm-none-eabi/4.8.4/armv7e-m/fpu/crti.o
LOAD /opt/ARM/bin/../lib/gcc/arm-none-eabi/4.8.4/armv7e-m/fpu/crtbegin.o
LOAD /opt/ARM/bin/../lib/gcc/arm-none-eabi/4.8.4/../../../../arm-none-eabi/lib/armv7e-m/fpu/crt0.o
LOAD Src/util/itoa.o
LOAD Src/times_base/times_base.o
LOAD Src/syscalls.o
LOAD Src/stm32f4xx_it.o
LOAD Src/stm32f4xx_hal_msp.o
LOAD Src/peripherals/tests/tests.o
LOAD Src/peripherals/telemeters/telemeters.o
LOAD Src/peripherals/lineSensors/lineSensors.o
LOAD Src/peripherals/gyroscope/adxrs620.o
LOAD Src/peripherals/expander/pcf8574.o
LOAD Src/peripherals/encoders/ie512.o
LOAD Src/peripherals/display/ssd1306.o
LOAD Src/peripherals/display/smallfonts.o
LOAD Src/peripherals/bluetooth/bluetooth.o
LOAD Src/main.o
LOAD Src/dsp_lib/arm_sin_cos_q31.o
LOAD Src/dsp_lib/arm_sin_cos_f32.o
LOAD Src/dsp_lib/arm_pid_reset_q31.o
LOAD Src/dsp_lib/arm_pid_reset_q15.o
LOAD Src/dsp_lib/arm_pid_reset_f32.o
LOAD Src/dsp_lib/arm_pid_init_q31.o
LOAD Src/dsp_lib/arm_pid_init_q15.o
LOAD Src/dsp_lib/arm_pid_init_f32.o
LOAD Src/controls/straight_controls/straight_controls.o
LOAD Src/controls/pid/pid.o
LOAD Src/callback/user_it_callback.o
LOAD Drivers/STM32F4xx_HAL_Driver/Src/stm32f4xx_hal_uart.o
LOAD Drivers/STM32F4xx_HAL_Driver/Src/stm32f4xx_hal_tim_ex.o
LOAD Drivers/STM32F4xx_HAL_Driver/Src/stm32f4xx_hal_tim.o
LOAD Drivers/STM32F4xx_HAL_Driver/Src/stm32f4xx_hal_rcc_ex.o
LOAD Drivers/STM32F4xx_HAL_Driver/Src/stm32f4xx_hal_rcc.o
LOAD Drivers/STM32F4xx_HAL_Driver/Src/stm32f4xx_hal_pwr_ex.o
LOAD Drivers/STM32F4xx_HAL_Driver/Src/stm32f4xx_hal_pwr.o
LOAD Drivers/STM32F4xx_HAL_Driver/Src/stm32f4xx_hal_i2c_ex.o
LOAD Drivers/STM32F4xx_HAL_Driver/Src/stm32f4xx_hal_i2c.o
LOAD Drivers/STM32F4xx_HAL_Driver/Src/stm32f4xx_hal_gpio.o
LOAD Drivers/STM32F4xx_HAL_Driver/Src/stm32f4xx_hal_flash_ramfunc.o
LOAD Drivers/STM32F4xx_HAL_Driver/Src/stm32f4xx_hal_flash_ex.o
LOAD Drivers/STM32F4xx_HAL_Driver/Src/stm32f4xx_hal_flash.o
LOAD Drivers/STM32F4xx_HAL_Driver/Src/stm32f4xx_hal_dma_ex.o
LOAD Drivers/STM32F4xx_HAL_Driver/Src/stm32f4xx_hal_dma.o
LOAD Drivers/STM32F4xx_HAL_Driver/Src/stm32f4xx_hal_cortex.o
LOAD Drivers/STM32F4xx_HAL_Driver/Src/stm32f4xx_hal_adc_ex.o
LOAD Drivers/STM32F4xx_HAL_Driver/Src/stm32f4xx_hal_adc.o
LOAD Drivers/STM32F4xx_HAL_Driver/Src/stm32f4xx_hal.o
LOAD Drivers/CMSIS/Device/ST/STM32F4xx/Source/Templates/system_stm32f4xx.o
LOAD Drivers/CMSIS/Device/ST/STM32F4xx/Source/Templates/gcc/startup_stm32f405xx.o
START GROUP
LOAD /opt/ARM/bin/../lib/gcc/arm-none-eabi/4.8.4/armv7e-m/fpu/libgcc.a
LOAD /opt/ARM/bin/../lib/gcc/arm-none-eabi/4.8.4/../../../../arm-none-eabi/lib/armv7e-m/fpu/libg.a
LOAD /opt/ARM/bin/../lib/gcc/arm-none-eabi/4.8.4/../../../../arm-none-eabi/lib/armv7e-m/fpu/libc.a
END GROUP
LOAD /opt/ARM/bin/../lib/gcc/arm-none-eabi/4.8.4/armv7e-m/fpu/crtend.o
LOAD /opt/ARM/bin/../lib/gcc/arm-none-eabi/4.8.4/armv7e-m/fpu/crtn.o
                0x2001ffff                _estack = 0x2001ffff
                0x00000000                _Min_Heap_Size = 0x0
                0x00000400                _Min_Stack_Size = 0x400

.isr_vector     0x08000000      0x188
                0x08000000                . = ALIGN (0x4)
 *(.isr_vector)
 .isr_vector    0x08000000      0x188 Drivers/CMSIS/Device/ST/STM32F4xx/Source/Templates/gcc/startup_stm32f405xx.o
                0x08000000                g_pfnVectors
                0x08000188                . = ALIGN (0x4)

.text           0x08000188     0xdf08
                0x08000188                . = ALIGN (0x4)
 *(.text)
 .text          0x08000188       0x54 /opt/ARM/bin/../lib/gcc/arm-none-eabi/4.8.4/armv7e-m/fpu/crtbegin.o
 .text          0x080001dc      0x370 /opt/ARM/bin/../lib/gcc/arm-none-eabi/4.8.4/armv7e-m/fpu/libgcc.a(_arm_addsubdf3.o)
                0x080001dc                __aeabi_drsub
                0x080001e4                __aeabi_dsub
                0x080001e4                __subdf3
                0x080001e8                __adddf3
                0x080001e8                __aeabi_dadd
                0x08000460                __aeabi_ui2d
                0x08000460                __floatunsidf
                0x08000480                __floatsidf
                0x08000480                __aeabi_i2d
                0x080004a4                __extendsfdf2
                0x080004a4                __aeabi_f2d
                0x080004e0                __aeabi_ul2d
                0x080004e0                __floatundidf
                0x080004f0                __floatdidf
                0x080004f0                __aeabi_l2d
 .text          0x0800054c      0x424 /opt/ARM/bin/../lib/gcc/arm-none-eabi/4.8.4/armv7e-m/fpu/libgcc.a(_arm_muldivdf3.o)
                0x0800054c                __aeabi_dmul
                0x0800054c                __muldf3
                0x080007a0                __aeabi_ddiv
                0x080007a0                __divdf3
 .text          0x08000970       0x50 /opt/ARM/bin/../lib/gcc/arm-none-eabi/4.8.4/armv7e-m/fpu/libgcc.a(_arm_fixdfsi.o)
                0x08000970                __fixdfsi
                0x08000970                __aeabi_d2iz
 .text          0x080009c0       0xa0 /opt/ARM/bin/../lib/gcc/arm-none-eabi/4.8.4/armv7e-m/fpu/libgcc.a(_arm_truncdfsf2.o)
                0x080009c0                __aeabi_d2f
                0x080009c0                __truncdfsf2
 .text          0x08000a60      0x134 /opt/ARM/bin/../lib/gcc/arm-none-eabi/4.8.4/../../../../arm-none-eabi/lib/armv7e-m/fpu/libg.a(lib_a-memcpy.o)
                0x08000a60                memcpy
 .text          0x08000b94      0x110 /opt/ARM/bin/../lib/gcc/arm-none-eabi/4.8.4/armv7e-m/fpu/libgcc.a(_arm_cmpdf2.o)
                0x08000b94                __gtdf2
                0x08000b94                __gedf2
                0x08000b9c                __ltdf2
                0x08000b9c                __ledf2
                0x08000ba4                __cmpdf2
                0x08000ba4                __eqdf2
                0x08000ba4                __nedf2
                0x08000c20                __aeabi_cdrcmple
                0x08000c30                __aeabi_cdcmple
                0x08000c30                __aeabi_cdcmpeq
                0x08000c40                __aeabi_dcmpeq
                0x08000c54                __aeabi_dcmplt
                0x08000c68                __aeabi_dcmple
                0x08000c7c                __aeabi_dcmpge
                0x08000c90                __aeabi_dcmpgt
 .text          0x08000ca4       0x2c /opt/ARM/bin/../lib/gcc/arm-none-eabi/4.8.4/armv7e-m/fpu/libgcc.a(_aeabi_uldivmod.o)
                0x08000ca4                __aeabi_uldivmod
 .text          0x08000cd0       0x60 /opt/ARM/bin/../lib/gcc/arm-none-eabi/4.8.4/armv7e-m/fpu/libgcc.a(bpabi.o)
                0x08000cd0                __gnu_ldivmod_helper
                0x08000d00                __gnu_uldivmod_helper
 .text          0x08000d30        0x4 /opt/ARM/bin/../lib/gcc/arm-none-eabi/4.8.4/armv7e-m/fpu/libgcc.a(_dvmd_tls.o)
                0x08000d30                __aeabi_ldiv0
                0x08000d30                __aeabi_idiv0
 .text          0x08000d34      0x298 /opt/ARM/bin/../lib/gcc/arm-none-eabi/4.8.4/armv7e-m/fpu/libgcc.a(_divdi3.o)
                0x08000d34                __divdi3
 .text          0x08000fcc      0x284 /opt/ARM/bin/../lib/gcc/arm-none-eabi/4.8.4/armv7e-m/fpu/libgcc.a(_udivdi3.o)
                0x08000fcc                __udivdi3
 *(.text*)
 .text.TimesBase_Init
                0x08001250       0xbc Src/times_base/times_base.o
                0x08001250                TimesBase_Init
 .text.Led_Power_Blink
                0x0800130c       0x50 Src/times_base/times_base.o
                0x0800130c                Led_Power_Blink
 .text.Led_Blink_IT
                0x0800135c       0x78 Src/times_base/times_base.o
                0x0800135c                Led_Blink_IT
 .text.High_Freq_IT
                0x080013d4       0x14 Src/times_base/times_base.o
                0x080013d4                High_Freq_IT
 .text.Low_Freq_IT
                0x080013e8        0xc Src/times_base/times_base.o
                0x080013e8                Low_Freq_IT
 .text._sbrk    0x080013f4       0x5c Src/syscalls.o
                0x080013f4                _sbrk
 .text.DMA2_Stream2_IRQHandler
                0x08001450       0x18 Src/stm32f4xx_it.o
                0x08001450                DMA2_Stream2_IRQHandler
 .text.DMA1_Stream6_IRQHandler
                0x08001468       0x18 Src/stm32f4xx_it.o
                0x08001468                DMA1_Stream6_IRQHandler
 .text.TIM6_DAC_IRQHandler
                0x08001480       0x18 Src/stm32f4xx_it.o
                0x08001480                TIM6_DAC_IRQHandler
 .text.SysTick_Handler
                0x08001498       0x10 Src/stm32f4xx_it.o
                0x08001498                SysTick_Handler
 .text.TIM7_IRQHandler
                0x080014a8       0x18 Src/stm32f4xx_it.o
                0x080014a8                TIM7_IRQHandler
 .text.ADC_IRQHandler
                0x080014c0       0x2c Src/stm32f4xx_it.o
                0x080014c0                ADC_IRQHandler
 .text.DMA2_Stream1_IRQHandler
                0x080014ec       0x18 Src/stm32f4xx_it.o
                0x080014ec                DMA2_Stream1_IRQHandler
 .text.DMA1_Stream5_IRQHandler
                0x08001504       0x18 Src/stm32f4xx_it.o
                0x08001504                DMA1_Stream5_IRQHandler
 .text.TIM1_UP_TIM10_IRQHandler
                0x0800151c       0x20 Src/stm32f4xx_it.o
                0x0800151c                TIM1_UP_TIM10_IRQHandler
 .text.TIM3_IRQHandler
                0x0800153c       0x18 Src/stm32f4xx_it.o
                0x0800153c                TIM3_IRQHandler
 .text.RCC_IRQHandler
                0x08001554        0xc Src/stm32f4xx_it.o
                0x08001554                RCC_IRQHandler
 .text.HAL_ADC_MspInit
                0x08001560      0x264 Src/stm32f4xx_hal_msp.o
                0x08001560                HAL_ADC_MspInit
 .text.HAL_I2C_MspInit
                0x080017c4      0x108 Src/stm32f4xx_hal_msp.o
                0x080017c4                HAL_I2C_MspInit
 .text.HAL_TIM_Encoder_MspInit
                0x080018cc       0xc0 Src/stm32f4xx_hal_msp.o
                0x080018cc                HAL_TIM_Encoder_MspInit
 .text.HAL_TIM_PWM_MspInit
                0x0800198c       0x54 Src/stm32f4xx_hal_msp.o
                0x0800198c                HAL_TIM_PWM_MspInit
 .text.HAL_TIM_Base_MspInit
                0x080019e0       0xe8 Src/stm32f4xx_hal_msp.o
                0x080019e0                HAL_TIM_Base_MspInit
 .text.HAL_UART_MspInit
                0x08001ac8       0x54 Src/stm32f4xx_hal_msp.o
                0x08001ac8                HAL_UART_MspInit
 .text.test_Encoders
                0x08001b1c       0xe4 Src/peripherals/tests/tests.o
                0x08001b1c                test_Encoders
 .text.test_Beeper
                0x08001c00       0x3c Src/peripherals/tests/tests.o
                0x08001c00                test_Beeper
 .text.test_Telemeters
                0x08001c3c       0x80 Src/peripherals/tests/tests.o
                0x08001c3c                test_Telemeters
 .text.test_LineSensors
                0x08001cbc       0x98 Src/peripherals/tests/tests.o
                0x08001cbc                test_LineSensors
 .text.Telemeters_Init
                0x08001d54      0x100 Src/peripherals/telemeters/telemeters.o
                0x08001d54                Telemeters_Init
 .text.Telemeters_Start
                0x08001e54       0x10 Src/peripherals/telemeters/telemeters.o
                0x08001e54                Telemeters_Start
 .text.Telemeters_IT
                0x08001e64      0x10c Src/peripherals/telemeters/telemeters.o
                0x08001e64                Telemeters_IT
 .text.LineSensors_Init
                0x08001f70      0x138 Src/peripherals/lineSensors/lineSensors.o
                0x08001f70                LineSensors_Init
 .text.LineSensors_Start
                0x080020a8        0xc Src/peripherals/lineSensors/lineSensors.o
                0x080020a8                LineSensors_Start
 .text.LineSensors_IT
                0x080020b4       0xd0 Src/peripherals/lineSensors/lineSensors.o
                0x080020b4                LineSensors_IT
 .text.ADXRS620_Init
                0x08002184       0x50 Src/peripherals/gyroscope/adxrs620.o
                0x08002184                ADXRS620_Init
 .text.ADXRS620_Calibrate
                0x080021d4       0x88 Src/peripherals/gyroscope/adxrs620.o
                0x080021d4                ADXRS620_Calibrate
 .text.ADXRS620_IT
                0x0800225c       0x68 Src/peripherals/gyroscope/adxrs620.o
                0x0800225c                ADXRS620_IT
 *fill*         0x080022c4        0x4 
 .text.Debug_ADXRS620
                0x080022c8       0xb8 Src/peripherals/gyroscope/adxrs620.o
                0x080022c8                Debug_ADXRS620
 .text.sendData
                0x08002380       0x24 Src/peripherals/expander/pcf8574.o
 .text.getData  0x080023a4       0x34 Src/peripherals/expander/pcf8574.o
 .text.ExpanderSetbit
                0x080023d8       0x64 Src/peripherals/expander/pcf8574.o
                0x080023d8                ExpanderSetbit
 .text.Encoders_Init
                0x0800243c       0xfc Src/peripherals/encoders/ie512.o
                0x0800243c                Encoders_Init
 .text.Left_Encoder_IT
                0x08002538       0x48 Src/peripherals/encoders/ie512.o
                0x08002538                Left_Encoder_IT
 .text.Right_Encoder_IT
                0x08002580       0x48 Src/peripherals/encoders/ie512.o
                0x08002580                Right_Encoder_IT
 .text.CMD      0x080025c8       0x30 Src/peripherals/display/ssd1306.o
 .text.DATA     0x080025f8       0x30 Src/peripherals/display/ssd1306.o
 .text.ssd1306DrawChar
                0x08002628      0x15c Src/peripherals/display/ssd1306.o
 .text.ssd1306Init
                0x08002784      0x108 Src/peripherals/display/ssd1306.o
                0x08002784                ssd1306Init
 .text.ssd1306DrawPixel
                0x0800288c       0x60 Src/peripherals/display/ssd1306.o
                0x0800288c                ssd1306DrawPixel
 .text.ssd1306ClearScreen
                0x080028ec       0x18 Src/peripherals/display/ssd1306.o
                0x080028ec                ssd1306ClearScreen
 .text.ssd1306Refresh
                0x08002904       0x44 Src/peripherals/display/ssd1306.o
                0x08002904                ssd1306Refresh
 .text.ssd1306DrawString
                0x08002948       0x58 Src/peripherals/display/ssd1306.o
                0x08002948                ssd1306DrawString
 .text.ssd1306PrintInt
                0x080029a0       0x60 Src/peripherals/display/ssd1306.o
                0x080029a0                ssd1306PrintInt
 .text.main     0x08002a00       0xd0 Src/main.o
                0x08002a00                main
 .text.SystemClock_Config
                0x08002ad0       0x80 Src/main.o
                0x08002ad0                SystemClock_Config
 .text.MX_ADC1_Init
                0x08002b50       0xdc Src/main.o
 .text.MX_ADC2_Init
                0x08002c2c       0xb0 Src/main.o
 .text.MX_ADC3_Init
                0x08002cdc       0x9c Src/main.o
 .text.MX_I2C1_Init
                0x08002d78       0x54 Src/main.o
 .text.MX_TIM1_Init
                0x08002dcc       0x7c Src/main.o
 .text.MX_TIM3_Init
                0x08002e48       0x78 Src/main.o
 .text.MX_TIM4_Init
                0x08002ec0       0x6c Src/main.o
 .text.MX_TIM6_Init
                0x08002f2c       0x48 Src/main.o
 .text.MX_TIM7_Init
                0x08002f74       0x48 Src/main.o
 .text.MX_TIM8_Init
                0x08002fbc       0xc8 Src/main.o
 .text.MX_TIM10_Init
                0x08003084       0x34 Src/main.o
 .text.MX_USART3_UART_Init
                0x080030b8       0x48 Src/main.o
 .text.MX_DMA_Init
                0x08003100       0x7c Src/main.o
 .text.MX_GPIO_Init
                0x0800317c      0x140 Src/main.o
 .text.arm_pid_init_f32
                0x080032bc       0x6c Src/dsp_lib/arm_pid_init_f32.o
                0x080032bc                arm_pid_init_f32
 .text.Straight_Control_Start
                0x08003328       0x7c Src/controls/straight_controls/straight_controls.o
                0x08003328                Straight_Control_Start
 .text.Pwm_Init
                0x080033a4      0x124 Src/controls/straight_controls/straight_controls.o
                0x080033a4                Pwm_Init
 .text.Straight_Control_IT
                0x080034c8       0xbc Src/controls/straight_controls/straight_controls.o
                0x080034c8                Straight_Control_IT
 .text.arm_pid_f32
                0x08003584       0x78 Src/controls/pid/pid.o
 .text.Pid_Init
                0x080035fc       0x18 Src/controls/pid/pid.o
                0x080035fc                Pid_Init
 .text.Pid      0x08003614       0x24 Src/controls/pid/pid.o
                0x08003614                Pid
 .text.Pids_IT  0x08003638        0xc Src/controls/pid/pid.o
                0x08003638                Pids_IT
 .text.HAL_TIM_PeriodElapsedCallback
                0x08003644       0x60 Src/callback/user_it_callback.o
                0x08003644                HAL_TIM_PeriodElapsedCallback
 .text.HAL_UART_Init
                0x080036a4       0x8c Drivers/STM32F4xx_HAL_Driver/Src/stm32f4xx_hal_uart.o
                0x080036a4                HAL_UART_Init
 .text.UART_SetConfig
                0x08003730      0x2dc Drivers/STM32F4xx_HAL_Driver/Src/stm32f4xx_hal_uart.o
 .text.HAL_TIMEx_MasterConfigSynchronization
                0x08003a0c       0x8c Drivers/STM32F4xx_HAL_Driver/Src/stm32f4xx_hal_tim_ex.o
                0x08003a0c                HAL_TIMEx_MasterConfigSynchronization
 .text.HAL_TIMEx_ConfigBreakDeadTime
                0x08003a98       0x74 Drivers/STM32F4xx_HAL_Driver/Src/stm32f4xx_hal_tim_ex.o
                0x08003a98                HAL_TIMEx_ConfigBreakDeadTime
 .text.HAL_TIMEx_CommutationCallback
                0x08003b0c       0x14 Drivers/STM32F4xx_HAL_Driver/Src/stm32f4xx_hal_tim_ex.o
                0x08003b0c                HAL_TIMEx_CommutationCallback
 .text.HAL_TIMEx_BreakCallback
                0x08003b20       0x14 Drivers/STM32F4xx_HAL_Driver/Src/stm32f4xx_hal_tim_ex.o
                0x08003b20                HAL_TIMEx_BreakCallback
 .text.HAL_TIM_Base_Init
                0x08003b34       0x50 Drivers/STM32F4xx_HAL_Driver/Src/stm32f4xx_hal_tim.o
                0x08003b34                HAL_TIM_Base_Init
 .text.HAL_TIM_Base_Start_IT
                0x08003b84       0x38 Drivers/STM32F4xx_HAL_Driver/Src/stm32f4xx_hal_tim.o
                0x08003b84                HAL_TIM_Base_Start_IT
 .text.HAL_TIM_PWM_Init
                0x08003bbc       0x50 Drivers/STM32F4xx_HAL_Driver/Src/stm32f4xx_hal_tim.o
                0x08003bbc                HAL_TIM_PWM_Init
 .text.HAL_TIM_PWM_Start
                0x08003c0c       0x68 Drivers/STM32F4xx_HAL_Driver/Src/stm32f4xx_hal_tim.o
                0x08003c0c                HAL_TIM_PWM_Start
 .text.HAL_TIM_PWM_Stop
                0x08003c74       0xb0 Drivers/STM32F4xx_HAL_Driver/Src/stm32f4xx_hal_tim.o
                0x08003c74                HAL_TIM_PWM_Stop
 .text.HAL_TIM_Encoder_Init
                0x08003d24      0x124 Drivers/STM32F4xx_HAL_Driver/Src/stm32f4xx_hal_tim.o
                0x08003d24                HAL_TIM_Encoder_Init
 .text.HAL_TIM_Encoder_Start
                0x08003e48       0x70 Drivers/STM32F4xx_HAL_Driver/Src/stm32f4xx_hal_tim.o
                0x08003e48                HAL_TIM_Encoder_Start
 .text.HAL_TIM_IRQHandler
                0x08003eb8      0x210 Drivers/STM32F4xx_HAL_Driver/Src/stm32f4xx_hal_tim.o
                0x08003eb8                HAL_TIM_IRQHandler
 .text.HAL_TIM_PWM_ConfigChannel
                0x080040c8      0x18c Drivers/STM32F4xx_HAL_Driver/Src/stm32f4xx_hal_tim.o
                0x080040c8                HAL_TIM_PWM_ConfigChannel
 .text.HAL_TIM_ConfigClockSource
                0x08004254      0x1c4 Drivers/STM32F4xx_HAL_Driver/Src/stm32f4xx_hal_tim.o
                0x08004254                HAL_TIM_ConfigClockSource
 .text.HAL_TIM_OC_DelayElapsedCallback
                0x08004418       0x14 Drivers/STM32F4xx_HAL_Driver/Src/stm32f4xx_hal_tim.o
                0x08004418                HAL_TIM_OC_DelayElapsedCallback
 .text.HAL_TIM_IC_CaptureCallback
                0x0800442c       0x14 Drivers/STM32F4xx_HAL_Driver/Src/stm32f4xx_hal_tim.o
                0x0800442c                HAL_TIM_IC_CaptureCallback
 .text.HAL_TIM_PWM_PulseFinishedCallback
                0x08004440       0x14 Drivers/STM32F4xx_HAL_Driver/Src/stm32f4xx_hal_tim.o
                0x08004440                HAL_TIM_PWM_PulseFinishedCallback
 .text.HAL_TIM_TriggerCallback
                0x08004454       0x14 Drivers/STM32F4xx_HAL_Driver/Src/stm32f4xx_hal_tim.o
                0x08004454                HAL_TIM_TriggerCallback
 .text.TIM_Base_SetConfig
                0x08004468      0x150 Drivers/STM32F4xx_HAL_Driver/Src/stm32f4xx_hal_tim.o
                0x08004468                TIM_Base_SetConfig
 .text.TIM_OC1_SetConfig
                0x080045b8       0xe4 Drivers/STM32F4xx_HAL_Driver/Src/stm32f4xx_hal_tim.o
 .text.TIM_OC2_SetConfig
                0x0800469c       0xf0 Drivers/STM32F4xx_HAL_Driver/Src/stm32f4xx_hal_tim.o
                0x0800469c                TIM_OC2_SetConfig
 .text.TIM_OC3_SetConfig
                0x0800478c       0xec Drivers/STM32F4xx_HAL_Driver/Src/stm32f4xx_hal_tim.o
 .text.TIM_OC4_SetConfig
                0x08004878       0xc0 Drivers/STM32F4xx_HAL_Driver/Src/stm32f4xx_hal_tim.o
 .text.TIM_TI1_ConfigInputStage
                0x08004938       0x64 Drivers/STM32F4xx_HAL_Driver/Src/stm32f4xx_hal_tim.o
 .text.TIM_TI2_ConfigInputStage
                0x0800499c       0x68 Drivers/STM32F4xx_HAL_Driver/Src/stm32f4xx_hal_tim.o
 .text.TIM_ITRx_SetConfig
                0x08004a04       0x3c Drivers/STM32F4xx_HAL_Driver/Src/stm32f4xx_hal_tim.o
 .text.TIM_ETR_SetConfig
                0x08004a40       0x44 Drivers/STM32F4xx_HAL_Driver/Src/stm32f4xx_hal_tim.o
 .text.TIM_CCxChannelCmd
                0x08004a84       0x44 Drivers/STM32F4xx_HAL_Driver/Src/stm32f4xx_hal_tim.o
                0x08004a84                TIM_CCxChannelCmd
 .text.HAL_RCC_OscConfig
                0x08004ac8      0x4b8 Drivers/STM32F4xx_HAL_Driver/Src/stm32f4xx_hal_rcc.o
                0x08004ac8                HAL_RCC_OscConfig
 .text.HAL_RCC_ClockConfig
                0x08004f80      0x2b8 Drivers/STM32F4xx_HAL_Driver/Src/stm32f4xx_hal_rcc.o
                0x08004f80                HAL_RCC_ClockConfig
 .text.HAL_RCC_EnableCSS
                0x08005238       0x18 Drivers/STM32F4xx_HAL_Driver/Src/stm32f4xx_hal_rcc.o
                0x08005238                HAL_RCC_EnableCSS
 .text.HAL_RCC_GetSysClockFreq
                0x08005250      0x138 Drivers/STM32F4xx_HAL_Driver/Src/stm32f4xx_hal_rcc.o
                0x08005250                HAL_RCC_GetSysClockFreq
 .text.HAL_RCC_GetHCLKFreq
                0x08005388       0x58 Drivers/STM32F4xx_HAL_Driver/Src/stm32f4xx_hal_rcc.o
                0x08005388                HAL_RCC_GetHCLKFreq
 .text.HAL_RCC_GetPCLK1Freq
                0x080053e0       0x50 Drivers/STM32F4xx_HAL_Driver/Src/stm32f4xx_hal_rcc.o
                0x080053e0                HAL_RCC_GetPCLK1Freq
 .text.HAL_RCC_GetPCLK2Freq
                0x08005430       0x50 Drivers/STM32F4xx_HAL_Driver/Src/stm32f4xx_hal_rcc.o
                0x08005430                HAL_RCC_GetPCLK2Freq
 .text.HAL_I2C_Init
                0x08005480      0x1ac Drivers/STM32F4xx_HAL_Driver/Src/stm32f4xx_hal_i2c.o
                0x08005480                HAL_I2C_Init
 .text.HAL_I2C_Master_Transmit_DMA
                0x0800562c      0x10c Drivers/STM32F4xx_HAL_Driver/Src/stm32f4xx_hal_i2c.o
                0x0800562c                HAL_I2C_Master_Transmit_DMA
 .text.HAL_I2C_Master_Receive_DMA
                0x08005738      0x134 Drivers/STM32F4xx_HAL_Driver/Src/stm32f4xx_hal_i2c.o
                0x08005738                HAL_I2C_Master_Receive_DMA
 .text.HAL_I2C_MasterTxCpltCallback
                0x0800586c       0x14 Drivers/STM32F4xx_HAL_Driver/Src/stm32f4xx_hal_i2c.o
                0x0800586c                HAL_I2C_MasterTxCpltCallback
 .text.HAL_I2C_MasterRxCpltCallback
                0x08005880       0x14 Drivers/STM32F4xx_HAL_Driver/Src/stm32f4xx_hal_i2c.o
                0x08005880                HAL_I2C_MasterRxCpltCallback
 .text.HAL_I2C_ErrorCallback
                0x08005894       0x14 Drivers/STM32F4xx_HAL_Driver/Src/stm32f4xx_hal_i2c.o
                0x08005894                HAL_I2C_ErrorCallback
 .text.HAL_I2C_GetState
                0x080058a8       0x1c Drivers/STM32F4xx_HAL_Driver/Src/stm32f4xx_hal_i2c.o
                0x080058a8                HAL_I2C_GetState
 .text.I2C_MasterRequestWrite
                0x080058c4       0xcc Drivers/STM32F4xx_HAL_Driver/Src/stm32f4xx_hal_i2c.o
 .text.I2C_MasterRequestRead
                0x08005990      0x14c Drivers/STM32F4xx_HAL_Driver/Src/stm32f4xx_hal_i2c.o
 .text.I2C_DMAMasterTransmitCplt
                0x08005adc       0xb0 Drivers/STM32F4xx_HAL_Driver/Src/stm32f4xx_hal_i2c.o
 .text.I2C_DMAMasterReceiveCplt
                0x08005b8c       0xa8 Drivers/STM32F4xx_HAL_Driver/Src/stm32f4xx_hal_i2c.o
 .text.I2C_DMAError
                0x08005c34       0x4c Drivers/STM32F4xx_HAL_Driver/Src/stm32f4xx_hal_i2c.o
 .text.I2C_WaitOnFlagUntilTimeout
                0x08005c80      0x114 Drivers/STM32F4xx_HAL_Driver/Src/stm32f4xx_hal_i2c.o
 .text.I2C_WaitOnMasterAddressFlagUntilTimeout
                0x08005d94       0xd8 Drivers/STM32F4xx_HAL_Driver/Src/stm32f4xx_hal_i2c.o
 .text.HAL_GPIO_Init
                0x08005e6c      0x344 Drivers/STM32F4xx_HAL_Driver/Src/stm32f4xx_hal_gpio.o
                0x08005e6c                HAL_GPIO_Init
 .text.HAL_GPIO_WritePin
                0x080061b0       0x30 Drivers/STM32F4xx_HAL_Driver/Src/stm32f4xx_hal_gpio.o
                0x080061b0                HAL_GPIO_WritePin
 .text.HAL_DMA_Init
                0x080061e0       0xd8 Drivers/STM32F4xx_HAL_Driver/Src/stm32f4xx_hal_dma.o
                0x080061e0                HAL_DMA_Init
 .text.HAL_DMA_Start_IT
                0x080062b8       0xb4 Drivers/STM32F4xx_HAL_Driver/Src/stm32f4xx_hal_dma.o
                0x080062b8                HAL_DMA_Start_IT
 .text.HAL_DMA_Abort
                0x0800636c       0x7c Drivers/STM32F4xx_HAL_Driver/Src/stm32f4xx_hal_dma.o
                0x0800636c                HAL_DMA_Abort
 .text.HAL_DMA_IRQHandler
                0x080063e8     0x333c Drivers/STM32F4xx_HAL_Driver/Src/stm32f4xx_hal_dma.o
                0x080063e8                HAL_DMA_IRQHandler
 .text.DMA_SetConfig
                0x08009724       0x4c Drivers/STM32F4xx_HAL_Driver/Src/stm32f4xx_hal_dma.o
 .text.NVIC_SetPriorityGrouping
                0x08009770       0x48 Drivers/STM32F4xx_HAL_Driver/Src/stm32f4xx_hal_cortex.o
 .text.NVIC_GetPriorityGrouping
                0x080097b8       0x1c Drivers/STM32F4xx_HAL_Driver/Src/stm32f4xx_hal_cortex.o
 .text.NVIC_EnableIRQ
                0x080097d4       0x30 Drivers/STM32F4xx_HAL_Driver/Src/stm32f4xx_hal_cortex.o
 .text.NVIC_ClearPendingIRQ
                0x08009804       0x34 Drivers/STM32F4xx_HAL_Driver/Src/stm32f4xx_hal_cortex.o
 .text.NVIC_SetPriority
                0x08009838       0x54 Drivers/STM32F4xx_HAL_Driver/Src/stm32f4xx_hal_cortex.o
 .text.NVIC_EncodePriority
                0x0800988c       0x68 Drivers/STM32F4xx_HAL_Driver/Src/stm32f4xx_hal_cortex.o
 .text.SysTick_Config
                0x080098f4       0x44 Drivers/STM32F4xx_HAL_Driver/Src/stm32f4xx_hal_cortex.o
 .text.HAL_NVIC_SetPriorityGrouping
                0x08009938       0x14 Drivers/STM32F4xx_HAL_Driver/Src/stm32f4xx_hal_cortex.o
                0x08009938                HAL_NVIC_SetPriorityGrouping
 .text.HAL_NVIC_SetPriority
                0x0800994c       0x38 Drivers/STM32F4xx_HAL_Driver/Src/stm32f4xx_hal_cortex.o
                0x0800994c                HAL_NVIC_SetPriority
 .text.HAL_NVIC_EnableIRQ
                0x08009984       0x1c Drivers/STM32F4xx_HAL_Driver/Src/stm32f4xx_hal_cortex.o
                0x08009984                HAL_NVIC_EnableIRQ
 .text.HAL_SYSTICK_Config
                0x080099a0       0x18 Drivers/STM32F4xx_HAL_Driver/Src/stm32f4xx_hal_cortex.o
                0x080099a0                HAL_SYSTICK_Config
 .text.HAL_NVIC_ClearPendingIRQ
                0x080099b8       0x1c Drivers/STM32F4xx_HAL_Driver/Src/stm32f4xx_hal_cortex.o
                0x080099b8                HAL_NVIC_ClearPendingIRQ
 .text.HAL_SYSTICK_IRQHandler
                0x080099d4        0xc Drivers/STM32F4xx_HAL_Driver/Src/stm32f4xx_hal_cortex.o
                0x080099d4                HAL_SYSTICK_IRQHandler
 .text.HAL_SYSTICK_Callback
                0x080099e0        0xc Drivers/STM32F4xx_HAL_Driver/Src/stm32f4xx_hal_cortex.o
                0x080099e0                HAL_SYSTICK_Callback
 .text.HAL_ADCEx_InjectedConvCpltCallback
                0x080099ec       0x14 Drivers/STM32F4xx_HAL_Driver/Src/stm32f4xx_hal_adc_ex.o
                0x080099ec                HAL_ADCEx_InjectedConvCpltCallback
 .text.HAL_ADC_Init
                0x08009a00       0x54 Drivers/STM32F4xx_HAL_Driver/Src/stm32f4xx_hal_adc.o
                0x08009a00                HAL_ADC_Init
 .text.HAL_ADC_Start
                0x08009a54       0xd8 Drivers/STM32F4xx_HAL_Driver/Src/stm32f4xx_hal_adc.o
                0x08009a54                HAL_ADC_Start
 .text.HAL_ADC_IRQHandler
                0x08009b2c      0x25c Drivers/STM32F4xx_HAL_Driver/Src/stm32f4xx_hal_adc.o
                0x08009b2c                HAL_ADC_IRQHandler
 .text.HAL_ADC_Start_DMA
                0x08009d88       0xe8 Drivers/STM32F4xx_HAL_Driver/Src/stm32f4xx_hal_adc.o
                0x08009d88                HAL_ADC_Start_DMA
 .text.HAL_ADC_Stop_DMA
                0x08009e70       0x54 Drivers/STM32F4xx_HAL_Driver/Src/stm32f4xx_hal_adc.o
                0x08009e70                HAL_ADC_Stop_DMA
 .text.HAL_ADC_ConvCpltCallback
                0x08009ec4       0x14 Drivers/STM32F4xx_HAL_Driver/Src/stm32f4xx_hal_adc.o
                0x08009ec4                HAL_ADC_ConvCpltCallback
 .text.HAL_ADC_ConvHalfCpltCallback
                0x08009ed8       0x14 Drivers/STM32F4xx_HAL_Driver/Src/stm32f4xx_hal_adc.o
                0x08009ed8                HAL_ADC_ConvHalfCpltCallback
 .text.HAL_ADC_LevelOutOfWindowCallback
                0x08009eec       0x14 Drivers/STM32F4xx_HAL_Driver/Src/stm32f4xx_hal_adc.o
                0x08009eec                HAL_ADC_LevelOutOfWindowCallback
 .text.HAL_ADC_ErrorCallback
                0x08009f00       0x14 Drivers/STM32F4xx_HAL_Driver/Src/stm32f4xx_hal_adc.o
                0x08009f00                HAL_ADC_ErrorCallback
 .text.HAL_ADC_ConfigChannel
                0x08009f14      0x1f0 Drivers/STM32F4xx_HAL_Driver/Src/stm32f4xx_hal_adc.o
                0x08009f14                HAL_ADC_ConfigChannel
 .text.ADC_Init
                0x0800a104      0x1c0 Drivers/STM32F4xx_HAL_Driver/Src/stm32f4xx_hal_adc.o
 .text.ADC_DMAConvCplt
                0x0800a2c4       0x38 Drivers/STM32F4xx_HAL_Driver/Src/stm32f4xx_hal_adc.o
 .text.ADC_DMAHalfConvCplt
                0x0800a2fc       0x1c Drivers/STM32F4xx_HAL_Driver/Src/stm32f4xx_hal_adc.o
 .text.ADC_DMAError
                0x0800a318       0x30 Drivers/STM32F4xx_HAL_Driver/Src/stm32f4xx_hal_adc.o
 .text.HAL_Init
                0x0800a348       0x44 Drivers/STM32F4xx_HAL_Driver/Src/stm32f4xx_hal.o
                0x0800a348                HAL_Init
 .text.HAL_MspInit
                0x0800a38c        0xc Drivers/STM32F4xx_HAL_Driver/Src/stm32f4xx_hal.o
                0x0800a38c                HAL_MspInit
 .text.HAL_InitTick
                0x0800a398       0x38 Drivers/STM32F4xx_HAL_Driver/Src/stm32f4xx_hal.o
                0x0800a398                HAL_InitTick
 .text.HAL_IncTick
                0x0800a3d0       0x1c Drivers/STM32F4xx_HAL_Driver/Src/stm32f4xx_hal.o
                0x0800a3d0                HAL_IncTick
 .text.HAL_GetTick
                0x0800a3ec       0x18 Drivers/STM32F4xx_HAL_Driver/Src/stm32f4xx_hal.o
                0x0800a3ec                HAL_GetTick
 .text.HAL_Delay
                0x0800a404       0x2c Drivers/STM32F4xx_HAL_Driver/Src/stm32f4xx_hal.o
                0x0800a404                HAL_Delay
 .text.SystemInit
                0x0800a430       0x6c Drivers/CMSIS/Device/ST/STM32F4xx/Source/Templates/system_stm32f4xx.o
                0x0800a430                SystemInit
 .text.Reset_Handler
                0x0800a49c       0x58 Drivers/CMSIS/Device/ST/STM32F4xx/Source/Templates/gcc/startup_stm32f405xx.o
                0x0800a49c                Reset_Handler
 .text.Default_Handler
                0x0800a4f4        0x4 Drivers/CMSIS/Device/ST/STM32F4xx/Source/Templates/gcc/startup_stm32f405xx.o
                0x0800a4f4                RTC_Alarm_IRQHandler
                0x0800a4f4                HASH_RNG_IRQHandler
                0x0800a4f4                EXTI2_IRQHandler
                0x0800a4f4                TIM8_CC_IRQHandler
                0x0800a4f4                DebugMon_Handler
                0x0800a4f4                TIM1_CC_IRQHandler
                0x0800a4f4                DMA2_Stream5_IRQHandler
                0x0800a4f4                HardFault_Handler
                0x0800a4f4                PVD_IRQHandler
                0x0800a4f4                SDIO_IRQHandler
                0x0800a4f4                TAMP_STAMP_IRQHandler
                0x0800a4f4                PendSV_Handler
                0x0800a4f4                NMI_Handler
                0x0800a4f4                CAN2_RX1_IRQHandler
                0x0800a4f4                EXTI3_IRQHandler
                0x0800a4f4                TIM8_TRG_COM_TIM14_IRQHandler
                0x0800a4f4                TIM8_UP_TIM13_IRQHandler
                0x0800a4f4                I2C3_ER_IRQHandler
                0x0800a4f4                EXTI0_IRQHandler
                0x0800a4f4                I2C2_EV_IRQHandler
                0x0800a4f4                DMA1_Stream2_IRQHandler
                0x0800a4f4                CAN1_RX0_IRQHandler
                0x0800a4f4                FPU_IRQHandler
                0x0800a4f4                OTG_HS_WKUP_IRQHandler
                0x0800a4f4                UsageFault_Handler
                0x0800a4f4                CAN2_SCE_IRQHandler
                0x0800a4f4                SPI1_IRQHandler
                0x0800a4f4                TIM1_BRK_TIM9_IRQHandler
                0x0800a4f4                CAN2_RX0_IRQHandler
                0x0800a4f4                DMA2_Stream3_IRQHandler
                0x0800a4f4                USART6_IRQHandler
                0x0800a4f4                USART3_IRQHandler
                0x0800a4f4                CAN1_RX1_IRQHandler
                0x0800a4f4                UART5_IRQHandler
                0x0800a4f4                DMA2_Stream0_IRQHandler
                0x0800a4f4                TIM4_IRQHandler
                0x0800a4f4                I2C1_EV_IRQHandler
                0x0800a4f4                DMA1_Stream1_IRQHandler
                0x0800a4f4                UART4_IRQHandler
                0x0800a4f4                TIM8_BRK_TIM12_IRQHandler
                0x0800a4f4                Default_Handler
                0x0800a4f4                EXTI15_10_IRQHandler
                0x0800a4f4                DMA1_Stream7_IRQHandler
                0x0800a4f4                CAN2_TX_IRQHandler
                0x0800a4f4                TIM5_IRQHandler
                0x0800a4f4                DMA2_Stream7_IRQHandler
                0x0800a4f4                I2C3_EV_IRQHandler
                0x0800a4f4                EXTI9_5_IRQHandler
                0x0800a4f4                RTC_WKUP_IRQHandler
                0x0800a4f4                SPI2_IRQHandler
                0x0800a4f4                OTG_HS_EP1_IN_IRQHandler
                0x0800a4f4                MemManage_Handler
                0x0800a4f4                DMA1_Stream0_IRQHandler
                0x0800a4f4                CAN1_TX_IRQHandler
                0x0800a4f4                SVC_Handler
                0x0800a4f4                EXTI4_IRQHandler
                0x0800a4f4                FSMC_IRQHandler
                0x0800a4f4                OTG_HS_EP1_OUT_IRQHandler
                0x0800a4f4                WWDG_IRQHandler
                0x0800a4f4                TIM2_IRQHandler
                0x0800a4f4                OTG_FS_WKUP_IRQHandler
                0x0800a4f4                TIM1_TRG_COM_TIM11_IRQHandler
                0x0800a4f4                OTG_HS_IRQHandler
                0x0800a4f4                EXTI1_IRQHandler
                0x0800a4f4                USART2_IRQHandler
                0x0800a4f4                I2C2_ER_IRQHandler
                0x0800a4f4                CAN1_SCE_IRQHandler
                0x0800a4f4                FLASH_IRQHandler
                0x0800a4f4                DMA2_Stream4_IRQHandler
                0x0800a4f4                BusFault_Handler
                0x0800a4f4                USART1_IRQHandler
                0x0800a4f4                OTG_FS_IRQHandler
                0x0800a4f4                SPI3_IRQHandler
                0x0800a4f4                DMA1_Stream4_IRQHandler
                0x0800a4f4                I2C1_ER_IRQHandler
                0x0800a4f4                DMA2_Stream6_IRQHandler
                0x0800a4f4                DMA1_Stream3_IRQHandler
 .text.__libc_init_array
                0x0800a4f8       0x50 /opt/ARM/bin/../lib/gcc/arm-none-eabi/4.8.4/../../../../arm-none-eabi/lib/armv7e-m/fpu/libg.a(lib_a-init.o)
                0x0800a4f8                __libc_init_array
 .text.memset   0x0800a548       0x94 /opt/ARM/bin/../lib/gcc/arm-none-eabi/4.8.4/../../../../arm-none-eabi/lib/armv7e-m/fpu/libg.a(lib_a-memset.o)
                0x0800a548                memset
 .text.sprintf  0x0800a5dc       0x4c /opt/ARM/bin/../lib/gcc/arm-none-eabi/4.8.4/../../../../arm-none-eabi/lib/armv7e-m/fpu/libg.a(lib_a-sprintf.o)
                0x0800a5dc                sprintf
 .text.strlen   0x0800a628       0x60 /opt/ARM/bin/../lib/gcc/arm-none-eabi/4.8.4/../../../../arm-none-eabi/lib/armv7e-m/fpu/libg.a(lib_a-strlen.o)
                0x0800a628                strlen
 .text._svfprintf_r
                0x0800a688     0x14f0 /opt/ARM/bin/../lib/gcc/arm-none-eabi/4.8.4/../../../../arm-none-eabi/lib/armv7e-m/fpu/libg.a(lib_a-svfprintf.o)
                0x0800a688                _svfprintf_r
 .text.startup.register_fini
                0x0800bb78       0x14 /opt/ARM/bin/../lib/gcc/arm-none-eabi/4.8.4/../../../../arm-none-eabi/lib/armv7e-m/fpu/libg.a(lib_a-__call_atexit.o)
 .text.atexit   0x0800bb8c        0xc /opt/ARM/bin/../lib/gcc/arm-none-eabi/4.8.4/../../../../arm-none-eabi/lib/armv7e-m/fpu/libg.a(lib_a-atexit.o)
                0x0800bb8c                atexit
 .text.quorem   0x0800bb98      0x130 /opt/ARM/bin/../lib/gcc/arm-none-eabi/4.8.4/../../../../arm-none-eabi/lib/armv7e-m/fpu/libg.a(lib_a-dtoa.o)
 .text._dtoa_r  0x0800bcc8      0xe58 /opt/ARM/bin/../lib/gcc/arm-none-eabi/4.8.4/../../../../arm-none-eabi/lib/armv7e-m/fpu/libg.a(lib_a-dtoa.o)
                0x0800bcc8                _dtoa_r
 .text.__libc_fini_array
                0x0800cb20       0x30 /opt/ARM/bin/../lib/gcc/arm-none-eabi/4.8.4/../../../../arm-none-eabi/lib/armv7e-m/fpu/libg.a(lib_a-fini.o)
                0x0800cb20                __libc_fini_array
 .text._malloc_trim_r
                0x0800cb50       0x9c /opt/ARM/bin/../lib/gcc/arm-none-eabi/4.8.4/../../../../arm-none-eabi/lib/armv7e-m/fpu/libg.a(lib_a-freer.o)
                0x0800cb50                _malloc_trim_r
 .text._free_r  0x0800cbec      0x19c /opt/ARM/bin/../lib/gcc/arm-none-eabi/4.8.4/../../../../arm-none-eabi/lib/armv7e-m/fpu/libg.a(lib_a-freer.o)
                0x0800cbec                _free_r
 .text._localeconv_r
                0x0800cd88        0x8 /opt/ARM/bin/../lib/gcc/arm-none-eabi/4.8.4/../../../../arm-none-eabi/lib/armv7e-m/fpu/libg.a(lib_a-locale.o)
                0x0800cd88                _localeconv_r
 .text._malloc_r
                0x0800cd90      0x538 /opt/ARM/bin/../lib/gcc/arm-none-eabi/4.8.4/../../../../arm-none-eabi/lib/armv7e-m/fpu/libg.a(lib_a-mallocr.o)
                0x0800cd90                _malloc_r
 .text.memchr   0x0800d2c8       0x90 /opt/ARM/bin/../lib/gcc/arm-none-eabi/4.8.4/../../../../arm-none-eabi/lib/armv7e-m/fpu/libg.a(lib_a-memchr-stub.o)
                0x0800d2c8                memchr
 .text.__malloc_lock
                0x0800d358        0x4 /opt/ARM/bin/../lib/gcc/arm-none-eabi/4.8.4/../../../../arm-none-eabi/lib/armv7e-m/fpu/libg.a(lib_a-mlock.o)
                0x0800d358                __malloc_lock
 .text.__malloc_unlock
                0x0800d35c        0x4 /opt/ARM/bin/../lib/gcc/arm-none-eabi/4.8.4/../../../../arm-none-eabi/lib/armv7e-m/fpu/libg.a(lib_a-mlock.o)
                0x0800d35c                __malloc_unlock
 .text._Balloc  0x0800d360       0x4c /opt/ARM/bin/../lib/gcc/arm-none-eabi/4.8.4/../../../../arm-none-eabi/lib/armv7e-m/fpu/libg.a(lib_a-mprec.o)
                0x0800d360                _Balloc
 .text._Bfree   0x0800d3ac       0x14 /opt/ARM/bin/../lib/gcc/arm-none-eabi/4.8.4/../../../../arm-none-eabi/lib/armv7e-m/fpu/libg.a(lib_a-mprec.o)
                0x0800d3ac                _Bfree
 .text.__multadd
                0x0800d3c0       0x98 /opt/ARM/bin/../lib/gcc/arm-none-eabi/4.8.4/../../../../arm-none-eabi/lib/armv7e-m/fpu/libg.a(lib_a-mprec.o)
                0x0800d3c0                __multadd
 .text.__hi0bits
                0x0800d458       0x40 /opt/ARM/bin/../lib/gcc/arm-none-eabi/4.8.4/../../../../arm-none-eabi/lib/armv7e-m/fpu/libg.a(lib_a-mprec.o)
                0x0800d458                __hi0bits
 .text.__lo0bits
                0x0800d498       0x5c /opt/ARM/bin/../lib/gcc/arm-none-eabi/4.8.4/../../../../arm-none-eabi/lib/armv7e-m/fpu/libg.a(lib_a-mprec.o)
                0x0800d498                __lo0bits
 .text.__i2b    0x0800d4f4       0x14 /opt/ARM/bin/../lib/gcc/arm-none-eabi/4.8.4/../../../../arm-none-eabi/lib/armv7e-m/fpu/libg.a(lib_a-mprec.o)
                0x0800d4f4                __i2b
 .text.__multiply
                0x0800d508      0x13c /opt/ARM/bin/../lib/gcc/arm-none-eabi/4.8.4/../../../../arm-none-eabi/lib/armv7e-m/fpu/libg.a(lib_a-mprec.o)
                0x0800d508                __multiply
 .text.__pow5mult
                0x0800d644       0x9c /opt/ARM/bin/../lib/gcc/arm-none-eabi/4.8.4/../../../../arm-none-eabi/lib/armv7e-m/fpu/libg.a(lib_a-mprec.o)
                0x0800d644                __pow5mult
 .text.__lshift
                0x0800d6e0       0xbc /opt/ARM/bin/../lib/gcc/arm-none-eabi/4.8.4/../../../../arm-none-eabi/lib/armv7e-m/fpu/libg.a(lib_a-mprec.o)
                0x0800d6e0                __lshift
 .text.__mcmp   0x0800d79c       0x48 /opt/ARM/bin/../lib/gcc/arm-none-eabi/4.8.4/../../../../arm-none-eabi/lib/armv7e-m/fpu/libg.a(lib_a-mprec.o)
                0x0800d79c                __mcmp
 .text.__mdiff  0x0800d7e4       0xd4 /opt/ARM/bin/../lib/gcc/arm-none-eabi/4.8.4/../../../../arm-none-eabi/lib/armv7e-m/fpu/libg.a(lib_a-mprec.o)
                0x0800d7e4                __mdiff
 .text.__d2b    0x0800d8b8       0xb4 /opt/ARM/bin/../lib/gcc/arm-none-eabi/4.8.4/../../../../arm-none-eabi/lib/armv7e-m/fpu/libg.a(lib_a-mprec.o)
                0x0800d8b8                __d2b
 .text.__fpclassifyd
                0x0800d96c       0x54 /opt/ARM/bin/../lib/gcc/arm-none-eabi/4.8.4/../../../../arm-none-eabi/lib/armv7e-m/fpu/libg.a(lib_a-s_fpclassify.o)
                0x0800d96c                __fpclassifyd
 .text._sbrk_r  0x0800d9c0       0x24 /opt/ARM/bin/../lib/gcc/arm-none-eabi/4.8.4/../../../../arm-none-eabi/lib/armv7e-m/fpu/libg.a(lib_a-sbrkr.o)
                0x0800d9c0                _sbrk_r
 .text.__ssprint_r
                0x0800d9e4      0x100 /opt/ARM/bin/../lib/gcc/arm-none-eabi/4.8.4/../../../../arm-none-eabi/lib/armv7e-m/fpu/libg.a(lib_a-svfiprintf.o)
                0x0800d9e4                __ssprint_r
 .text.__register_exitproc
                0x0800dae4       0xa8 /opt/ARM/bin/../lib/gcc/arm-none-eabi/4.8.4/../../../../arm-none-eabi/lib/armv7e-m/fpu/libg.a(lib_a-__atexit.o)
                0x0800dae4                __register_exitproc
 .text._calloc_r
                0x0800db8c       0x60 /opt/ARM/bin/../lib/gcc/arm-none-eabi/4.8.4/../../../../arm-none-eabi/lib/armv7e-m/fpu/libg.a(lib_a-callocr.o)
                0x0800db8c                _calloc_r
 .text.memmove  0x0800dbec       0xc0 /opt/ARM/bin/../lib/gcc/arm-none-eabi/4.8.4/../../../../arm-none-eabi/lib/armv7e-m/fpu/libg.a(lib_a-memmove.o)
                0x0800dbec                memmove
 .text._realloc_r
                0x0800dcac      0x3cc /opt/ARM/bin/../lib/gcc/arm-none-eabi/4.8.4/../../../../arm-none-eabi/lib/armv7e-m/fpu/libg.a(lib_a-reallocr.o)
                0x0800dcac                _realloc_r
 *(.glue_7)
 .glue_7        0x00000000        0x0 linker stubs
 *(.glue_7t)
 .glue_7t       0x00000000        0x0 linker stubs
 *(.eh_frame)
 .eh_frame      0x0800e078        0x0 /opt/ARM/bin/../lib/gcc/arm-none-eabi/4.8.4/armv7e-m/fpu/crtbegin.o
 *(.init)
 .init          0x0800e078        0x4 /opt/ARM/bin/../lib/gcc/arm-none-eabi/4.8.4/armv7e-m/fpu/crti.o
                0x0800e078                _init
 .init          0x0800e07c        0x8 /opt/ARM/bin/../lib/gcc/arm-none-eabi/4.8.4/armv7e-m/fpu/crtn.o
 *(.fini)
 .fini          0x0800e084        0x4 /opt/ARM/bin/../lib/gcc/arm-none-eabi/4.8.4/armv7e-m/fpu/crti.o
                0x0800e084                _fini
 .fini          0x0800e088        0x8 /opt/ARM/bin/../lib/gcc/arm-none-eabi/4.8.4/armv7e-m/fpu/crtn.o
                0x0800e090                . = ALIGN (0x4)
                0x0800e090                _etext = .

.vfp11_veneer   0x0800e090        0x0
 .vfp11_veneer  0x00000000        0x0 linker stubs

.v4_bx          0x0800e090        0x0
 .v4_bx         0x00000000        0x0 linker stubs

.iplt           0x0800e090        0x0
 .iplt          0x00000000        0x0 /opt/ARM/bin/../lib/gcc/arm-none-eabi/4.8.4/armv7e-m/fpu/crtbegin.o

.rodata         0x0800e090      0x60c
                0x0800e090                . = ALIGN (0x4)
 *(.rodata)
 .rodata        0x0800e090      0x18c Src/peripherals/tests/tests.o
 .rodata        0x0800e21c       0x24 Src/peripherals/gyroscope/adxrs620.o
 .rodata        0x0800e240        0xc Src/peripherals/display/ssd1306.o
 *(.rodata*)
 .rodata.Font_3x6
                0x0800e24c        0x8 Src/peripherals/display/smallfonts.o
                0x0800e24c                Font_3x6
 .rodata.Font_5x8
                0x0800e254        0x8 Src/peripherals/display/smallfonts.o
                0x0800e254                Font_5x8
 .rodata.au8Font3x6
                0x0800e25c       0xc4 Src/peripherals/display/smallfonts.o
                0x0800e25c                au8Font3x6
 .rodata.au8Font5x8
                0x0800e320      0x1e8 Src/peripherals/display/smallfonts.o
                0x0800e320                au8Font5x8
 .rodata.APBAHBPrescTable
                0x0800e508       0x10 Drivers/STM32F4xx_HAL_Driver/Src/stm32f4xx_hal_rcc.o
                0x0800e508                APBAHBPrescTable
 .rodata.str1.4
                0x0800e518        0x2 /opt/ARM/bin/../lib/gcc/arm-none-eabi/4.8.4/../../../../arm-none-eabi/lib/armv7e-m/fpu/libg.a(lib_a-impure.o)
                                  0x4 (size before relaxing)
 *fill*         0x0800e51a        0x2 
 .rodata._global_impure_ptr
                0x0800e51c        0x4 /opt/ARM/bin/../lib/gcc/arm-none-eabi/4.8.4/../../../../arm-none-eabi/lib/armv7e-m/fpu/libg.a(lib_a-impure.o)
                0x0800e51c                _global_impure_ptr
 .rodata.zeroes.6763
                0x0800e520       0x10 /opt/ARM/bin/../lib/gcc/arm-none-eabi/4.8.4/../../../../arm-none-eabi/lib/armv7e-m/fpu/libg.a(lib_a-svfprintf.o)
 .rodata.str1.4
                0x0800e530       0x42 /opt/ARM/bin/../lib/gcc/arm-none-eabi/4.8.4/../../../../arm-none-eabi/lib/armv7e-m/fpu/libg.a(lib_a-svfprintf.o)
                                 0x44 (size before relaxing)
 *fill*         0x0800e572        0x2 
 .rodata.blanks.6762
                0x0800e574       0x10 /opt/ARM/bin/../lib/gcc/arm-none-eabi/4.8.4/../../../../arm-none-eabi/lib/armv7e-m/fpu/libg.a(lib_a-svfprintf.o)
 .rodata.str1.4
                0x0800e584       0x10 /opt/ARM/bin/../lib/gcc/arm-none-eabi/4.8.4/../../../../arm-none-eabi/lib/armv7e-m/fpu/libg.a(lib_a-dtoa.o)
                                 0x14 (size before relaxing)
 .rodata.str1.4
                0x0800e594        0xc /opt/ARM/bin/../lib/gcc/arm-none-eabi/4.8.4/../../../../arm-none-eabi/lib/armv7e-m/fpu/libg.a(lib_a-locale.o)
                                 0x14 (size before relaxing)
 .rodata.__mprec_tens
                0x0800e5a0       0xc8 /opt/ARM/bin/../lib/gcc/arm-none-eabi/4.8.4/../../../../arm-none-eabi/lib/armv7e-m/fpu/libg.a(lib_a-mprec.o)
                0x0800e5a0                __mprec_tens
 .rodata.__mprec_bigtens
                0x0800e668       0x28 /opt/ARM/bin/../lib/gcc/arm-none-eabi/4.8.4/../../../../arm-none-eabi/lib/armv7e-m/fpu/libg.a(lib_a-mprec.o)
                0x0800e668                __mprec_bigtens
 .rodata.p05.5269
                0x0800e690        0xc /opt/ARM/bin/../lib/gcc/arm-none-eabi/4.8.4/../../../../arm-none-eabi/lib/armv7e-m/fpu/libg.a(lib_a-mprec.o)
                0x0800e69c                . = ALIGN (0x4)

.ARM.extab
 *(.ARM.extab* .gnu.linkonce.armextab.*)

.ARM            0x0800e69c        0x8
                0x0800e69c                __exidx_start = .
 *(.ARM.exidx*)
 .ARM.exidx     0x0800e69c        0x8 /opt/ARM/bin/../lib/gcc/arm-none-eabi/4.8.4/armv7e-m/fpu/libgcc.a(_divdi3.o)
 .ARM.exidx     0x0800e6a4        0x0 /opt/ARM/bin/../lib/gcc/arm-none-eabi/4.8.4/armv7e-m/fpu/libgcc.a(_udivdi3.o)
                                  0x8 (size before relaxing)
                0x0800e6a4                __exidx_end = .

.rel.dyn        0x0800e6a4        0x0
 .rel.iplt      0x00000000        0x0 /opt/ARM/bin/../lib/gcc/arm-none-eabi/4.8.4/armv7e-m/fpu/crtbegin.o

.preinit_array  0x0800e6a4        0x0
                0x0800e6a4                PROVIDE (__preinit_array_start, .)
 *(.preinit_array*)
                0x0800e6a4                PROVIDE (__preinit_array_end, .)

.init_array     0x0800e6a4        0x8
                0x0800e6a4                PROVIDE (__init_array_start, .)
 *(SORT(.init_array.*))
 .init_array.00000
                0x0800e6a4        0x4 /opt/ARM/bin/../lib/gcc/arm-none-eabi/4.8.4/../../../../arm-none-eabi/lib/armv7e-m/fpu/libg.a(lib_a-__call_atexit.o)
 *(.init_array*)
 .init_array    0x0800e6a8        0x4 /opt/ARM/bin/../lib/gcc/arm-none-eabi/4.8.4/armv7e-m/fpu/crtbegin.o
                0x0800e6ac                PROVIDE (__init_array_end, .)

.fini_array     0x0800e6ac        0x4
                0x0800e6ac                PROVIDE (__fini_array_start, .)
 *(SORT(.fini_array.*))
 *(.fini_array*)
 .fini_array    0x0800e6ac        0x4 /opt/ARM/bin/../lib/gcc/arm-none-eabi/4.8.4/armv7e-m/fpu/crtbegin.o
                0x0800e6b0                PROVIDE (__fini_array_end, .)
                0x0800e6b0                _sidata = LOADADDR (.data)

.data           0x20000000      0x894 load address 0x0800e6b0
                0x20000000                . = ALIGN (0x4)
                0x20000000                _sdata = .
 *(.data)
 *(.data*)
 .data.Blink    0x20000000        0xc Src/times_base/times_base.o
                0x20000000                Blink
 *fill*         0x2000000c        0x4 
 .data.Alfa     0x20000010        0x8 Src/peripherals/gyroscope/adxrs620.o
                0x20000010                Alfa
 .data.SystemCoreClock
                0x20000018        0x4 Drivers/CMSIS/Device/ST/STM32F4xx/Source/Templates/system_stm32f4xx.o
                0x20000018                SystemCoreClock
 *fill*         0x2000001c        0x4 
 .data.impure_data
                0x20000020      0x428 /opt/ARM/bin/../lib/gcc/arm-none-eabi/4.8.4/../../../../arm-none-eabi/lib/armv7e-m/fpu/libg.a(lib_a-impure.o)
 .data._impure_ptr
                0x20000448        0x4 /opt/ARM/bin/../lib/gcc/arm-none-eabi/4.8.4/../../../../arm-none-eabi/lib/armv7e-m/fpu/libg.a(lib_a-impure.o)
                0x20000448                _impure_ptr
 .data.lconv    0x2000044c       0x38 /opt/ARM/bin/../lib/gcc/arm-none-eabi/4.8.4/../../../../arm-none-eabi/lib/armv7e-m/fpu/libg.a(lib_a-locale.o)
 .data.__malloc_av_
                0x20000484      0x408 /opt/ARM/bin/../lib/gcc/arm-none-eabi/4.8.4/../../../../arm-none-eabi/lib/armv7e-m/fpu/libg.a(lib_a-mallocr.o)
                0x20000484                __malloc_av_
 .data.__malloc_trim_threshold
                0x2000088c        0x4 /opt/ARM/bin/../lib/gcc/arm-none-eabi/4.8.4/../../../../arm-none-eabi/lib/armv7e-m/fpu/libg.a(lib_a-mallocr.o)
                0x2000088c                __malloc_trim_threshold
 .data.__malloc_sbrk_base
                0x20000890        0x4 /opt/ARM/bin/../lib/gcc/arm-none-eabi/4.8.4/../../../../arm-none-eabi/lib/armv7e-m/fpu/libg.a(lib_a-mallocr.o)
                0x20000890                __malloc_sbrk_base
                0x20000894                . = ALIGN (0x4)
                0x20000894                _edata = .
                0x0800ef44                _siccmram = LOADADDR (.ccmram)

.jcr            0x20000894        0x0 load address 0x0800ef44
 .jcr           0x20000894        0x0 /opt/ARM/bin/../lib/gcc/arm-none-eabi/4.8.4/armv7e-m/fpu/crtbegin.o

.igot.plt       0x20000894        0x0 load address 0x0800ef44
 .igot.plt      0x00000000        0x0 /opt/ARM/bin/../lib/gcc/arm-none-eabi/4.8.4/armv7e-m/fpu/crtbegin.o

.ccmram         0x10000000        0x0 load address 0x0800ef44
                0x10000000                . = ALIGN (0x4)
                0x10000000                _sccmram = .
 *(.ccmram)
 *(.ccmram*)
                0x10000000                . = ALIGN (0x4)
                0x10000000                _eccmram = .
                0x10000000                . = ALIGN (0x4)

.bss            0x20000898      0x9dc
                0x20000898                _sbss = .
                0x20000898                __bss_start__ = _sbss
 *(.bss)
 .bss           0x20000898       0x1c /opt/ARM/bin/../lib/gcc/arm-none-eabi/4.8.4/armv7e-m/fpu/crtbegin.o
 *(.bss*)
 .bss.cnt_led.10374
                0x200008b4        0x4 Src/times_base/times_base.o
 .bss.heap_end.5585
                0x200008b8        0x4 Src/syscalls.o
 .bss.ADC2ConvertedValues
                0x200008bc        0x8 Src/peripherals/telemeters/telemeters.o
                0x200008bc                ADC2ConvertedValues
 .bss.selector.7874
                0x200008c4        0x1 Src/peripherals/telemeters/telemeters.o
 *fill*         0x200008c5        0x3 
 .bss.ADC1ConvertedValues
                0x200008c8        0x4 Src/peripherals/lineSensors/lineSensors.o
                0x200008c8                ADC1ConvertedValues
 .bss.ADC3ConvertedValues
                0x200008cc        0x8 Src/peripherals/lineSensors/lineSensors.o
                0x200008cc                ADC3ConvertedValues
 .bss.selector.7867
                0x200008d4        0x1 Src/peripherals/lineSensors/lineSensors.o
 *fill*         0x200008d5        0x3 
 .bss.Beta      0x200008d8        0x8 Src/peripherals/gyroscope/adxrs620.o
                0x200008d8                Beta
 .bss.gyro_Current_Angle
                0x200008e0        0x4 Src/peripherals/gyroscope/adxrs620.o
                0x200008e0                gyro_Current_Angle
 .bss.left_encoder
                0x200008e4        0x8 Src/peripherals/encoders/ie512.o
                0x200008e4                left_encoder
 .bss.right_encoder
                0x200008ec        0x8 Src/peripherals/encoders/ie512.o
                0x200008ec                right_encoder
 .bss.buffer    0x200008f4      0x400 Src/peripherals/display/ssd1306.o
                0x200008f4                buffer
 .bss.consigne  0x20000cf4        0x4 Src/controls/straight_controls/straight_controls.o
                0x20000cf4                consigne
 .bss.Pulses    0x20000cf8        0x8 Src/controls/straight_controls/straight_controls.o
                0x20000cf8                Pulses
 .bss.uwTick    0x20000d00        0x4 Drivers/STM32F4xx_HAL_Driver/Src/stm32f4xx_hal.o
 .bss.__malloc_max_total_mem
                0x20000d04        0x4 /opt/ARM/bin/../lib/gcc/arm-none-eabi/4.8.4/../../../../arm-none-eabi/lib/armv7e-m/fpu/libg.a(lib_a-mallocr.o)
                0x20000d04                __malloc_max_total_mem
 .bss.__malloc_max_sbrked_mem
                0x20000d08        0x4 /opt/ARM/bin/../lib/gcc/arm-none-eabi/4.8.4/../../../../arm-none-eabi/lib/armv7e-m/fpu/libg.a(lib_a-mallocr.o)
                0x20000d08                __malloc_max_sbrked_mem
 .bss.__malloc_top_pad
                0x20000d0c        0x4 /opt/ARM/bin/../lib/gcc/arm-none-eabi/4.8.4/../../../../arm-none-eabi/lib/armv7e-m/fpu/libg.a(lib_a-mallocr.o)
                0x20000d0c                __malloc_top_pad
 .bss.__malloc_current_mallinfo
                0x20000d10       0x28 /opt/ARM/bin/../lib/gcc/arm-none-eabi/4.8.4/../../../../arm-none-eabi/lib/armv7e-m/fpu/libg.a(lib_a-mallocr.o)
                0x20000d10                __malloc_current_mallinfo
 *(COMMON)
 COMMON         0x20000d38       0x74 Src/times_base/times_base.o
                0x20000d38                telemeters
                0x20000d64                GPIO_InitStruct
                0x20000d78                lineSensors
 COMMON         0x20000dac        0x4 Src/peripherals/gyroscope/adxrs620.o
                0x20000dac                DMA_ADC_Gyro_Rate
 COMMON         0x20000db0      0x474 Src/main.o
                0x20000db0                htim8
                0x20000dec                htim4
                0x20000e28                huart3
                0x20000e64                hadc2
                0x20000ea8                hdma_i2c1_tx
                0x20000ef8                hi2c1
                0x20000f30                htim10
                0x20000f6c                hdma_adc3
                0x20000fbc                htim3
                0x20000ff8                hadc1
                0x2000103c                hadc3
                0x20001080                hdma_adc1
                0x200010d0                htim6
                0x2000110c                htim1
                0x20001148                hdma_i2c1_rx
                0x20001198                hdma_adc2
                0x200011e8                htim7
 COMMON         0x20001224       0x4c Src/controls/straight_controls/straight_controls.o
                0x20001224                trajectory_control
                0x20001230                gyro_pid_instance
                0x20001254                sConfigOC
 COMMON         0x20001270        0x4 /opt/ARM/bin/../lib/gcc/arm-none-eabi/4.8.4/../../../../arm-none-eabi/lib/armv7e-m/fpu/libg.a(lib_a-reent.o)
                0x20001270                errno
                0x20001274                . = ALIGN (0x4)
                0x20001274                _ebss = .
                0x20001274                __bss_end__ = _ebss

._user_heap_stack
                0x20001274      0x400
                0x20001274                . = ALIGN (0x4)
                0x20001274                PROVIDE (end, .)
                0x20001274                PROVIDE (_end, .)
                0x20001274                . = (. + _Min_Heap_Size)
                0x20001674                . = (. + _Min_Stack_Size)
 *fill*         0x20001274      0x400 
                0x20001674                . = ALIGN (0x4)

/DISCARD/
 libc.a(*)
 libm.a(*)
 libgcc.a(*)

.ARM.attributes
                0x00000000       0x30
 *(.ARM.attributes)
 .ARM.attributes
                0x00000000       0x22 /opt/ARM/bin/../lib/gcc/arm-none-eabi/4.8.4/armv7e-m/fpu/crti.o
 .ARM.attributes
                0x00000022       0x34 /opt/ARM/bin/../lib/gcc/arm-none-eabi/4.8.4/armv7e-m/fpu/crtbegin.o
 .ARM.attributes
                0x00000056       0x39 Src/times_base/times_base.o
 .ARM.attributes
                0x0000008f       0x39 Src/syscalls.o
 .ARM.attributes
                0x000000c8       0x39 Src/stm32f4xx_it.o
 .ARM.attributes
                0x00000101       0x39 Src/stm32f4xx_hal_msp.o
 .ARM.attributes
                0x0000013a       0x39 Src/peripherals/tests/tests.o
 .ARM.attributes
                0x00000173       0x39 Src/peripherals/telemeters/telemeters.o
 .ARM.attributes
                0x000001ac       0x39 Src/peripherals/lineSensors/lineSensors.o
 .ARM.attributes
                0x000001e5       0x39 Src/peripherals/gyroscope/adxrs620.o
 .ARM.attributes
                0x0000021e       0x39 Src/peripherals/expander/pcf8574.o
 .ARM.attributes
                0x00000257       0x39 Src/peripherals/encoders/ie512.o
 .ARM.attributes
                0x00000290       0x39 Src/peripherals/display/ssd1306.o
 .ARM.attributes
                0x000002c9       0x39 Src/peripherals/display/smallfonts.o
 .ARM.attributes
                0x00000302       0x39 Src/main.o
 .ARM.attributes
                0x0000033b       0x39 Src/dsp_lib/arm_pid_init_f32.o
 .ARM.attributes
                0x00000374       0x39 Src/controls/straight_controls/straight_controls.o
 .ARM.attributes
                0x000003ad       0x39 Src/controls/pid/pid.o
 .ARM.attributes
                0x000003e6       0x39 Src/callback/user_it_callback.o
 .ARM.attributes
                0x0000041f       0x39 Drivers/STM32F4xx_HAL_Driver/Src/stm32f4xx_hal_uart.o
 .ARM.attributes
                0x00000458       0x39 Drivers/STM32F4xx_HAL_Driver/Src/stm32f4xx_hal_tim_ex.o
 .ARM.attributes
                0x00000491       0x39 Drivers/STM32F4xx_HAL_Driver/Src/stm32f4xx_hal_tim.o
 .ARM.attributes
                0x000004ca       0x39 Drivers/STM32F4xx_HAL_Driver/Src/stm32f4xx_hal_rcc.o
 .ARM.attributes
                0x00000503       0x39 Drivers/STM32F4xx_HAL_Driver/Src/stm32f4xx_hal_i2c.o
 .ARM.attributes
                0x0000053c       0x39 Drivers/STM32F4xx_HAL_Driver/Src/stm32f4xx_hal_gpio.o
 .ARM.attributes
                0x00000575       0x39 Drivers/STM32F4xx_HAL_Driver/Src/stm32f4xx_hal_dma.o
 .ARM.attributes
                0x000005ae       0x39 Drivers/STM32F4xx_HAL_Driver/Src/stm32f4xx_hal_cortex.o
 .ARM.attributes
                0x000005e7       0x39 Drivers/STM32F4xx_HAL_Driver/Src/stm32f4xx_hal_adc_ex.o
 .ARM.attributes
                0x00000620       0x39 Drivers/STM32F4xx_HAL_Driver/Src/stm32f4xx_hal_adc.o
 .ARM.attributes
                0x00000659       0x39 Drivers/STM32F4xx_HAL_Driver/Src/stm32f4xx_hal.o
 .ARM.attributes
                0x00000692       0x39 Drivers/CMSIS/Device/ST/STM32F4xx/Source/Templates/system_stm32f4xx.o
 .ARM.attributes
                0x000006cb       0x21 Drivers/CMSIS/Device/ST/STM32F4xx/Source/Templates/gcc/startup_stm32f405xx.o
 .ARM.attributes
                0x000006ec       0x22 /opt/ARM/bin/../lib/gcc/arm-none-eabi/4.8.4/armv7e-m/fpu/libgcc.a(_arm_addsubdf3.o)
 .ARM.attributes
                0x0000070e       0x22 /opt/ARM/bin/../lib/gcc/arm-none-eabi/4.8.4/armv7e-m/fpu/libgcc.a(_arm_muldivdf3.o)
 .ARM.attributes
                0x00000730       0x22 /opt/ARM/bin/../lib/gcc/arm-none-eabi/4.8.4/armv7e-m/fpu/libgcc.a(_arm_fixdfsi.o)
 .ARM.attributes
                0x00000752       0x22 /opt/ARM/bin/../lib/gcc/arm-none-eabi/4.8.4/armv7e-m/fpu/libgcc.a(_arm_truncdfsf2.o)
 .ARM.attributes
                0x00000774       0x34 /opt/ARM/bin/../lib/gcc/arm-none-eabi/4.8.4/../../../../arm-none-eabi/lib/armv7e-m/fpu/libg.a(lib_a-impure.o)
 .ARM.attributes
                0x000007a8       0x34 /opt/ARM/bin/../lib/gcc/arm-none-eabi/4.8.4/../../../../arm-none-eabi/lib/armv7e-m/fpu/libg.a(lib_a-init.o)
 .ARM.attributes
                0x000007dc       0x34 /opt/ARM/bin/../lib/gcc/arm-none-eabi/4.8.4/../../../../arm-none-eabi/lib/armv7e-m/fpu/libg.a(lib_a-memset.o)
 .ARM.attributes
                0x00000810       0x34 /opt/ARM/bin/../lib/gcc/arm-none-eabi/4.8.4/../../../../arm-none-eabi/lib/armv7e-m/fpu/libg.a(lib_a-reent.o)
 .ARM.attributes
                0x00000844       0x34 /opt/ARM/bin/../lib/gcc/arm-none-eabi/4.8.4/../../../../arm-none-eabi/lib/armv7e-m/fpu/libg.a(lib_a-sprintf.o)
 .ARM.attributes
                0x00000878       0x34 /opt/ARM/bin/../lib/gcc/arm-none-eabi/4.8.4/../../../../arm-none-eabi/lib/armv7e-m/fpu/libg.a(lib_a-strlen.o)
 .ARM.attributes
                0x000008ac       0x34 /opt/ARM/bin/../lib/gcc/arm-none-eabi/4.8.4/../../../../arm-none-eabi/lib/armv7e-m/fpu/libg.a(lib_a-svfprintf.o)
 .ARM.attributes
                0x000008e0       0x34 /opt/ARM/bin/../lib/gcc/arm-none-eabi/4.8.4/../../../../arm-none-eabi/lib/armv7e-m/fpu/libg.a(lib_a-__call_atexit.o)
 .ARM.attributes
                0x00000914       0x34 /opt/ARM/bin/../lib/gcc/arm-none-eabi/4.8.4/../../../../arm-none-eabi/lib/armv7e-m/fpu/libg.a(lib_a-atexit.o)
 .ARM.attributes
                0x00000948       0x34 /opt/ARM/bin/../lib/gcc/arm-none-eabi/4.8.4/../../../../arm-none-eabi/lib/armv7e-m/fpu/libg.a(lib_a-dtoa.o)
 .ARM.attributes
                0x0000097c       0x34 /opt/ARM/bin/../lib/gcc/arm-none-eabi/4.8.4/../../../../arm-none-eabi/lib/armv7e-m/fpu/libg.a(lib_a-fini.o)
 .ARM.attributes
                0x000009b0       0x34 /opt/ARM/bin/../lib/gcc/arm-none-eabi/4.8.4/../../../../arm-none-eabi/lib/armv7e-m/fpu/libg.a(lib_a-freer.o)
 .ARM.attributes
                0x000009e4       0x34 /opt/ARM/bin/../lib/gcc/arm-none-eabi/4.8.4/../../../../arm-none-eabi/lib/armv7e-m/fpu/libg.a(lib_a-locale.o)
 .ARM.attributes
                0x00000a18       0x34 /opt/ARM/bin/../lib/gcc/arm-none-eabi/4.8.4/../../../../arm-none-eabi/lib/armv7e-m/fpu/libg.a(lib_a-mallocr.o)
 .ARM.attributes
                0x00000a4c       0x34 /opt/ARM/bin/../lib/gcc/arm-none-eabi/4.8.4/../../../../arm-none-eabi/lib/armv7e-m/fpu/libg.a(lib_a-memchr-stub.o)
 .ARM.attributes
                0x00000a80       0x20 /opt/ARM/bin/../lib/gcc/arm-none-eabi/4.8.4/../../../../arm-none-eabi/lib/armv7e-m/fpu/libg.a(lib_a-memcpy.o)
 .ARM.attributes
                0x00000aa0       0x34 /opt/ARM/bin/../lib/gcc/arm-none-eabi/4.8.4/../../../../arm-none-eabi/lib/armv7e-m/fpu/libg.a(lib_a-mlock.o)
 .ARM.attributes
                0x00000ad4       0x34 /opt/ARM/bin/../lib/gcc/arm-none-eabi/4.8.4/../../../../arm-none-eabi/lib/armv7e-m/fpu/libg.a(lib_a-mprec.o)
 .ARM.attributes
                0x00000b08       0x34 /opt/ARM/bin/../lib/gcc/arm-none-eabi/4.8.4/../../../../arm-none-eabi/lib/armv7e-m/fpu/libg.a(lib_a-s_fpclassify.o)
 .ARM.attributes
                0x00000b3c       0x34 /opt/ARM/bin/../lib/gcc/arm-none-eabi/4.8.4/../../../../arm-none-eabi/lib/armv7e-m/fpu/libg.a(lib_a-sbrkr.o)
 .ARM.attributes
                0x00000b70       0x34 /opt/ARM/bin/../lib/gcc/arm-none-eabi/4.8.4/../../../../arm-none-eabi/lib/armv7e-m/fpu/libg.a(lib_a-svfiprintf.o)
 .ARM.attributes
                0x00000ba4       0x34 /opt/ARM/bin/../lib/gcc/arm-none-eabi/4.8.4/../../../../arm-none-eabi/lib/armv7e-m/fpu/libg.a(lib_a-__atexit.o)
 .ARM.attributes
                0x00000bd8       0x34 /opt/ARM/bin/../lib/gcc/arm-none-eabi/4.8.4/../../../../arm-none-eabi/lib/armv7e-m/fpu/libg.a(lib_a-callocr.o)
 .ARM.attributes
                0x00000c0c       0x34 /opt/ARM/bin/../lib/gcc/arm-none-eabi/4.8.4/../../../../arm-none-eabi/lib/armv7e-m/fpu/libg.a(lib_a-memmove.o)
 .ARM.attributes
                0x00000c40       0x34 /opt/ARM/bin/../lib/gcc/arm-none-eabi/4.8.4/../../../../arm-none-eabi/lib/armv7e-m/fpu/libg.a(lib_a-reallocr.o)
 .ARM.attributes
                0x00000c74       0x22 /opt/ARM/bin/../lib/gcc/arm-none-eabi/4.8.4/armv7e-m/fpu/libgcc.a(_arm_cmpdf2.o)
 .ARM.attributes
                0x00000c96       0x22 /opt/ARM/bin/../lib/gcc/arm-none-eabi/4.8.4/armv7e-m/fpu/libgcc.a(_aeabi_uldivmod.o)
 .ARM.attributes
                0x00000cb8       0x34 /opt/ARM/bin/../lib/gcc/arm-none-eabi/4.8.4/armv7e-m/fpu/libgcc.a(bpabi.o)
 .ARM.attributes
                0x00000cec       0x22 /opt/ARM/bin/../lib/gcc/arm-none-eabi/4.8.4/armv7e-m/fpu/libgcc.a(_dvmd_tls.o)
 .ARM.attributes
                0x00000d0e       0x34 /opt/ARM/bin/../lib/gcc/arm-none-eabi/4.8.4/armv7e-m/fpu/libgcc.a(_divdi3.o)
 .ARM.attributes
                0x00000d42       0x34 /opt/ARM/bin/../lib/gcc/arm-none-eabi/4.8.4/armv7e-m/fpu/libgcc.a(_udivdi3.o)
 .ARM.attributes
                0x00000d76       0x22 /opt/ARM/bin/../lib/gcc/arm-none-eabi/4.8.4/armv7e-m/fpu/crtn.o
OUTPUT(ZHONX_III.elf elf32-littlearm)

.debug_info     0x00000000    0x14a8e
 .debug_info    0x00000000      0x96e Src/times_base/times_base.o
 .debug_info    0x0000096e      0x672 Src/syscalls.o
 .debug_info    0x00000fe0      0xb24 Src/stm32f4xx_it.o
 .debug_info    0x00001b04     0x1363 Src/stm32f4xx_hal_msp.o
 .debug_info    0x00002e67     0x135d Src/peripherals/tests/tests.o
 .debug_info    0x000041c4      0xbc2 Src/peripherals/telemeters/telemeters.o
 .debug_info    0x00004d86      0x921 Src/peripherals/lineSensors/lineSensors.o
 .debug_info    0x000056a7      0x7be Src/peripherals/gyroscope/adxrs620.o
 .debug_info    0x00005e65      0x71e Src/peripherals/expander/pcf8574.o
 .debug_info    0x00006583      0x6c5 Src/peripherals/encoders/ie512.o
 .debug_info    0x00006c48      0xf8c Src/peripherals/display/ssd1306.o
 .debug_info    0x00007bd4      0x1a9 Src/peripherals/display/smallfonts.o
 .debug_info    0x00007d7d     0x191f Src/main.o
 .debug_info    0x0000969c      0x166 Src/dsp_lib/arm_pid_init_f32.o
 .debug_info    0x00009802      0xa93 Src/controls/straight_controls/straight_controls.o
 .debug_info    0x0000a295      0x2df Src/controls/pid/pid.o
 .debug_info    0x0000a574      0x758 Src/callback/user_it_callback.o
 .debug_info    0x0000accc      0xe39 Drivers/STM32F4xx_HAL_Driver/Src/stm32f4xx_hal_uart.o
 .debug_info    0x0000bb05      0xf0a Drivers/STM32F4xx_HAL_Driver/Src/stm32f4xx_hal_tim_ex.o
 .debug_info    0x0000ca0f     0x20ec Drivers/STM32F4xx_HAL_Driver/Src/stm32f4xx_hal_tim.o
 .debug_info    0x0000eafb      0xe27 Drivers/STM32F4xx_HAL_Driver/Src/stm32f4xx_hal_rcc.o
 .debug_info    0x0000f922     0x1558 Drivers/STM32F4xx_HAL_Driver/Src/stm32f4xx_hal_i2c.o
 .debug_info    0x00010e7a      0x6d8 Drivers/STM32F4xx_HAL_Driver/Src/stm32f4xx_hal_gpio.o
 .debug_info    0x00011552      0x638 Drivers/STM32F4xx_HAL_Driver/Src/stm32f4xx_hal_dma.o
 .debug_info    0x00011b8a      0xb57 Drivers/STM32F4xx_HAL_Driver/Src/stm32f4xx_hal_cortex.o
 .debug_info    0x000126e1      0xa94 Drivers/STM32F4xx_HAL_Driver/Src/stm32f4xx_hal_adc_ex.o
 .debug_info    0x00013175      0xc26 Drivers/STM32F4xx_HAL_Driver/Src/stm32f4xx_hal_adc.o
 .debug_info    0x00013d9b      0x7b7 Drivers/STM32F4xx_HAL_Driver/Src/stm32f4xx_hal.o
 .debug_info    0x00014552      0x4a2 Drivers/CMSIS/Device/ST/STM32F4xx/Source/Templates/system_stm32f4xx.o
 .debug_info    0x000149f4       0x9a Drivers/CMSIS/Device/ST/STM32F4xx/Source/Templates/gcc/startup_stm32f405xx.o

.debug_abbrev   0x00000000     0x321a
 .debug_abbrev  0x00000000      0x1ae Src/times_base/times_base.o
 .debug_abbrev  0x000001ae      0x16b Src/syscalls.o
 .debug_abbrev  0x00000319      0x142 Src/stm32f4xx_it.o
 .debug_abbrev  0x0000045b      0x19a Src/stm32f4xx_hal_msp.o
 .debug_abbrev  0x000005f5      0x213 Src/peripherals/tests/tests.o
 .debug_abbrev  0x00000808      0x1df Src/peripherals/telemeters/telemeters.o
 .debug_abbrev  0x000009e7      0x1a0 Src/peripherals/lineSensors/lineSensors.o
 .debug_abbrev  0x00000b87      0x1a6 Src/peripherals/gyroscope/adxrs620.o
 .debug_abbrev  0x00000d2d      0x1c4 Src/peripherals/expander/pcf8574.o
 .debug_abbrev  0x00000ef1      0x16d Src/peripherals/encoders/ie512.o
 .debug_abbrev  0x0000105e      0x297 Src/peripherals/display/ssd1306.o
 .debug_abbrev  0x000012f5       0x94 Src/peripherals/display/smallfonts.o
 .debug_abbrev  0x00001389      0x1ea Src/main.o
 .debug_abbrev  0x00001573       0xc5 Src/dsp_lib/arm_pid_init_f32.o
 .debug_abbrev  0x00001638      0x1c4 Src/controls/straight_controls/straight_controls.o
 .debug_abbrev  0x000017fc      0x195 Src/controls/pid/pid.o
 .debug_abbrev  0x00001991      0x155 Src/callback/user_it_callback.o
 .debug_abbrev  0x00001ae6      0x1ea Drivers/STM32F4xx_HAL_Driver/Src/stm32f4xx_hal_uart.o
 .debug_abbrev  0x00001cd0      0x20f Drivers/STM32F4xx_HAL_Driver/Src/stm32f4xx_hal_tim_ex.o
 .debug_abbrev  0x00001edf      0x207 Drivers/STM32F4xx_HAL_Driver/Src/stm32f4xx_hal_tim.o
 .debug_abbrev  0x000020e6      0x28c Drivers/STM32F4xx_HAL_Driver/Src/stm32f4xx_hal_rcc.o
 .debug_abbrev  0x00002372      0x1d9 Drivers/STM32F4xx_HAL_Driver/Src/stm32f4xx_hal_i2c.o
 .debug_abbrev  0x0000254b      0x1a4 Drivers/STM32F4xx_HAL_Driver/Src/stm32f4xx_hal_gpio.o
 .debug_abbrev  0x000026ef      0x1c5 Drivers/STM32F4xx_HAL_Driver/Src/stm32f4xx_hal_dma.o
 .debug_abbrev  0x000028b4      0x29c Drivers/STM32F4xx_HAL_Driver/Src/stm32f4xx_hal_cortex.o
 .debug_abbrev  0x00002b50      0x210 Drivers/STM32F4xx_HAL_Driver/Src/stm32f4xx_hal_adc_ex.o
 .debug_abbrev  0x00002d60      0x215 Drivers/STM32F4xx_HAL_Driver/Src/stm32f4xx_hal_adc.o
 .debug_abbrev  0x00002f75      0x18f Drivers/STM32F4xx_HAL_Driver/Src/stm32f4xx_hal.o
 .debug_abbrev  0x00003104      0x104 Drivers/CMSIS/Device/ST/STM32F4xx/Source/Templates/system_stm32f4xx.o
 .debug_abbrev  0x00003208       0x12 Drivers/CMSIS/Device/ST/STM32F4xx/Source/Templates/gcc/startup_stm32f405xx.o

.debug_aranges  0x00000000     0x1270
 .debug_aranges
                0x00000000       0x40 Src/times_base/times_base.o
 .debug_aranges
                0x00000040       0xb0 Src/syscalls.o
 .debug_aranges
                0x000000f0       0x70 Src/stm32f4xx_it.o
 .debug_aranges
                0x00000160       0x78 Src/stm32f4xx_hal_msp.o
 .debug_aranges
                0x000001d8       0x80 Src/peripherals/tests/tests.o
 .debug_aranges
                0x00000258       0x50 Src/peripherals/telemeters/telemeters.o
 .debug_aranges
                0x000002a8       0x40 Src/peripherals/lineSensors/lineSensors.o
 .debug_aranges
                0x000002e8       0x38 Src/peripherals/gyroscope/adxrs620.o
 .debug_aranges
                0x00000320       0x48 Src/peripherals/expander/pcf8574.o
 .debug_aranges
                0x00000368       0x30 Src/peripherals/encoders/ie512.o
 .debug_aranges
                0x00000398       0xd8 Src/peripherals/display/ssd1306.o
 .debug_aranges
                0x00000470       0x18 Src/peripherals/display/smallfonts.o
 .debug_aranges
                0x00000488       0x98 Src/main.o
 .debug_aranges
                0x00000520       0x20 Src/dsp_lib/arm_pid_init_f32.o
 .debug_aranges
                0x00000540       0x38 Src/controls/straight_controls/straight_controls.o
 .debug_aranges
                0x00000578       0x40 Src/controls/pid/pid.o
 .debug_aranges
                0x000005b8       0x20 Src/callback/user_it_callback.o
 .debug_aranges
                0x000005d8      0x148 Drivers/STM32F4xx_HAL_Driver/Src/stm32f4xx_hal_uart.o
 .debug_aranges
                0x00000720      0x140 Drivers/STM32F4xx_HAL_Driver/Src/stm32f4xx_hal_tim_ex.o
 .debug_aranges
                0x00000860      0x358 Drivers/STM32F4xx_HAL_Driver/Src/stm32f4xx_hal_tim.o
 .debug_aranges
                0x00000bb8       0x88 Drivers/STM32F4xx_HAL_Driver/Src/stm32f4xx_hal_rcc.o
 .debug_aranges
                0x00000c40      0x1e8 Drivers/STM32F4xx_HAL_Driver/Src/stm32f4xx_hal_i2c.o
 .debug_aranges
                0x00000e28       0x58 Drivers/STM32F4xx_HAL_Driver/Src/stm32f4xx_hal_gpio.o
 .debug_aranges
                0x00000e80       0x68 Drivers/STM32F4xx_HAL_Driver/Src/stm32f4xx_hal_dma.o
 .debug_aranges
                0x00000ee8      0x100 Drivers/STM32F4xx_HAL_Driver/Src/stm32f4xx_hal_cortex.o
 .debug_aranges
                0x00000fe8       0x90 Drivers/STM32F4xx_HAL_Driver/Src/stm32f4xx_hal_adc_ex.o
 .debug_aranges
                0x00001078       0xe8 Drivers/STM32F4xx_HAL_Driver/Src/stm32f4xx_hal_adc.o
 .debug_aranges
                0x00001160       0xc0 Drivers/STM32F4xx_HAL_Driver/Src/stm32f4xx_hal.o
 .debug_aranges
                0x00001220       0x28 Drivers/CMSIS/Device/ST/STM32F4xx/Source/Templates/system_stm32f4xx.o
 .debug_aranges
                0x00001248       0x28 Drivers/CMSIS/Device/ST/STM32F4xx/Source/Templates/gcc/startup_stm32f405xx.o

.debug_ranges   0x00000000     0x1090
 .debug_ranges  0x00000000       0x30 Src/times_base/times_base.o
 .debug_ranges  0x00000030       0xa0 Src/syscalls.o
 .debug_ranges  0x000000d0       0x60 Src/stm32f4xx_it.o
 .debug_ranges  0x00000130       0x68 Src/stm32f4xx_hal_msp.o
 .debug_ranges  0x00000198       0x70 Src/peripherals/tests/tests.o
 .debug_ranges  0x00000208       0x40 Src/peripherals/telemeters/telemeters.o
 .debug_ranges  0x00000248       0x30 Src/peripherals/lineSensors/lineSensors.o
 .debug_ranges  0x00000278       0x28 Src/peripherals/gyroscope/adxrs620.o
 .debug_ranges  0x000002a0       0x38 Src/peripherals/expander/pcf8574.o
 .debug_ranges  0x000002d8       0x20 Src/peripherals/encoders/ie512.o
 .debug_ranges  0x000002f8       0xc8 Src/peripherals/display/ssd1306.o
 .debug_ranges  0x000003c0       0x88 Src/main.o
 .debug_ranges  0x00000448       0x10 Src/dsp_lib/arm_pid_init_f32.o
 .debug_ranges  0x00000458       0x28 Src/controls/straight_controls/straight_controls.o
 .debug_ranges  0x00000480       0x30 Src/controls/pid/pid.o
 .debug_ranges  0x000004b0       0x10 Src/callback/user_it_callback.o
 .debug_ranges  0x000004c0      0x138 Drivers/STM32F4xx_HAL_Driver/Src/stm32f4xx_hal_uart.o
 .debug_ranges  0x000005f8      0x130 Drivers/STM32F4xx_HAL_Driver/Src/stm32f4xx_hal_tim_ex.o
 .debug_ranges  0x00000728      0x348 Drivers/STM32F4xx_HAL_Driver/Src/stm32f4xx_hal_tim.o
 .debug_ranges  0x00000a70       0x78 Drivers/STM32F4xx_HAL_Driver/Src/stm32f4xx_hal_rcc.o
 .debug_ranges  0x00000ae8      0x1d8 Drivers/STM32F4xx_HAL_Driver/Src/stm32f4xx_hal_i2c.o
 .debug_ranges  0x00000cc0       0x48 Drivers/STM32F4xx_HAL_Driver/Src/stm32f4xx_hal_gpio.o
 .debug_ranges  0x00000d08       0x58 Drivers/STM32F4xx_HAL_Driver/Src/stm32f4xx_hal_dma.o
 .debug_ranges  0x00000d60       0xf0 Drivers/STM32F4xx_HAL_Driver/Src/stm32f4xx_hal_cortex.o
 .debug_ranges  0x00000e50       0x80 Drivers/STM32F4xx_HAL_Driver/Src/stm32f4xx_hal_adc_ex.o
 .debug_ranges  0x00000ed0       0xd8 Drivers/STM32F4xx_HAL_Driver/Src/stm32f4xx_hal_adc.o
 .debug_ranges  0x00000fa8       0xb0 Drivers/STM32F4xx_HAL_Driver/Src/stm32f4xx_hal.o
 .debug_ranges  0x00001058       0x18 Drivers/CMSIS/Device/ST/STM32F4xx/Source/Templates/system_stm32f4xx.o
 .debug_ranges  0x00001070       0x20 Drivers/CMSIS/Device/ST/STM32F4xx/Source/Templates/gcc/startup_stm32f405xx.o

.debug_macro    0x00000000    0x110b8
 .debug_macro   0x00000000      0x2f0 Src/times_base/times_base.o
 .debug_macro   0x000002f0      0x1b3 Src/times_base/times_base.o
 .debug_macro   0x000004a3       0x28 Src/times_base/times_base.o
 .debug_macro   0x000004cb       0x28 Src/times_base/times_base.o
 .debug_macro   0x000004f3       0x3b Src/times_base/times_base.o
 .debug_macro   0x0000052e       0x44 Src/times_base/times_base.o
 .debug_macro   0x00000572      0x209 Src/times_base/times_base.o
 .debug_macro   0x0000077b       0x2d Src/times_base/times_base.o
 .debug_macro   0x000007a8       0x42 Src/times_base/times_base.o
 .debug_macro   0x000007ea      0xd39 Src/times_base/times_base.o
 .debug_macro   0x00001523     0x860e Src/times_base/times_base.o
 .debug_macro   0x00009b31       0x43 Src/times_base/times_base.o
 .debug_macro   0x00009b74       0x49 Src/times_base/times_base.o
 .debug_macro   0x00009bbd      0xb9c Src/times_base/times_base.o
 .debug_macro   0x0000a759      0x39f Src/times_base/times_base.o
 .debug_macro   0x0000aaf8      0x13f Src/times_base/times_base.o
 .debug_macro   0x0000ac37      0x129 Src/times_base/times_base.o
 .debug_macro   0x0000ad60      0x2cd Src/times_base/times_base.o
 .debug_macro   0x0000b02d       0x52 Src/times_base/times_base.o
 .debug_macro   0x0000b07f      0x3ec Src/times_base/times_base.o
 .debug_macro   0x0000b46b      0x14c Src/times_base/times_base.o
 .debug_macro   0x0000b5b7      0x132 Src/times_base/times_base.o
 .debug_macro   0x0000b6e9      0x217 Src/times_base/times_base.o
 .debug_macro   0x0000b900      0x1e6 Src/times_base/times_base.o
 .debug_macro   0x0000bae6      0x16e Src/times_base/times_base.o
 .debug_macro   0x0000bc54       0x52 Src/times_base/times_base.o
 .debug_macro   0x0000bca6      0x84c Src/times_base/times_base.o
 .debug_macro   0x0000c4f2       0x4d Src/times_base/times_base.o
 .debug_macro   0x0000c53f      0x23a Src/times_base/times_base.o
 .debug_macro   0x0000c779      0x125 Src/times_base/times_base.o
 .debug_macro   0x0000c89e      0x16d Src/times_base/times_base.o
 .debug_macro   0x0000ca0b       0x1c Src/times_base/times_base.o
 .debug_macro   0x0000ca27       0x10 Src/times_base/times_base.o
 .debug_macro   0x0000ca37       0x16 Src/times_base/times_base.o
 .debug_macro   0x0000ca4d      0x16c Src/times_base/times_base.o
 .debug_macro   0x0000cbb9       0x52 Src/times_base/times_base.o
 .debug_macro   0x0000cc0b       0x34 Src/times_base/times_base.o
 .debug_macro   0x0000cc3f       0x2e Src/times_base/times_base.o
 .debug_macro   0x0000cc6d       0x12 Src/times_base/times_base.o
 .debug_macro   0x0000cc7f      0x1e1 Src/times_base/times_base.o
 .debug_macro   0x0000ce60       0xa5 Src/times_base/times_base.o
 .debug_macro   0x0000cf05      0x196 Src/syscalls.o
 .debug_macro   0x0000d09b       0x10 Src/syscalls.o
 .debug_macro   0x0000d0ab       0x10 Src/syscalls.o
 .debug_macro   0x0000d0bb       0x10 Src/syscalls.o
 .debug_macro   0x0000d0cb       0x35 Src/syscalls.o
 .debug_macro   0x0000d100      0x120 Src/syscalls.o
 .debug_macro   0x0000d220       0x10 Src/syscalls.o
 .debug_macro   0x0000d230      0x241 Src/syscalls.o
 .debug_macro   0x0000d471      0x13a Src/syscalls.o
 .debug_macro   0x0000d5ab       0x16 Src/syscalls.o
 .debug_macro   0x0000d5c1       0x22 Src/syscalls.o
 .debug_macro   0x0000d5e3      0x19c Src/stm32f4xx_it.o
 .debug_macro   0x0000d77f      0x192 Src/stm32f4xx_hal_msp.o
 .debug_macro   0x0000d911      0x30b Src/peripherals/tests/tests.o
 .debug_macro   0x0000dc1c       0x22 Src/peripherals/tests/tests.o
 .debug_macro   0x0000dc3e       0xa0 Src/peripherals/tests/tests.o
 .debug_macro   0x0000dcde      0x2e1 Src/peripherals/telemeters/telemeters.o
 .debug_macro   0x0000dfbf       0x6a Src/peripherals/telemeters/telemeters.o
 .debug_macro   0x0000e029      0x2e1 Src/peripherals/lineSensors/lineSensors.o
 .debug_macro   0x0000e30a      0x2d2 Src/peripherals/gyroscope/adxrs620.o
 .debug_macro   0x0000e5dc      0x286 Src/peripherals/expander/pcf8574.o
 .debug_macro   0x0000e862      0x20f Src/peripherals/expander/pcf8574.o
 .debug_macro   0x0000ea71       0x43 Src/peripherals/expander/pcf8574.o
 .debug_macro   0x0000eab4      0x293 Src/peripherals/encoders/ie512.o
 .debug_macro   0x0000ed47      0x2e7 Src/peripherals/display/ssd1306.o
 .debug_macro   0x0000f02e       0x1b Src/peripherals/display/smallfonts.o
 .debug_macro   0x0000f049      0x2c6 Src/main.o
 .debug_macro   0x0000f30f      0x143 Src/dsp_lib/arm_pid_init_f32.o
 .debug_macro   0x0000f452      0x2f4 Src/controls/straight_controls/straight_controls.o
 .debug_macro   0x0000f746      0x2f4 Src/controls/pid/pid.o
 .debug_macro   0x0000fa3a      0x2b1 Src/callback/user_it_callback.o
 .debug_macro   0x0000fceb      0x19a Drivers/STM32F4xx_HAL_Driver/Src/stm32f4xx_hal_uart.o
 .debug_macro   0x0000fe85      0x192 Drivers/STM32F4xx_HAL_Driver/Src/stm32f4xx_hal_tim_ex.o
 .debug_macro   0x00010017      0x193 Drivers/STM32F4xx_HAL_Driver/Src/stm32f4xx_hal_tim.o
 .debug_macro   0x000101aa      0x1d4 Drivers/STM32F4xx_HAL_Driver/Src/stm32f4xx_hal_rcc.o
 .debug_macro   0x0001037e      0x1a1 Drivers/STM32F4xx_HAL_Driver/Src/stm32f4xx_hal_i2c.o
 .debug_macro   0x0001051f      0x1d1 Drivers/STM32F4xx_HAL_Driver/Src/stm32f4xx_hal_gpio.o
 .debug_macro   0x000106f0      0x199 Drivers/STM32F4xx_HAL_Driver/Src/stm32f4xx_hal_dma.o
 .debug_macro   0x00010889      0x192 Drivers/STM32F4xx_HAL_Driver/Src/stm32f4xx_hal_cortex.o
 .debug_macro   0x00010a1b      0x192 Drivers/STM32F4xx_HAL_Driver/Src/stm32f4xx_hal_adc_ex.o
 .debug_macro   0x00010bad      0x193 Drivers/STM32F4xx_HAL_Driver/Src/stm32f4xx_hal_adc.o
 .debug_macro   0x00010d40      0x1e0 Drivers/STM32F4xx_HAL_Driver/Src/stm32f4xx_hal.o
 .debug_macro   0x00010f20      0x198 Drivers/CMSIS/Device/ST/STM32F4xx/Source/Templates/system_stm32f4xx.o

.debug_line     0x00000000     0xf0c3
 .debug_line    0x00000000      0x7af Src/times_base/times_base.o
 .debug_line    0x000007af      0x398 Src/syscalls.o
 .debug_line    0x00000b47      0x56c Src/stm32f4xx_it.o
 .debug_line    0x000010b3      0x634 Src/stm32f4xx_hal_msp.o
 .debug_line    0x000016e7      0xacf Src/peripherals/tests/tests.o
 .debug_line    0x000021b6      0x798 Src/peripherals/telemeters/telemeters.o
 .debug_line    0x0000294e      0x779 Src/peripherals/lineSensors/lineSensors.o
 .debug_line    0x000030c7      0x74f Src/peripherals/gyroscope/adxrs620.o
 .debug_line    0x00003816      0x616 Src/peripherals/expander/pcf8574.o
 .debug_line    0x00003e2c      0x638 Src/peripherals/encoders/ie512.o
 .debug_line    0x00004464      0xab8 Src/peripherals/display/ssd1306.o
 .debug_line    0x00004f1c       0x90 Src/peripherals/display/smallfonts.o
 .debug_line    0x00004fac      0x9c6 Src/main.o
 .debug_line    0x00005972      0x27c Src/dsp_lib/arm_pid_init_f32.o
 .debug_line    0x00005bee      0x79a Src/controls/straight_controls/straight_controls.o
 .debug_line    0x00006388      0x74a Src/controls/pid/pid.o
 .debug_line    0x00006ad2      0x75d Src/callback/user_it_callback.o
 .debug_line    0x0000722f      0xb3c Drivers/STM32F4xx_HAL_Driver/Src/stm32f4xx_hal_uart.o
 .debug_line    0x00007d6b      0x9f5 Drivers/STM32F4xx_HAL_Driver/Src/stm32f4xx_hal_tim_ex.o
 .debug_line    0x00008760     0x14b9 Drivers/STM32F4xx_HAL_Driver/Src/stm32f4xx_hal_tim.o
 .debug_line    0x00009c19      0x871 Drivers/STM32F4xx_HAL_Driver/Src/stm32f4xx_hal_rcc.o
 .debug_line    0x0000a48a     0x1146 Drivers/STM32F4xx_HAL_Driver/Src/stm32f4xx_hal_i2c.o
 .debug_line    0x0000b5d0      0x5e8 Drivers/STM32F4xx_HAL_Driver/Src/stm32f4xx_hal_gpio.o
 .debug_line    0x0000bbb8     0x11d2 Drivers/STM32F4xx_HAL_Driver/Src/stm32f4xx_hal_dma.o
 .debug_line    0x0000cd8a      0x771 Drivers/STM32F4xx_HAL_Driver/Src/stm32f4xx_hal_cortex.o
 .debug_line    0x0000d4fb      0x773 Drivers/STM32F4xx_HAL_Driver/Src/stm32f4xx_hal_adc_ex.o
 .debug_line    0x0000dc6e      0x873 Drivers/STM32F4xx_HAL_Driver/Src/stm32f4xx_hal_adc.o
 .debug_line    0x0000e4e1      0x63a Drivers/STM32F4xx_HAL_Driver/Src/stm32f4xx_hal.o
 .debug_line    0x0000eb1b      0x4fa Drivers/CMSIS/Device/ST/STM32F4xx/Source/Templates/system_stm32f4xx.o
 .debug_line    0x0000f015       0xae Drivers/CMSIS/Device/ST/STM32F4xx/Source/Templates/gcc/startup_stm32f405xx.o

.debug_str      0x00000000    0x61648
 .debug_str     0x00000000    0x5b309 Src/times_base/times_base.o
                              0x5b5a2 (size before relaxing)
 .debug_str     0x0005b309      0xf98 Src/syscalls.o
                               0x5781 (size before relaxing)
 .debug_str     0x0005c2a1      0x87d Src/stm32f4xx_it.o
                              0x57b46 (size before relaxing)
 .debug_str     0x0005cb1e      0x681 Src/stm32f4xx_hal_msp.o
                              0x58136 (size before relaxing)
 .debug_str     0x0005d19f      0x771 Src/peripherals/tests/tests.o
                              0x5bd78 (size before relaxing)
 .debug_str     0x0005d910      0x2c9 Src/peripherals/telemeters/telemeters.o
                              0x5ad47 (size before relaxing)
 .debug_str     0x0005dbd9       0xca Src/peripherals/lineSensors/lineSensors.o
                              0x5ab27 (size before relaxing)
 .debug_str     0x0005dca3       0x87 Src/peripherals/gyroscope/adxrs620.o
                              0x5a8be (size before relaxing)
 .debug_str     0x0005dd2a       0x6c Src/peripherals/expander/pcf8574.o
                              0x5a3c2 (size before relaxing)
 .debug_str     0x0005dd96       0xd7 Src/peripherals/encoders/ie512.o
                              0x5a394 (size before relaxing)
 .debug_str     0x0005de6d      0x2b4 Src/peripherals/display/ssd1306.o
                              0x5a93f (size before relaxing)
 .debug_str     0x0005e121       0x79 Src/peripherals/display/smallfonts.o
                               0x258e (size before relaxing)
 .debug_str     0x0005e19a      0x24f Src/main.o
                              0x5a1c4 (size before relaxing)
 .debug_str     0x0005e3e9       0x6e Src/dsp_lib/arm_pid_init_f32.o
                               0x6d91 (size before relaxing)
 .debug_str     0x0005e457       0xd4 Src/controls/straight_controls/straight_controls.o
                              0x5b735 (size before relaxing)
 .debug_str     0x0005e52b       0x41 Src/controls/pid/pid.o
                              0x5afd0 (size before relaxing)
 .debug_str     0x0005e56c       0x46 Src/callback/user_it_callback.o
                              0x5a94e (size before relaxing)
 .debug_str     0x0005e5b2      0x385 Drivers/STM32F4xx_HAL_Driver/Src/stm32f4xx_hal_uart.o
                              0x57717 (size before relaxing)
 .debug_str     0x0005e937      0x497 Drivers/STM32F4xx_HAL_Driver/Src/stm32f4xx_hal_tim_ex.o
                              0x578d4 (size before relaxing)
 .debug_str     0x0005edce      0xac7 Drivers/STM32F4xx_HAL_Driver/Src/stm32f4xx_hal_tim.o
                              0x57ff0 (size before relaxing)
 .debug_str     0x0005f895      0x33e Drivers/STM32F4xx_HAL_Driver/Src/stm32f4xx_hal_rcc.o
                              0x57497 (size before relaxing)
 .debug_str     0x0005fbd3      0x5c3 Drivers/STM32F4xx_HAL_Driver/Src/stm32f4xx_hal_i2c.o
                              0x5799f (size before relaxing)
 .debug_str     0x00060196      0x5a0 Drivers/STM32F4xx_HAL_Driver/Src/stm32f4xx_hal_gpio.o
                              0x5759c (size before relaxing)
 .debug_str     0x00060736      0x180 Drivers/STM32F4xx_HAL_Driver/Src/stm32f4xx_hal_dma.o
                              0x572a1 (size before relaxing)
 .debug_str     0x000608b6      0x30b Drivers/STM32F4xx_HAL_Driver/Src/stm32f4xx_hal_cortex.o
                              0x57751 (size before relaxing)
 .debug_str     0x00060bc1      0x323 Drivers/STM32F4xx_HAL_Driver/Src/stm32f4xx_hal_adc_ex.o
                              0x5771a (size before relaxing)
 .debug_str     0x00060ee4      0x255 Drivers/STM32F4xx_HAL_Driver/Src/stm32f4xx_hal_adc.o
                              0x576d8 (size before relaxing)
 .debug_str     0x00061139      0x486 Drivers/STM32F4xx_HAL_Driver/Src/stm32f4xx_hal.o
                              0x57930 (size before relaxing)
 .debug_str     0x000615bf       0x89 Drivers/CMSIS/Device/ST/STM32F4xx/Source/Templates/system_stm32f4xx.o
                              0x57048 (size before relaxing)

.comment        0x00000000       0x70
 .comment       0x00000000       0x70 Src/times_base/times_base.o
                                 0x71 (size before relaxing)
 .comment       0x00000000       0x71 Src/syscalls.o
 .comment       0x00000000       0x71 Src/stm32f4xx_it.o
 .comment       0x00000000       0x71 Src/stm32f4xx_hal_msp.o
 .comment       0x00000000       0x71 Src/peripherals/tests/tests.o
 .comment       0x00000000       0x71 Src/peripherals/telemeters/telemeters.o
 .comment       0x00000000       0x71 Src/peripherals/lineSensors/lineSensors.o
 .comment       0x00000000       0x71 Src/peripherals/gyroscope/adxrs620.o
 .comment       0x00000000       0x71 Src/peripherals/expander/pcf8574.o
 .comment       0x00000000       0x71 Src/peripherals/encoders/ie512.o
 .comment       0x00000000       0x71 Src/peripherals/display/ssd1306.o
 .comment       0x00000000       0x71 Src/peripherals/display/smallfonts.o
 .comment       0x00000000       0x71 Src/main.o
 .comment       0x00000000       0x71 Src/dsp_lib/arm_pid_init_f32.o
 .comment       0x00000000       0x71 Src/controls/straight_controls/straight_controls.o
 .comment       0x00000000       0x71 Src/controls/pid/pid.o
 .comment       0x00000000       0x71 Src/callback/user_it_callback.o
 .comment       0x00000000       0x71 Drivers/STM32F4xx_HAL_Driver/Src/stm32f4xx_hal_uart.o
 .comment       0x00000000       0x71 Drivers/STM32F4xx_HAL_Driver/Src/stm32f4xx_hal_tim_ex.o
 .comment       0x00000000       0x71 Drivers/STM32F4xx_HAL_Driver/Src/stm32f4xx_hal_tim.o
 .comment       0x00000000       0x71 Drivers/STM32F4xx_HAL_Driver/Src/stm32f4xx_hal_rcc.o
 .comment       0x00000000       0x71 Drivers/STM32F4xx_HAL_Driver/Src/stm32f4xx_hal_i2c.o
 .comment       0x00000000       0x71 Drivers/STM32F4xx_HAL_Driver/Src/stm32f4xx_hal_gpio.o
 .comment       0x00000000       0x71 Drivers/STM32F4xx_HAL_Driver/Src/stm32f4xx_hal_dma.o
 .comment       0x00000000       0x71 Drivers/STM32F4xx_HAL_Driver/Src/stm32f4xx_hal_cortex.o
 .comment       0x00000000       0x71 Drivers/STM32F4xx_HAL_Driver/Src/stm32f4xx_hal_adc_ex.o
 .comment       0x00000000       0x71 Drivers/STM32F4xx_HAL_Driver/Src/stm32f4xx_hal_adc.o
 .comment       0x00000000       0x71 Drivers/STM32F4xx_HAL_Driver/Src/stm32f4xx_hal.o
 .comment       0x00000000       0x71 Drivers/CMSIS/Device/ST/STM32F4xx/Source/Templates/system_stm32f4xx.o

.debug_frame    0x00000000     0x4400
 .debug_frame   0x00000000       0xa0 Src/times_base/times_base.o
 .debug_frame   0x000000a0      0x22c Src/syscalls.o
 .debug_frame   0x000002cc      0x144 Src/stm32f4xx_it.o
 .debug_frame   0x00000410      0x190 Src/stm32f4xx_hal_msp.o
 .debug_frame   0x000005a0      0x1a4 Src/peripherals/tests/tests.o
 .debug_frame   0x00000744       0xd4 Src/peripherals/telemeters/telemeters.o
 .debug_frame   0x00000818       0x98 Src/peripherals/lineSensors/lineSensors.o
 .debug_frame   0x000008b0       0x94 Src/peripherals/gyroscope/adxrs620.o