Archive member included because of file (symbol)

/opt/ARM/bin/../lib/gcc/arm-none-eabi/4.8.4/armv7e-m/fpu/libgcc.a(_arm_addsubdf3.o)
                              Src/peripherals/multimeter/multimeter.o (__aeabi_dsub)
/opt/ARM/bin/../lib/gcc/arm-none-eabi/4.8.4/armv7e-m/fpu/libgcc.a(_arm_muldivdf3.o)
                              Src/peripherals/multimeter/multimeter.o (__aeabi_dmul)
/opt/ARM/bin/../lib/gcc/arm-none-eabi/4.8.4/armv7e-m/fpu/libgcc.a(_arm_fixdfsi.o)
                              Src/peripherals/gyroscope/adxrs620.o (__aeabi_d2iz)
/opt/ARM/bin/../lib/gcc/arm-none-eabi/4.8.4/armv7e-m/fpu/libgcc.a(_arm_fixunsdfsi.o)
                              Src/peripherals/multimeter/multimeter.o (__aeabi_d2uiz)
/opt/ARM/bin/../lib/gcc/arm-none-eabi/4.8.4/armv7e-m/fpu/libgcc.a(_arm_truncdfsf2.o)
                              Src/peripherals/gyroscope/adxrs620.o (__aeabi_d2f)
/opt/ARM/bin/../lib/gcc/arm-none-eabi/4.8.4/armv7e-m/fpu/libgcc.a(_aeabi_ldivmod.o)
                              Src/peripherals/telemeters/telemeters.o (__aeabi_ldivmod)
/opt/ARM/bin/../lib/gcc/arm-none-eabi/4.8.4/armv7e-m/fpu/libgcc.a(bpabi.o)
                              /opt/ARM/bin/../lib/gcc/arm-none-eabi/4.8.4/armv7e-m/fpu/libgcc.a(_aeabi_ldivmod.o) (__gnu_ldivmod_helper)
/opt/ARM/bin/../lib/gcc/arm-none-eabi/4.8.4/armv7e-m/fpu/libgcc.a(_dvmd_tls.o)
                              /opt/ARM/bin/../lib/gcc/arm-none-eabi/4.8.4/armv7e-m/fpu/libgcc.a(_aeabi_ldivmod.o) (__aeabi_ldiv0)
/opt/ARM/bin/../lib/gcc/arm-none-eabi/4.8.4/armv7e-m/fpu/libgcc.a(_divdi3.o)
                              /opt/ARM/bin/../lib/gcc/arm-none-eabi/4.8.4/armv7e-m/fpu/libgcc.a(bpabi.o) (__divdi3)
/opt/ARM/bin/../lib/gcc/arm-none-eabi/4.8.4/armv7e-m/fpu/libgcc.a(_udivdi3.o)
                              /opt/ARM/bin/../lib/gcc/arm-none-eabi/4.8.4/armv7e-m/fpu/libgcc.a(bpabi.o) (__udivdi3)
/opt/ARM/bin/../lib/gcc/arm-none-eabi/4.8.4/../../../../arm-none-eabi/lib/armv7e-m/fpu/libc.a(lib_a-exit.o)
                              /opt/ARM/bin/../lib/gcc/arm-none-eabi/4.8.4/../../../../arm-none-eabi/lib/armv7e-m/fpu/crt0.o (exit)
/opt/ARM/bin/../lib/gcc/arm-none-eabi/4.8.4/../../../../arm-none-eabi/lib/armv7e-m/fpu/libc.a(lib_a-impure.o)
                              /opt/ARM/bin/../lib/gcc/arm-none-eabi/4.8.4/../../../../arm-none-eabi/lib/armv7e-m/fpu/libc.a(lib_a-exit.o) (_global_impure_ptr)
/opt/ARM/bin/../lib/gcc/arm-none-eabi/4.8.4/../../../../arm-none-eabi/lib/armv7e-m/fpu/libc.a(lib_a-init.o)
                              /opt/ARM/bin/../lib/gcc/arm-none-eabi/4.8.4/../../../../arm-none-eabi/lib/armv7e-m/fpu/crt0.o (__libc_init_array)
/opt/ARM/bin/../lib/gcc/arm-none-eabi/4.8.4/../../../../arm-none-eabi/lib/armv7e-m/fpu/libc.a(lib_a-memcpy.o)
                              Src/peripherals/display/ssd1306.o (memcpy)
/opt/ARM/bin/../lib/gcc/arm-none-eabi/4.8.4/../../../../arm-none-eabi/lib/armv7e-m/fpu/libc.a(lib_a-memset.o)
                              /opt/ARM/bin/../lib/gcc/arm-none-eabi/4.8.4/../../../../arm-none-eabi/lib/armv7e-m/fpu/crt0.o (memset)
/opt/ARM/bin/../lib/gcc/arm-none-eabi/4.8.4/../../../../arm-none-eabi/lib/armv7e-m/fpu/libc.a(lib_a-reent.o)
                              Src/syscalls.o (errno)
/opt/ARM/bin/../lib/gcc/arm-none-eabi/4.8.4/../../../../arm-none-eabi/lib/armv7e-m/fpu/libc.a(lib_a-sprintf.o)
                              Src/peripherals/display/ssd1306.o (sprintf)
/opt/ARM/bin/../lib/gcc/arm-none-eabi/4.8.4/../../../../arm-none-eabi/lib/armv7e-m/fpu/libc.a(lib_a-strlen.o)
                              Src/util/itoa.o (strlen)
/opt/ARM/bin/../lib/gcc/arm-none-eabi/4.8.4/../../../../arm-none-eabi/lib/armv7e-m/fpu/libc.a(lib_a-svfprintf.o)
                              /opt/ARM/bin/../lib/gcc/arm-none-eabi/4.8.4/../../../../arm-none-eabi/lib/armv7e-m/fpu/libc.a(lib_a-sprintf.o) (_svfprintf_r)
/opt/ARM/bin/../lib/gcc/arm-none-eabi/4.8.4/../../../../arm-none-eabi/lib/armv7e-m/fpu/libc.a(lib_a-__call_atexit.o)
                              /opt/ARM/bin/../lib/gcc/arm-none-eabi/4.8.4/../../../../arm-none-eabi/lib/armv7e-m/fpu/libc.a(lib_a-exit.o) (__call_exitprocs)
/opt/ARM/bin/../lib/gcc/arm-none-eabi/4.8.4/../../../../arm-none-eabi/lib/armv7e-m/fpu/libc.a(lib_a-atexit.o)
                              /opt/ARM/bin/../lib/gcc/arm-none-eabi/4.8.4/../../../../arm-none-eabi/lib/armv7e-m/fpu/libc.a(lib_a-__call_atexit.o) (atexit)
/opt/ARM/bin/../lib/gcc/arm-none-eabi/4.8.4/../../../../arm-none-eabi/lib/armv7e-m/fpu/libc.a(lib_a-dtoa.o)
                              /opt/ARM/bin/../lib/gcc/arm-none-eabi/4.8.4/../../../../arm-none-eabi/lib/armv7e-m/fpu/libc.a(lib_a-svfprintf.o) (_dtoa_r)
/opt/ARM/bin/../lib/gcc/arm-none-eabi/4.8.4/../../../../arm-none-eabi/lib/armv7e-m/fpu/libc.a(lib_a-fini.o)
                              /opt/ARM/bin/../lib/gcc/arm-none-eabi/4.8.4/../../../../arm-none-eabi/lib/armv7e-m/fpu/libc.a(lib_a-__call_atexit.o) (__libc_fini_array)
[...]
Memory Configuration

Name             Origin             Length             Attributes
FLASH            0x08000000         0x00100000         xr
RAM              0x20000000         0x00020000         xrw
CCMRAM           0x10000000         0x00010000         rw
*default*        0x00000000         0xffffffff

Linker script and memory map

LOAD /opt/ARM/bin/../lib/gcc/arm-none-eabi/4.8.4/armv7e-m/fpu/crti.o
LOAD /opt/ARM/bin/../lib/gcc/arm-none-eabi/4.8.4/armv7e-m/fpu/crtbegin.o
LOAD /opt/ARM/bin/../lib/gcc/arm-none-eabi/4.8.4/../../../../arm-none-eabi/lib/armv7e-m/fpu/crt0.o
LOAD Src/util/itoa.o
LOAD Src/usart.o
LOAD Src/times_base/times_base.o
LOAD Src/tim.o
LOAD Src/syscalls.o
LOAD Src/stm32f4xx_it.o
LOAD Src/stm32f4xx_hal_msp.o
LOAD Src/peripherals/tests/tests.o
LOAD Src/peripherals/telemeters/telemeters.o
LOAD Src/peripherals/multimeter/multimeter.o
LOAD Src/peripherals/lineSensors/lineSensors.o
LOAD Src/peripherals/gyroscope/adxrs620.o
LOAD Src/peripherals/expander/pcf8574.o
LOAD Src/peripherals/encoders/ie512.o
LOAD Src/peripherals/display/ssd1306.o
LOAD Src/peripherals/display/smallfonts.o
LOAD Src/peripherals/bluetooth/bluetooth.o
LOAD Src/main.o
LOAD Src/i2c.o
LOAD Src/gpio.o
LOAD Src/dsp_lib/arm_sin_cos_q31.o
LOAD Src/dsp_lib/arm_sin_cos_f32.o
LOAD Src/dsp_lib/arm_pid_reset_q31.o
LOAD Src/dsp_lib/arm_pid_reset_q15.o
LOAD Src/dsp_lib/arm_pid_reset_f32.o
LOAD Src/dsp_lib/arm_pid_init_q31.o
LOAD Src/dsp_lib/arm_pid_init_q15.o
LOAD Src/dsp_lib/arm_pid_init_f32.o
LOAD Src/dma.o
LOAD Src/controls/straight_controls/straight_controls.o
LOAD Src/controls/pid/pid.o
LOAD Src/callback/user_it_callback.o
LOAD Src/adcManagment/adcManagment.o
LOAD Src/adc.o
LOAD Drivers/STM32F4xx_HAL_Driver/Src/stm32f4xx_hal_uart.o
LOAD Drivers/STM32F4xx_HAL_Driver/Src/stm32f4xx_hal_tim_ex.o
LOAD Drivers/STM32F4xx_HAL_Driver/Src/stm32f4xx_hal_tim.o
LOAD Drivers/STM32F4xx_HAL_Driver/Src/stm32f4xx_hal_rcc_ex.o
LOAD Drivers/STM32F4xx_HAL_Driver/Src/stm32f4xx_hal_rcc.o
LOAD Drivers/STM32F4xx_HAL_Driver/Src/stm32f4xx_hal_pwr_ex.o
LOAD Drivers/STM32F4xx_HAL_Driver/Src/stm32f4xx_hal_pwr.o
LOAD Drivers/STM32F4xx_HAL_Driver/Src/stm32f4xx_hal_i2c_ex.o
LOAD Drivers/STM32F4xx_HAL_Driver/Src/stm32f4xx_hal_i2c.o
LOAD Drivers/STM32F4xx_HAL_Driver/Src/stm32f4xx_hal_gpio.o
LOAD Drivers/STM32F4xx_HAL_Driver/Src/stm32f4xx_hal_flash_ramfunc.o
LOAD Drivers/STM32F4xx_HAL_Driver/Src/stm32f4xx_hal_flash_ex.o
LOAD Drivers/STM32F4xx_HAL_Driver/Src/stm32f4xx_hal_flash.o
LOAD Drivers/STM32F4xx_HAL_Driver/Src/stm32f4xx_hal_dma_ex.o
LOAD Drivers/STM32F4xx_HAL_Driver/Src/stm32f4xx_hal_dma.o
LOAD Drivers/STM32F4xx_HAL_Driver/Src/stm32f4xx_hal_cortex.o
LOAD Drivers/STM32F4xx_HAL_Driver/Src/stm32f4xx_hal_adc_ex.o
LOAD Drivers/STM32F4xx_HAL_Driver/Src/stm32f4xx_hal_adc.o
LOAD Drivers/STM32F4xx_HAL_Driver/Src/stm32f4xx_hal.o
LOAD Drivers/CMSIS/Device/ST/STM32F4xx/Source/Templates/system_stm32f4xx.o
LOAD Drivers/CMSIS/Device/ST/STM32F4xx/Source/Templates/gcc/startup_stm32f405xx.o
START GROUP
LOAD /opt/ARM/bin/../lib/gcc/arm-none-eabi/4.8.4/armv7e-m/fpu/libgcc.a
LOAD /opt/ARM/bin/../lib/gcc/arm-none-eabi/4.8.4/../../../../arm-none-eabi/lib/armv7e-m/fpu/libc.a
END GROUP
LOAD /opt/ARM/bin/../lib/gcc/arm-none-eabi/4.8.4/armv7e-m/fpu/crtend.o
LOAD /opt/ARM/bin/../lib/gcc/arm-none-eabi/4.8.4/armv7e-m/fpu/crtn.o
                0x2001ffff                _estack = 0x2001ffff
                0x00000000                _Min_Heap_Size = 0x0
                0x00000400                _Min_Stack_Size = 0x400

.isr_vector     0x08000000      0x188
                0x08000000                . = ALIGN (0x4)
 *(.isr_vector)
 .isr_vector    0x08000000      0x188 Drivers/CMSIS/Device/ST/STM32F4xx/Source/Templates/gcc/startup_stm32f405xx.o
                0x08000000                g_pfnVectors
                0x08000188                . = ALIGN (0x4)

.text           0x08000188     0x97e0
                0x08000188                . = ALIGN (0x4)
 *(.text)
 .text          0x08000188       0x54 /opt/ARM/bin/../lib/gcc/arm-none-eabi/4.8.4/armv7e-m/fpu/crtbegin.o
 .text          0x080001dc      0x370 /opt/ARM/bin/../lib/gcc/arm-none-eabi/4.8.4/armv7e-m/fpu/libgcc.a(_arm_addsubdf3.o)
                0x080001dc                __aeabi_drsub
                0x080001e4                __aeabi_dsub
                0x080001e4                __subdf3
                0x080001e8                __adddf3
                0x080001e8                __aeabi_dadd
                0x08000460                __aeabi_ui2d
                0x08000460                __floatunsidf
                0x08000480                __floatsidf
                0x08000480                __aeabi_i2d
                0x080004a4                __extendsfdf2
                0x080004a4                __aeabi_f2d
                0x080004e0                __aeabi_ul2d
                0x080004e0                __floatundidf
                0x080004f0                __floatdidf
                0x080004f0                __aeabi_l2d
 .text          0x0800054c      0x424 /opt/ARM/bin/../lib/gcc/arm-none-eabi/4.8.4/armv7e-m/fpu/libgcc.a(_arm_muldivdf3.o)
                0x0800054c                __aeabi_dmul
                0x0800054c                __muldf3
                0x080007a0                __aeabi_ddiv
                0x080007a0                __divdf3
 .text          0x08000970       0x50 /opt/ARM/bin/../lib/gcc/arm-none-eabi/4.8.4/armv7e-m/fpu/libgcc.a(_arm_fixdfsi.o)
                0x08000970                __fixdfsi
                0x08000970                __aeabi_d2iz
 .text          0x080009c0       0x40 /opt/ARM/bin/../lib/gcc/arm-none-eabi/4.8.4/armv7e-m/fpu/libgcc.a(_arm_fixunsdfsi.o)
                0x080009c0                __fixunsdfsi
                0x080009c0                __aeabi_d2uiz
 .text          0x08000a00       0x60 /opt/ARM/bin/../lib/gcc/arm-none-eabi/4.8.4/armv7e-m/fpu/libgcc.a(bpabi.o)
                0x08000a00                __gnu_ldivmod_helper
                0x08000a30                __gnu_uldivmod_helper
 .text          0x08000a60        0x4 /opt/ARM/bin/../lib/gcc/arm-none-eabi/4.8.4/armv7e-m/fpu/libgcc.a(_dvmd_tls.o)
                0x08000a60                __aeabi_ldiv0
                0x08000a60                __aeabi_idiv0
 .text          0x08000a64      0x298 /opt/ARM/bin/../lib/gcc/arm-none-eabi/4.8.4/armv7e-m/fpu/libgcc.a(_divdi3.o)
                0x08000a64                __divdi3
 .text          0x08000cfc      0x284 /opt/ARM/bin/../lib/gcc/arm-none-eabi/4.8.4/armv7e-m/fpu/libgcc.a(_udivdi3.o)
                0x08000cfc                __udivdi3
 .text          0x08000f80      0x134 /opt/ARM/bin/../lib/gcc/arm-none-eabi/4.8.4/../../../../arm-none-eabi/lib/armv7e-m/fpu/libc.a(lib_a-memcpy.o)
                0x08000f80                memcpy
 .text          0x080010b4      0x110 /opt/ARM/bin/../lib/gcc/arm-none-eabi/4.8.4/armv7e-m/fpu/libgcc.a(_arm_cmpdf2.o)
                0x080010b4                __gtdf2
                0x080010b4                __gedf2
                0x080010bc                __ltdf2
                0x080010bc                __ledf2
                0x080010c4                __cmpdf2
                0x080010c4                __eqdf2
                0x080010c4                __nedf2
                0x08001140                __aeabi_cdrcmple
                0x08001150                __aeabi_cdcmple
                0x08001150                __aeabi_cdcmpeq
                0x08001160                __aeabi_dcmpeq
                0x08001174                __aeabi_dcmplt
                0x08001188                __aeabi_dcmple
                0x0800119c                __aeabi_dcmpge
                0x080011b0                __aeabi_dcmpgt
 .text          0x080011c4       0x2c /opt/ARM/bin/../lib/gcc/arm-none-eabi/4.8.4/armv7e-m/fpu/libgcc.a(_aeabi_uldivmod.o)
                0x080011c4                __aeabi_uldivmod
 *(.text*)
 .text.MX_USART3_UART_Init
                0x080011f0       0x30 Src/usart.o
                0x080011f0                MX_USART3_UART_Init
 .text.HAL_UART_MspInit
                0x08001220       0x48 Src/usart.o
                0x08001220                HAL_UART_MspInit
 .text.TimesBase_Init
                0x08001268      0x1ac Src/times_base/times_base.o
                0x08001268                TimesBase_Init
 .text.Led_Power_Blink
                0x08001414       0x2c Src/times_base/times_base.o
                0x08001414                Led_Power_Blink
 .text.High_Freq_IT
                0x08001440        0x4 Src/times_base/times_base.o
                0x08001440                High_Freq_IT
 .text.Low_Freq_IT
                0x08001444       0x5c Src/times_base/times_base.o
                0x08001444                Low_Freq_IT
 .text.MX_TIM1_Init
                0x080014a0       0x54 Src/tim.o
                0x080014a0                MX_TIM1_Init
 .text.MX_TIM2_Init
                0x080014f4       0x48 Src/tim.o
                0x080014f4                MX_TIM2_Init
 .text.MX_TIM3_Init
                0x0800153c       0x54 Src/tim.o
                0x0800153c                MX_TIM3_Init
 .text.MX_TIM4_Init
                0x08001590       0x64 Src/tim.o
                0x08001590                MX_TIM4_Init
 .text.MX_TIM5_Init
                0x080015f4       0x4c Src/tim.o
                0x080015f4                MX_TIM5_Init
 .text.MX_TIM6_Init
                0x08001640       0x38 Src/tim.o
                0x08001640                MX_TIM6_Init
 .text.MX_TIM7_Init
                0x08001678       0x38 Src/tim.o
                0x08001678                MX_TIM7_Init
 .text.MX_TIM8_Init
                0x080016b0       0x9c Src/tim.o
                0x080016b0                MX_TIM8_Init
 .text.MX_TIM10_Init
                0x0800174c       0x2c Src/tim.o
                0x0800174c                MX_TIM10_Init
 .text.MX_TIM11_Init
                0x08001778       0x40 Src/tim.o
                0x08001778                MX_TIM11_Init
 .text.HAL_TIM_Encoder_MspInit
                0x080017b8       0x98 Src/tim.o
                0x080017b8                HAL_TIM_Encoder_MspInit
 .text.HAL_TIM_Base_MspInit
                0x08001850      0x15c Src/tim.o
                0x08001850                HAL_TIM_Base_MspInit
 .text._sbrk    0x080019ac       0x34 Src/syscalls.o
                0x080019ac                _sbrk
 .text.DMA1_Stream6_IRQHandler
                0x080019e0        0xc Src/stm32f4xx_it.o
                0x080019e0                DMA1_Stream6_IRQHandler
 .text.TIM6_DAC_IRQHandler
                0x080019ec        0xc Src/stm32f4xx_it.o
                0x080019ec                TIM6_DAC_IRQHandler
 .text.SysTick_Handler
                0x080019f8       0x10 Src/stm32f4xx_it.o
                0x080019f8                SysTick_Handler
 .text.TIM7_IRQHandler
                0x08001a08        0xc Src/stm32f4xx_it.o
                0x08001a08                TIM7_IRQHandler
 .text.TIM2_IRQHandler
                0x08001a14        0xc Src/stm32f4xx_it.o
                0x08001a14                TIM2_IRQHandler
 .text.DMA2_Stream0_IRQHandler
                0x08001a20        0xc Src/stm32f4xx_it.o
                0x08001a20                DMA2_Stream0_IRQHandler
 .text.DMA2_Stream1_IRQHandler
                0x08001a2c        0xc Src/stm32f4xx_it.o
                0x08001a2c                DMA2_Stream1_IRQHandler
 .text.DMA1_Stream5_IRQHandler
                0x08001a38        0xc Src/stm32f4xx_it.o
                0x08001a38                DMA1_Stream5_IRQHandler
 .text.TIM1_UP_TIM10_IRQHandler
                0x08001a44       0x1c Src/stm32f4xx_it.o
                0x08001a44                TIM1_UP_TIM10_IRQHandler
 .text.TIM3_IRQHandler
                0x08001a60        0xc Src/stm32f4xx_it.o
                0x08001a60                TIM3_IRQHandler
 .text.TIM5_IRQHandler
                0x08001a6c        0xc Src/stm32f4xx_it.o
                0x08001a6c                TIM5_IRQHandler
 .text.TIM4_IRQHandler
                0x08001a78        0xc Src/stm32f4xx_it.o
                0x08001a78                TIM4_IRQHandler
 .text.RCC_IRQHandler
                0x08001a84        0x4 Src/stm32f4xx_it.o
                0x08001a84                RCC_IRQHandler
 .text.HAL_MspInit
                0x08001a88       0x28 Src/stm32f4xx_hal_msp.o
                0x08001a88                HAL_MspInit
 .text.test_Beeper
                0x08001ab0       0x40 Src/peripherals/tests/tests.o
                0x08001ab0                test_Beeper
 .text.Telemeters_Init
                0x08001af0       0x2c Src/peripherals/telemeters/telemeters.o
                0x08001af0                Telemeters_Init
 .text.Telemeters_IT
                0x08001b1c       0xf0 Src/peripherals/telemeters/telemeters.o
                0x08001b1c                Telemeters_IT
 .text.Telemeters_REGULAR_ADC_IT
                0x08001c0c       0xf4 Src/peripherals/telemeters/telemeters.o
                0x08001c0c                Telemeters_REGULAR_ADC_IT
 .text.Debug_Telemeter
                0x08001d00       0xac Src/peripherals/telemeters/telemeters.o
                0x08001d00                Debug_Telemeter
 .text.Multimeter_IT
                0x08001dac       0x24 Src/peripherals/multimeter/multimeter.o
                0x08001dac                Multimeter_IT
 .text.Multimeter_REGULAR_ADC_IT
                0x08001dd0       0xb8 Src/peripherals/multimeter/multimeter.o
                0x08001dd0                Multimeter_REGULAR_ADC_IT
 .text.Debug_Mulimeter
                0x08001e88       0x80 Src/peripherals/multimeter/multimeter.o
                0x08001e88                Debug_Mulimeter
 .text.Debug_ADXRS620
                0x08001f08       0x90 Src/peripherals/gyroscope/adxrs620.o
                0x08001f08                Debug_ADXRS620
 .text.ExpanderSetbit
                0x08001f98       0x7c Src/peripherals/expander/pcf8574.o
                0x08001f98                ExpanderSetbit
 .text.Left_Encoder_IT
                0x08002014       0x24 Src/peripherals/encoders/ie512.o
                0x08002014                Left_Encoder_IT
 .text.Right_Encoder_IT
                0x08002038       0x24 Src/peripherals/encoders/ie512.o
                0x08002038                Right_Encoder_IT
 .text.ssd1306Init
                0x0800205c      0x2a0 Src/peripherals/display/ssd1306.o
                0x0800205c                ssd1306Init
 .text.ssd1306ClearScreen
                0x080022fc       0x10 Src/peripherals/display/ssd1306.o
                0x080022fc                ssd1306ClearScreen
 .text.ssd1306Refresh
                0x0800230c       0x74 Src/peripherals/display/ssd1306.o
                0x0800230c                ssd1306Refresh
 .text.ssd1306DrawString
                0x08002380      0x11c Src/peripherals/display/ssd1306.o
                0x08002380                ssd1306DrawString
 .text.ssd1306PrintInt
                0x0800249c       0x50 Src/peripherals/display/ssd1306.o
                0x0800249c                ssd1306PrintInt
 .text.SystemClock_Config
                0x080024ec       0x68 Src/main.o
                0x080024ec                SystemClock_Config
 .text.startup.main
                0x08002554       0x9c Src/main.o
                0x08002554                main
 .text.MX_I2C1_Init
                0x080025f0       0x38 Src/i2c.o
                0x080025f0                MX_I2C1_Init
 .text.HAL_I2C_MspInit
                0x08002628       0xc8 Src/i2c.o
                0x08002628                HAL_I2C_MspInit
 .text.MX_GPIO_Init
                0x080026f0      0x100 Src/gpio.o
                0x080026f0                MX_GPIO_Init
 .text.arm_pid_init_f32
                0x080027f0       0x48 Src/dsp_lib/arm_pid_init_f32.o
                0x080027f0                arm_pid_init_f32
 .text.MX_DMA_Init
                0x08002838       0x5c Src/dma.o
                0x08002838                MX_DMA_Init
 .text.Pwm_Init
                0x08002894       0xe4 Src/controls/straight_controls/straight_controls.o
                0x08002894                Pwm_Init
 .text.Straight_Control_Start
                0x08002978       0x64 Src/controls/straight_controls/straight_controls.o
                0x08002978                Straight_Control_Start
 .text.Pid_Init
                0x080029dc        0x8 Src/controls/pid/pid.o
                0x080029dc                Pid_Init
 .text.HAL_TIM_PeriodElapsedCallback
                0x080029e4       0x58 Src/callback/user_it_callback.o
                0x080029e4                HAL_TIM_PeriodElapsedCallback
 .text.HAL_TIM_OC_DelayElapsedCallback
                0x08002a3c       0x10 Src/callback/user_it_callback.o
                0x08002a3c                HAL_TIM_OC_DelayElapsedCallback
 .text.HAL_ADC_ConvHalfCpltCallback
                0x08002a4c       0x10 Src/callback/user_it_callback.o
                0x08002a4c                HAL_ADC_ConvHalfCpltCallback
 .text.HAL_ADC_ConvCpltCallback
                0x08002a5c       0x10 Src/callback/user_it_callback.o
                0x08002a5c                HAL_ADC_ConvCpltCallback
 .text.MX_ADC1_Init
                0x08002a6c       0xb8 Src/adc.o
                0x08002a6c                MX_ADC1_Init
 .text.MX_ADC2_Init
                0x08002b24       0x74 Src/adc.o
                0x08002b24                MX_ADC2_Init
 .text.MX_ADC3_Init
                0x08002b98       0x60 Src/adc.o
                0x08002b98                MX_ADC3_Init
 .text.HAL_ADC_MspInit
                0x08002bf8      0x16c Src/adc.o
                0x08002bf8                HAL_ADC_MspInit
 .text.HAL_UART_Init
                0x08002d64      0x204 Drivers/STM32F4xx_HAL_Driver/Src/stm32f4xx_hal_uart.o
                0x08002d64                HAL_UART_Init
 .text.HAL_TIMEx_MasterConfigSynchronization
                0x08002f68       0x48 Drivers/STM32F4xx_HAL_Driver/Src/stm32f4xx_hal_tim_ex.o
                0x08002f68                HAL_TIMEx_MasterConfigSynchronization
 .text.HAL_TIMEx_ConfigBreakDeadTime
                0x08002fb0       0x4c Drivers/STM32F4xx_HAL_Driver/Src/stm32f4xx_hal_tim_ex.o
                0x08002fb0                HAL_TIMEx_ConfigBreakDeadTime
 .text.HAL_TIMEx_CommutationCallback
                0x08002ffc        0x4 Drivers/STM32F4xx_HAL_Driver/Src/stm32f4xx_hal_tim_ex.o
                0x08002ffc                HAL_TIMEx_CommutationCallback
 .text.HAL_TIMEx_BreakCallback
                0x08003000        0x4 Drivers/STM32F4xx_HAL_Driver/Src/stm32f4xx_hal_tim_ex.o
                0x08003000                HAL_TIMEx_BreakCallback
 .text.HAL_TIM_Base_Init
                0x08003004       0xe0 Drivers/STM32F4xx_HAL_Driver/Src/stm32f4xx_hal_tim.o
                0x08003004                HAL_TIM_Base_Init
 .text.HAL_TIM_Base_Start_IT
                0x080030e4       0x18 Drivers/STM32F4xx_HAL_Driver/Src/stm32f4xx_hal_tim.o
                0x080030e4                HAL_TIM_Base_Start_IT
 .text.HAL_TIM_OC_MspInit
                0x080030fc        0x4 Drivers/STM32F4xx_HAL_Driver/Src/stm32f4xx_hal_tim.o
                0x080030fc                HAL_TIM_OC_MspInit
 .text.HAL_TIM_OC_Init
                0x08003100       0xe0 Drivers/STM32F4xx_HAL_Driver/Src/stm32f4xx_hal_tim.o
                0x08003100                HAL_TIM_OC_Init
 .text.HAL_TIM_OC_Start_IT
                0x080031e0       0x8c Drivers/STM32F4xx_HAL_Driver/Src/stm32f4xx_hal_tim.o
                0x080031e0                HAL_TIM_OC_Start_IT
 .text.HAL_TIM_PWM_MspInit
                0x0800326c        0x4 Drivers/STM32F4xx_HAL_Driver/Src/stm32f4xx_hal_tim.o
                0x0800326c                HAL_TIM_PWM_MspInit
 .text.HAL_TIM_PWM_Init
                0x08003270       0xe0 Drivers/STM32F4xx_HAL_Driver/Src/stm32f4xx_hal_tim.o
                0x08003270                HAL_TIM_PWM_Init
 .text.HAL_TIM_PWM_Start
                0x08003350       0x48 Drivers/STM32F4xx_HAL_Driver/Src/stm32f4xx_hal_tim.o
                0x08003350                HAL_TIM_PWM_Start
 .text.HAL_TIM_PWM_Stop
                0x08003398       0x74 Drivers/STM32F4xx_HAL_Driver/Src/stm32f4xx_hal_tim.o
                0x08003398                HAL_TIM_PWM_Stop
 .text.HAL_TIM_Encoder_Init
                0x0800340c      0x154 Drivers/STM32F4xx_HAL_Driver/Src/stm32f4xx_hal_tim.o
                0x0800340c                HAL_TIM_Encoder_Init
 .text.HAL_TIM_OC_ConfigChannel
                0x08003560      0x1b0 Drivers/STM32F4xx_HAL_Driver/Src/stm32f4xx_hal_tim.o
                0x08003560                HAL_TIM_OC_ConfigChannel
 .text.HAL_TIM_PWM_ConfigChannel
                0x08003710      0x214 Drivers/STM32F4xx_HAL_Driver/Src/stm32f4xx_hal_tim.o
                0x08003710                HAL_TIM_PWM_ConfigChannel
 .text.HAL_TIM_ConfigClockSource
                0x08003924      0x184 Drivers/STM32F4xx_HAL_Driver/Src/stm32f4xx_hal_tim.o
                0x08003924                HAL_TIM_ConfigClockSource
 .text.HAL_TIM_IC_CaptureCallback
                0x08003aa8        0x4 Drivers/STM32F4xx_HAL_Driver/Src/stm32f4xx_hal_tim.o
                0x08003aa8                HAL_TIM_IC_CaptureCallback
 .text.HAL_TIM_PWM_PulseFinishedCallback
                0x08003aac        0x4 Drivers/STM32F4xx_HAL_Driver/Src/stm32f4xx_hal_tim.o
                0x08003aac                HAL_TIM_PWM_PulseFinishedCallback
 .text.HAL_TIM_TriggerCallback
                0x08003ab0        0x4 Drivers/STM32F4xx_HAL_Driver/Src/stm32f4xx_hal_tim.o
                0x08003ab0                HAL_TIM_TriggerCallback
 .text.HAL_TIM_IRQHandler
                0x08003ab4      0x154 Drivers/STM32F4xx_HAL_Driver/Src/stm32f4xx_hal_tim.o
                0x08003ab4                HAL_TIM_IRQHandler
 .text.HAL_RCC_OscConfig
                0x08003c08      0x364 Drivers/STM32F4xx_HAL_Driver/Src/stm32f4xx_hal_rcc.o
                0x08003c08                HAL_RCC_OscConfig
 .text.HAL_RCC_ClockConfig
                0x08003f6c      0x1b0 Drivers/STM32F4xx_HAL_Driver/Src/stm32f4xx_hal_rcc.o
                0x08003f6c                HAL_RCC_ClockConfig
 .text.HAL_RCC_EnableCSS
                0x0800411c        0xc Drivers/STM32F4xx_HAL_Driver/Src/stm32f4xx_hal_rcc.o
                0x0800411c                HAL_RCC_EnableCSS
 .text.HAL_RCC_GetHCLKFreq
                0x08004128       0xa4 Drivers/STM32F4xx_HAL_Driver/Src/stm32f4xx_hal_rcc.o
                0x08004128                HAL_RCC_GetHCLKFreq
 .text.HAL_RCC_GetPCLK1Freq
                0x080041cc       0xc0 Drivers/STM32F4xx_HAL_Driver/Src/stm32f4xx_hal_rcc.o
                0x080041cc                HAL_RCC_GetPCLK1Freq
 .text.HAL_RCC_GetPCLK2Freq
                0x0800428c       0xc0 Drivers/STM32F4xx_HAL_Driver/Src/stm32f4xx_hal_rcc.o
                0x0800428c                HAL_RCC_GetPCLK2Freq
 .text.I2C_MasterRequestWrite
                0x0800434c      0x154 Drivers/STM32F4xx_HAL_Driver/Src/stm32f4xx_hal_i2c.o
 .text.I2C_MasterRequestRead
                0x080044a0      0x1d0 Drivers/STM32F4xx_HAL_Driver/Src/stm32f4xx_hal_i2c.o
 .text.HAL_I2C_Init
                0x08004670       0xe8 Drivers/STM32F4xx_HAL_Driver/Src/stm32f4xx_hal_i2c.o
                0x08004670                HAL_I2C_Init
 .text.HAL_I2C_Master_Transmit_DMA
                0x08004758       0xa8 Drivers/STM32F4xx_HAL_Driver/Src/stm32f4xx_hal_i2c.o
                0x08004758                HAL_I2C_Master_Transmit_DMA
 .text.HAL_I2C_Master_Receive_DMA
                0x08004800       0xbc Drivers/STM32F4xx_HAL_Driver/Src/stm32f4xx_hal_i2c.o
                0x08004800                HAL_I2C_Master_Receive_DMA
 .text.HAL_I2C_MasterTxCpltCallback
                0x080048bc        0x4 Drivers/STM32F4xx_HAL_Driver/Src/stm32f4xx_hal_i2c.o
                0x080048bc                HAL_I2C_MasterTxCpltCallback
 .text.HAL_I2C_MasterRxCpltCallback
                0x080048c0        0x4 Drivers/STM32F4xx_HAL_Driver/Src/stm32f4xx_hal_i2c.o
                0x080048c0                HAL_I2C_MasterRxCpltCallback
 .text.HAL_I2C_ErrorCallback
                0x080048c4        0x4 Drivers/STM32F4xx_HAL_Driver/Src/stm32f4xx_hal_i2c.o
                0x080048c4                HAL_I2C_ErrorCallback
 .text.I2C_DMAError
                0x080048c8       0x2c Drivers/STM32F4xx_HAL_Driver/Src/stm32f4xx_hal_i2c.o
 .text.I2C_DMAMasterTransmitCplt
                0x080048f4       0xa0 Drivers/STM32F4xx_HAL_Driver/Src/stm32f4xx_hal_i2c.o
 .text.I2C_DMAMasterReceiveCplt
                0x08004994       0x7c Drivers/STM32F4xx_HAL_Driver/Src/stm32f4xx_hal_i2c.o
 .text.HAL_I2C_GetState
                0x08004a10        0x8 Drivers/STM32F4xx_HAL_Driver/Src/stm32f4xx_hal_i2c.o
                0x08004a10                HAL_I2C_GetState
 .text.HAL_GPIO_Init
                0x08004a18      0x278 Drivers/STM32F4xx_HAL_Driver/Src/stm32f4xx_hal_gpio.o
                0x08004a18                HAL_GPIO_Init
 .text.HAL_GPIO_WritePin
                0x08004c90        0xc Drivers/STM32F4xx_HAL_Driver/Src/stm32f4xx_hal_gpio.o
                0x08004c90                HAL_GPIO_WritePin
 .text.HAL_DMA_Init
                0x08004c9c       0xa0 Drivers/STM32F4xx_HAL_Driver/Src/stm32f4xx_hal_dma.o
                0x08004c9c                HAL_DMA_Init
 .text.HAL_DMA_Start_IT
                0x08004d3c       0x70 Drivers/STM32F4xx_HAL_Driver/Src/stm32f4xx_hal_dma.o
                0x08004d3c                HAL_DMA_Start_IT
 .text.HAL_DMA_IRQHandler
                0x08004dac      0x978 Drivers/STM32F4xx_HAL_Driver/Src/stm32f4xx_hal_dma.o
                0x08004dac                HAL_DMA_IRQHandler
 .text.HAL_NVIC_SetPriorityGrouping
                0x08005724       0x24 Drivers/STM32F4xx_HAL_Driver/Src/stm32f4xx_hal_cortex.o
                0x08005724                HAL_NVIC_SetPriorityGrouping
 .text.HAL_NVIC_SetPriority
                0x08005748       0x70 Drivers/STM32F4xx_HAL_Driver/Src/stm32f4xx_hal_cortex.o
                0x08005748                HAL_NVIC_SetPriority
 .text.HAL_NVIC_EnableIRQ
                0x080057b8       0x18 Drivers/STM32F4xx_HAL_Driver/Src/stm32f4xx_hal_cortex.o
                0x080057b8                HAL_NVIC_EnableIRQ
 .text.HAL_SYSTICK_Config
                0x080057d0       0x38 Drivers/STM32F4xx_HAL_Driver/Src/stm32f4xx_hal_cortex.o
                0x080057d0                HAL_SYSTICK_Config
 .text.HAL_SYSTICK_Callback
                0x08005808        0x4 Drivers/STM32F4xx_HAL_Driver/Src/stm32f4xx_hal_cortex.o
                0x08005808                HAL_SYSTICK_Callback
 .text.HAL_SYSTICK_IRQHandler
                0x0800580c        0x8 Drivers/STM32F4xx_HAL_Driver/Src/stm32f4xx_hal_cortex.o
                0x0800580c                HAL_SYSTICK_IRQHandler
 .text.HAL_ADCEx_InjectedConfigChannel
                0x08005814      0x1a0 Drivers/STM32F4xx_HAL_Driver/Src/stm32f4xx_hal_adc_ex.o
                0x08005814                HAL_ADCEx_InjectedConfigChannel
 .text.HAL_ADC_Init
                0x080059b4      0x110 Drivers/STM32F4xx_HAL_Driver/Src/stm32f4xx_hal_adc.o
                0x080059b4                HAL_ADC_Init
 .text.HAL_ADC_Start_DMA
                0x08005ac4       0x90 Drivers/STM32F4xx_HAL_Driver/Src/stm32f4xx_hal_adc.o
                0x08005ac4                HAL_ADC_Start_DMA
 .text.ADC_DMAConvCplt
                0x08005b54       0x1c Drivers/STM32F4xx_HAL_Driver/Src/stm32f4xx_hal_adc.o
 .text.ADC_DMAHalfConvCplt
                0x08005b70        0xc Drivers/STM32F4xx_HAL_Driver/Src/stm32f4xx_hal_adc.o
 .text.HAL_ADC_ErrorCallback
                0x08005b7c        0x4 Drivers/STM32F4xx_HAL_Driver/Src/stm32f4xx_hal_adc.o
                0x08005b7c                HAL_ADC_ErrorCallback
 .text.ADC_DMAError
                0x08005b80       0x18 Drivers/STM32F4xx_HAL_Driver/Src/stm32f4xx_hal_adc.o
 .text.HAL_ADC_ConfigChannel
                0x08005b98       0xf8 Drivers/STM32F4xx_HAL_Driver/Src/stm32f4xx_hal_adc.o
                0x08005b98                HAL_ADC_ConfigChannel
 .text.HAL_InitTick
                0x08005c90       0x28 Drivers/STM32F4xx_HAL_Driver/Src/stm32f4xx_hal.o
                0x08005c90                HAL_InitTick
 .text.HAL_Init
                0x08005cb8       0x34 Drivers/STM32F4xx_HAL_Driver/Src/stm32f4xx_hal.o
                0x08005cb8                HAL_Init
 .text.HAL_IncTick
                0x08005cec       0x10 Drivers/STM32F4xx_HAL_Driver/Src/stm32f4xx_hal.o
                0x08005cec                HAL_IncTick
 .text.HAL_GetTick
                0x08005cfc        0xc Drivers/STM32F4xx_HAL_Driver/Src/stm32f4xx_hal.o
                0x08005cfc                HAL_GetTick
 .text.HAL_Delay
                0x08005d08       0x1c Drivers/STM32F4xx_HAL_Driver/Src/stm32f4xx_hal.o
                0x08005d08                HAL_Delay
 .text.SystemInit
                0x08005d24       0x50 Drivers/CMSIS/Device/ST/STM32F4xx/Source/Templates/system_stm32f4xx.o
                0x08005d24                SystemInit
 .text.Reset_Handler
                0x08005d74       0x58 Drivers/CMSIS/Device/ST/STM32F4xx/Source/Templates/gcc/startup_stm32f405xx.o
                0x08005d74                Reset_Handler
 .text.Default_Handler
                0x08005dcc        0x4 Drivers/CMSIS/Device/ST/STM32F4xx/Source/Templates/gcc/startup_stm32f405xx.o
                0x08005dcc                RTC_Alarm_IRQHandler
                0x08005dcc                HASH_RNG_IRQHandler
                0x08005dcc                EXTI2_IRQHandler
                0x08005dcc                TIM8_CC_IRQHandler
                0x08005dcc                DebugMon_Handler
                0x08005dcc                TIM1_CC_IRQHandler
                0x08005dcc                DMA2_Stream5_IRQHandler
                0x08005dcc                HardFault_Handler
                0x08005dcc                PVD_IRQHandler
                0x08005dcc                SDIO_IRQHandler
                0x08005dcc                TAMP_STAMP_IRQHandler
                0x08005dcc                PendSV_Handler
                0x08005dcc                NMI_Handler
                0x08005dcc                CAN2_RX1_IRQHandler
                0x08005dcc                EXTI3_IRQHandler
                0x08005dcc                TIM8_TRG_COM_TIM14_IRQHandler
                0x08005dcc                TIM8_UP_TIM13_IRQHandler
                0x08005dcc                I2C3_ER_IRQHandler
                0x08005dcc                EXTI0_IRQHandler
                0x08005dcc                I2C2_EV_IRQHandler
                0x08005dcc                DMA1_Stream2_IRQHandler
                0x08005dcc                CAN1_RX0_IRQHandler
                0x08005dcc                FPU_IRQHandler
                0x08005dcc                OTG_HS_WKUP_IRQHandler
                0x08005dcc                UsageFault_Handler
                0x08005dcc                CAN2_SCE_IRQHandler
                0x08005dcc                DMA2_Stream2_IRQHandler
                0x08005dcc                SPI1_IRQHandler
                0x08005dcc                TIM1_BRK_TIM9_IRQHandler
                0x08005dcc                CAN2_RX0_IRQHandler
                0x08005dcc                DMA2_Stream3_IRQHandler
                0x08005dcc                USART6_IRQHandler
                0x08005dcc                USART3_IRQHandler
                0x08005dcc                CAN1_RX1_IRQHandler
                0x08005dcc                UART5_IRQHandler
                0x08005dcc                I2C1_EV_IRQHandler
                0x08005dcc                DMA1_Stream1_IRQHandler
                0x08005dcc                UART4_IRQHandler
                0x08005dcc                TIM8_BRK_TIM12_IRQHandler
                0x08005dcc                Default_Handler
                0x08005dcc                EXTI15_10_IRQHandler
                0x08005dcc                ADC_IRQHandler
                0x08005dcc                DMA1_Stream7_IRQHandler
                0x08005dcc                CAN2_TX_IRQHandler
                0x08005dcc                DMA2_Stream7_IRQHandler
                0x08005dcc                I2C3_EV_IRQHandler
                0x08005dcc                EXTI9_5_IRQHandler
                0x08005dcc                RTC_WKUP_IRQHandler
                0x08005dcc                SPI2_IRQHandler
                0x08005dcc                OTG_HS_EP1_IN_IRQHandler
                0x08005dcc                MemManage_Handler
                0x08005dcc                DMA1_Stream0_IRQHandler
                0x08005dcc                CAN1_TX_IRQHandler
                0x08005dcc                SVC_Handler
                0x08005dcc                EXTI4_IRQHandler
                0x08005dcc                FSMC_IRQHandler
                0x08005dcc                OTG_HS_EP1_OUT_IRQHandler
                0x08005dcc                WWDG_IRQHandler
                0x08005dcc                OTG_FS_WKUP_IRQHandler
                0x08005dcc                TIM1_TRG_COM_TIM11_IRQHandler
                0x08005dcc                OTG_HS_IRQHandler
                0x08005dcc                EXTI1_IRQHandler
                0x08005dcc                USART2_IRQHandler
                0x08005dcc                I2C2_ER_IRQHandler
                0x08005dcc                CAN1_SCE_IRQHandler
                0x08005dcc                FLASH_IRQHandler
                0x08005dcc                DMA2_Stream4_IRQHandler
                0x08005dcc                BusFault_Handler
                0x08005dcc                USART1_IRQHandler
                0x08005dcc                OTG_FS_IRQHandler
                0x08005dcc                SPI3_IRQHandler
                0x08005dcc                DMA1_Stream4_IRQHandler
                0x08005dcc                I2C1_ER_IRQHandler
                0x08005dcc                DMA2_Stream6_IRQHandler
                0x08005dcc                DMA1_Stream3_IRQHandler
 .text.__libc_init_array
                0x08005dd0       0x50 /opt/ARM/bin/../lib/gcc/arm-none-eabi/4.8.4/../../../../arm-none-eabi/lib/armv7e-m/fpu/libc.a(lib_a-init.o)
                0x08005dd0                __libc_init_array
 .text.memset   0x08005e20       0x94 /opt/ARM/bin/../lib/gcc/arm-none-eabi/4.8.4/../../../../arm-none-eabi/lib/armv7e-m/fpu/libc.a(lib_a-memset.o)
                0x08005e20                memset
 .text.sprintf  0x08005eb4       0x4c /opt/ARM/bin/../lib/gcc/arm-none-eabi/4.8.4/../../../../arm-none-eabi/lib/armv7e-m/fpu/libc.a(lib_a-sprintf.o)
                0x08005eb4                sprintf
 .text.strlen   0x08005f00       0x60 /opt/ARM/bin/../lib/gcc/arm-none-eabi/4.8.4/../../../../arm-none-eabi/lib/armv7e-m/fpu/libc.a(lib_a-strlen.o)
                0x08005f00                strlen
 .text._svfprintf_r
                0x08005f60     0x14f0 /opt/ARM/bin/../lib/gcc/arm-none-eabi/4.8.4/../../../../arm-none-eabi/lib/armv7e-m/fpu/libc.a(lib_a-svfprintf.o)
                0x08005f60                _svfprintf_r
 .text.startup.register_fini
                0x08007450       0x14 /opt/ARM/bin/../lib/gcc/arm-none-eabi/4.8.4/../../../../arm-none-eabi/lib/armv7e-m/fpu/libc.a(lib_a-__call_atexit.o)
 .text.atexit   0x08007464        0xc /opt/ARM/bin/../lib/gcc/arm-none-eabi/4.8.4/../../../../arm-none-eabi/lib/armv7e-m/fpu/libc.a(lib_a-atexit.o)
                0x08007464                atexit
 .text.quorem   0x08007470      0x130 /opt/ARM/bin/../lib/gcc/arm-none-eabi/4.8.4/../../../../arm-none-eabi/lib/armv7e-m/fpu/libc.a(lib_a-dtoa.o)
 .text._dtoa_r  0x080075a0      0xe58 /opt/ARM/bin/../lib/gcc/arm-none-eabi/4.8.4/../../../../arm-none-eabi/lib/armv7e-m/fpu/libc.a(lib_a-dtoa.o)
                0x080075a0                _dtoa_r
 .text.__libc_fini_array
                0x080083f8       0x30 /opt/ARM/bin/../lib/gcc/arm-none-eabi/4.8.4/../../../../arm-none-eabi/lib/armv7e-m/fpu/libc.a(lib_a-fini.o)
                0x080083f8                __libc_fini_array
 .text._malloc_trim_r
                0x08008428       0x9c /opt/ARM/bin/../lib/gcc/arm-none-eabi/4.8.4/../../../../arm-none-eabi/lib/armv7e-m/fpu/libc.a(lib_a-freer.o)
                0x08008428                _malloc_trim_r
 .text._free_r  0x080084c4      0x19c /opt/ARM/bin/../lib/gcc/arm-none-eabi/4.8.4/../../../../arm-none-eabi/lib/armv7e-m/fpu/libc.a(lib_a-freer.o)
                0x080084c4                _free_r
 .text._localeconv_r
                0x08008660        0x8 /opt/ARM/bin/../lib/gcc/arm-none-eabi/4.8.4/../../../../arm-none-eabi/lib/armv7e-m/fpu/libc.a(lib_a-locale.o)
                0x08008660                _localeconv_r
 .text._malloc_r
                0x08008668      0x538 /opt/ARM/bin/../lib/gcc/arm-none-eabi/4.8.4/../../../../arm-none-eabi/lib/armv7e-m/fpu/libc.a(lib_a-mallocr.o)
                0x08008668                _malloc_r
 .text.memchr   0x08008ba0       0x90 /opt/ARM/bin/../lib/gcc/arm-none-eabi/4.8.4/../../../../arm-none-eabi/lib/armv7e-m/fpu/libc.a(lib_a-memchr-stub.o)
                0x08008ba0                memchr
 .text.__malloc_lock
                0x08008c30        0x4 /opt/ARM/bin/../lib/gcc/arm-none-eabi/4.8.4/../../../../arm-none-eabi/lib/armv7e-m/fpu/libc.a(lib_a-mlock.o)
                0x08008c30                __malloc_lock
 .text.__malloc_unlock
                0x08008c34        0x4 /opt/ARM/bin/../lib/gcc/arm-none-eabi/4.8.4/../../../../arm-none-eabi/lib/armv7e-m/fpu/libc.a(lib_a-mlock.o)
                0x08008c34                __malloc_unlock
 .text._Balloc  0x08008c38       0x4c /opt/ARM/bin/../lib/gcc/arm-none-eabi/4.8.4/../../../../arm-none-eabi/lib/armv7e-m/fpu/libc.a(lib_a-mprec.o)
                0x08008c38                _Balloc
 .text._Bfree   0x08008c84       0x14 /opt/ARM/bin/../lib/gcc/arm-none-eabi/4.8.4/../../../../arm-none-eabi/lib/armv7e-m/fpu/libc.a(lib_a-mprec.o)
                0x08008c84                _Bfree
 .text.__multadd
                0x08008c98       0x98 /opt/ARM/bin/../lib/gcc/arm-none-eabi/4.8.4/../../../../arm-none-eabi/lib/armv7e-m/fpu/libc.a(lib_a-mprec.o)
                0x08008c98                __multadd
 .text.__hi0bits
                0x08008d30       0x40 /opt/ARM/bin/../lib/gcc/arm-none-eabi/4.8.4/../../../../arm-none-eabi/lib/armv7e-m/fpu/libc.a(lib_a-mprec.o)
                0x08008d30                __hi0bits
 .text.__lo0bits
                0x08008d70       0x5c /opt/ARM/bin/../lib/gcc/arm-none-eabi/4.8.4/../../../../arm-none-eabi/lib/armv7e-m/fpu/libc.a(lib_a-mprec.o)
                0x08008d70                __lo0bits
 .text.__i2b    0x08008dcc       0x14 /opt/ARM/bin/../lib/gcc/arm-none-eabi/4.8.4/../../../../arm-none-eabi/lib/armv7e-m/fpu/libc.a(lib_a-mprec.o)
                0x08008dcc                __i2b
 .text.__multiply
                0x08008de0      0x13c /opt/ARM/bin/../lib/gcc/arm-none-eabi/4.8.4/../../../../arm-none-eabi/lib/armv7e-m/fpu/libc.a(lib_a-mprec.o)
                0x08008de0                __multiply
 .text.__pow5mult
                0x08008f1c       0x9c /opt/ARM/bin/../lib/gcc/arm-none-eabi/4.8.4/../../../../arm-none-eabi/lib/armv7e-m/fpu/libc.a(lib_a-mprec.o)
                0x08008f1c                __pow5mult
 .text.__lshift
                0x08008fb8       0xbc /opt/ARM/bin/../lib/gcc/arm-none-eabi/4.8.4/../../../../arm-none-eabi/lib/armv7e-m/fpu/libc.a(lib_a-mprec.o)
                0x08008fb8                __lshift
 .text.__mcmp   0x08009074       0x48 /opt/ARM/bin/../lib/gcc/arm-none-eabi/4.8.4/../../../../arm-none-eabi/lib/armv7e-m/fpu/libc.a(lib_a-mprec.o)
                0x08009074                __mcmp
 .text.__mdiff  0x080090bc       0xd4 /opt/ARM/bin/../lib/gcc/arm-none-eabi/4.8.4/../../../../arm-none-eabi/lib/armv7e-m/fpu/libc.a(lib_a-mprec.o)
                0x080090bc                __mdiff
 .text.__d2b    0x08009190       0xb4 /opt/ARM/bin/../lib/gcc/arm-none-eabi/4.8.4/../../../../arm-none-eabi/lib/armv7e-m/fpu/libc.a(lib_a-mprec.o)
                0x08009190                __d2b
 .text.__fpclassifyd
                0x08009244       0x54 /opt/ARM/bin/../lib/gcc/arm-none-eabi/4.8.4/../../../../arm-none-eabi/lib/armv7e-m/fpu/libc.a(lib_a-s_fpclassify.o)
                0x08009244                __fpclassifyd
 .text._sbrk_r  0x08009298       0x24 /opt/ARM/bin/../lib/gcc/arm-none-eabi/4.8.4/../../../../arm-none-eabi/lib/armv7e-m/fpu/libc.a(lib_a-sbrkr.o)
                0x08009298                _sbrk_r
 .text.__ssprint_r
                0x080092bc      0x100 /opt/ARM/bin/../lib/gcc/arm-none-eabi/4.8.4/../../../../arm-none-eabi/lib/armv7e-m/fpu/libc.a(lib_a-svfiprintf.o)
                0x080092bc                __ssprint_r
 .text.__register_exitproc
                0x080093bc       0xa8 /opt/ARM/bin/../lib/gcc/arm-none-eabi/4.8.4/../../../../arm-none-eabi/lib/armv7e-m/fpu/libc.a(lib_a-__atexit.o)
                0x080093bc                __register_exitproc
 .text._calloc_r
                0x08009464       0x60 /opt/ARM/bin/../lib/gcc/arm-none-eabi/4.8.4/../../../../arm-none-eabi/lib/armv7e-m/fpu/libc.a(lib_a-callocr.o)
                0x08009464                _calloc_r
 .text.memmove  0x080094c4       0xc0 /opt/ARM/bin/../lib/gcc/arm-none-eabi/4.8.4/../../../../arm-none-eabi/lib/armv7e-m/fpu/libc.a(lib_a-memmove.o)
                0x080094c4                memmove
 .text._realloc_r
                0x08009584      0x3cc /opt/ARM/bin/../lib/gcc/arm-none-eabi/4.8.4/../../../../arm-none-eabi/lib/armv7e-m/fpu/libc.a(lib_a-reallocr.o)
                0x08009584                _realloc_r
 *(.glue_7)
 .glue_7        0x00000000        0x0 linker stubs
 *(.glue_7t)
 .glue_7t       0x00000000        0x0 linker stubs
 *(.eh_frame)
 .eh_frame      0x08009950        0x0 /opt/ARM/bin/../lib/gcc/arm-none-eabi/4.8.4/armv7e-m/fpu/crtbegin.o
 *(.init)
 .init          0x08009950        0x4 /opt/ARM/bin/../lib/gcc/arm-none-eabi/4.8.4/armv7e-m/fpu/crti.o
                0x08009950                _init
 .init          0x08009954        0x8 /opt/ARM/bin/../lib/gcc/arm-none-eabi/4.8.4/armv7e-m/fpu/crtn.o
 *(.fini)
 .fini          0x0800995c        0x4 /opt/ARM/bin/../lib/gcc/arm-none-eabi/4.8.4/armv7e-m/fpu/crti.o
                0x0800995c                _fini
 .fini          0x08009960        0x8 /opt/ARM/bin/../lib/gcc/arm-none-eabi/4.8.4/armv7e-m/fpu/crtn.o
                0x08009968                . = ALIGN (0x4)
                0x08009968                _etext = .

.vfp11_veneer   0x08009968        0x0
 .vfp11_veneer  0x00000000        0x0 linker stubs

.v4_bx          0x08009968        0x0
 .v4_bx         0x00000000        0x0 linker stubs

.iplt           0x08009968        0x0
 .iplt          0x00000000        0x0 /opt/ARM/bin/../lib/gcc/arm-none-eabi/4.8.4/armv7e-m/fpu/crtbegin.o

.rodata         0x08009968      0x45c
                0x08009968                . = ALIGN (0x4)
 *(.rodata)
 *(.rodata*)
 .rodata.str1.4
                0x08009968       0x56 Src/peripherals/telemeters/telemeters.o
                                 0x58 (size before relaxing)
 *fill*         0x080099be        0x2 
 .rodata.str1.4
                0x080099c0       0x4b Src/peripherals/multimeter/multimeter.o
                                 0x4c (size before relaxing)
 *fill*         0x08009a0b        0x1 
 .rodata.str1.4
                0x08009a0c       0x27 Src/peripherals/gyroscope/adxrs620.o
                                 0x28 (size before relaxing)
 *fill*         0x08009a33        0x1 
 .rodata.str1.4
                0x08009a34        0x9 Src/peripherals/display/ssd1306.o
                                  0xc (size before relaxing)
 *fill*         0x08009a3d        0x3 
 .rodata.Font_5x8
                0x08009a40        0x8 Src/peripherals/display/smallfonts.o
                0x08009a40                Font_5x8
 .rodata.au8Font5x8
                0x08009a48      0x1e8 Src/peripherals/display/smallfonts.o
                0x08009a48                au8Font5x8
 .rodata.APBAHBPrescTable
                0x08009c30       0x10 Drivers/STM32F4xx_HAL_Driver/Src/stm32f4xx_hal_rcc.o
                0x08009c30                APBAHBPrescTable
 .rodata.str1.4
                0x08009c40        0x2 /opt/ARM/bin/../lib/gcc/arm-none-eabi/4.8.4/../../../../arm-none-eabi/lib/armv7e-m/fpu/libc.a(lib_a-impure.o)
                                  0x4 (size before relaxing)
 *fill*         0x08009c42        0x2 
 .rodata._global_impure_ptr
                0x08009c44        0x4 /opt/ARM/bin/../lib/gcc/arm-none-eabi/4.8.4/../../../../arm-none-eabi/lib/armv7e-m/fpu/libc.a(lib_a-impure.o)
                0x08009c44                _global_impure_ptr
 .rodata.zeroes.6763
                0x08009c48       0x10 /opt/ARM/bin/../lib/gcc/arm-none-eabi/4.8.4/../../../../arm-none-eabi/lib/armv7e-m/fpu/libc.a(lib_a-svfprintf.o)
 .rodata.str1.4
                0x08009c58       0x42 /opt/ARM/bin/../lib/gcc/arm-none-eabi/4.8.4/../../../../arm-none-eabi/lib/armv7e-m/fpu/libc.a(lib_a-svfprintf.o)
                                 0x44 (size before relaxing)
 *fill*         0x08009c9a        0x2 
 .rodata.blanks.6762
                0x08009c9c       0x10 /opt/ARM/bin/../lib/gcc/arm-none-eabi/4.8.4/../../../../arm-none-eabi/lib/armv7e-m/fpu/libc.a(lib_a-svfprintf.o)
 .rodata.str1.4
                0x08009cac       0x10 /opt/ARM/bin/../lib/gcc/arm-none-eabi/4.8.4/../../../../arm-none-eabi/lib/armv7e-m/fpu/libc.a(lib_a-dtoa.o)
                                 0x14 (size before relaxing)
 .rodata.str1.4
                0x08009cbc        0xc /opt/ARM/bin/../lib/gcc/arm-none-eabi/4.8.4/../../../../arm-none-eabi/lib/armv7e-m/fpu/libc.a(lib_a-locale.o)
                                 0x14 (size before relaxing)
 .rodata.__mprec_tens
                0x08009cc8       0xc8 /opt/ARM/bin/../lib/gcc/arm-none-eabi/4.8.4/../../../../arm-none-eabi/lib/armv7e-m/fpu/libc.a(lib_a-mprec.o)
                0x08009cc8                __mprec_tens
 .rodata.__mprec_bigtens
                0x08009d90       0x28 /opt/ARM/bin/../lib/gcc/arm-none-eabi/4.8.4/../../../../arm-none-eabi/lib/armv7e-m/fpu/libc.a(lib_a-mprec.o)
                0x08009d90                __mprec_bigtens
 .rodata.p05.5269
                0x08009db8        0xc /opt/ARM/bin/../lib/gcc/arm-none-eabi/4.8.4/../../../../arm-none-eabi/lib/armv7e-m/fpu/libc.a(lib_a-mprec.o)
                0x08009dc4                . = ALIGN (0x4)

.ARM.extab
 *(.ARM.extab* .gnu.linkonce.armextab.*)

.ARM            0x08009dc4        0x8
                0x08009dc4                __exidx_start = .
 *(.ARM.exidx*)
 .ARM.exidx     0x08009dc4        0x8 /opt/ARM/bin/../lib/gcc/arm-none-eabi/4.8.4/armv7e-m/fpu/libgcc.a(_divdi3.o)
 .ARM.exidx     0x08009dcc        0x0 /opt/ARM/bin/../lib/gcc/arm-none-eabi/4.8.4/armv7e-m/fpu/libgcc.a(_udivdi3.o)
                                  0x8 (size before relaxing)
                0x08009dcc                __exidx_end = .

.rel.dyn        0x08009dcc        0x0
 .rel.iplt      0x00000000        0x0 /opt/ARM/bin/../lib/gcc/arm-none-eabi/4.8.4/armv7e-m/fpu/crtbegin.o

.preinit_array  0x08009dcc        0x0
                0x08009dcc                PROVIDE (__preinit_array_start, .)
 *(.preinit_array*)
                0x08009dcc                PROVIDE (__preinit_array_end, .)

.init_array     0x08009dcc        0x8
                0x08009dcc                PROVIDE (__init_array_start, .)
 *(SORT(.init_array.*))
 .init_array.00000
                0x08009dcc        0x4 /opt/ARM/bin/../lib/gcc/arm-none-eabi/4.8.4/../../../../arm-none-eabi/lib/armv7e-m/fpu/libc.a(lib_a-__call_atexit.o)
 *(.init_array*)
 .init_array    0x08009dd0        0x4 /opt/ARM/bin/../lib/gcc/arm-none-eabi/4.8.4/armv7e-m/fpu/crtbegin.o
                0x08009dd4                PROVIDE (__init_array_end, .)

.fini_array     0x08009dd4        0x4
                0x08009dd4                PROVIDE (__fini_array_start, .)
 *(SORT(.fini_array.*))
 *(.fini_array*)
 .fini_array    0x08009dd4        0x4 /opt/ARM/bin/../lib/gcc/arm-none-eabi/4.8.4/armv7e-m/fpu/crtbegin.o
                0x08009dd8                PROVIDE (__fini_array_end, .)
                0x08009dd8                _sidata = LOADADDR (.data)

.data           0x20000000      0x884 load address 0x08009dd8
                0x20000000                . = ALIGN (0x4)
                0x20000000                _sdata = .
 *(.data)
 *(.data*)
 .data.Blink    0x20000000        0xc Src/times_base/times_base.o
                0x20000000                Blink
 .data.SystemCoreClock
                0x2000000c        0x4 Drivers/CMSIS/Device/ST/STM32F4xx/Source/Templates/system_stm32f4xx.o
                0x2000000c                SystemCoreClock
 .data.impure_data
                0x20000010      0x428 /opt/ARM/bin/../lib/gcc/arm-none-eabi/4.8.4/../../../../arm-none-eabi/lib/armv7e-m/fpu/libc.a(lib_a-impure.o)
 .data._impure_ptr
                0x20000438        0x4 /opt/ARM/bin/../lib/gcc/arm-none-eabi/4.8.4/../../../../arm-none-eabi/lib/armv7e-m/fpu/libc.a(lib_a-impure.o)
                0x20000438                _impure_ptr
 .data.lconv    0x2000043c       0x38 /opt/ARM/bin/../lib/gcc/arm-none-eabi/4.8.4/../../../../arm-none-eabi/lib/armv7e-m/fpu/libc.a(lib_a-locale.o)
 .data.__malloc_av_
                0x20000474      0x408 /opt/ARM/bin/../lib/gcc/arm-none-eabi/4.8.4/../../../../arm-none-eabi/lib/armv7e-m/fpu/libc.a(lib_a-mallocr.o)
                0x20000474                __malloc_av_
 .data.__malloc_trim_threshold
                0x2000087c        0x4 /opt/ARM/bin/../lib/gcc/arm-none-eabi/4.8.4/../../../../arm-none-eabi/lib/armv7e-m/fpu/libc.a(lib_a-mallocr.o)
                0x2000087c                __malloc_trim_threshold
 .data.__malloc_sbrk_base
                0x20000880        0x4 /opt/ARM/bin/../lib/gcc/arm-none-eabi/4.8.4/../../../../arm-none-eabi/lib/armv7e-m/fpu/libc.a(lib_a-mallocr.o)
                0x20000880                __malloc_sbrk_base
                0x20000884                . = ALIGN (0x4)
                0x20000884                _edata = .
                0x0800a65c                _siccmram = LOADADDR (.ccmram)

.jcr            0x20000884        0x0 load address 0x0800a65c
 .jcr           0x20000884        0x0 /opt/ARM/bin/../lib/gcc/arm-none-eabi/4.8.4/armv7e-m/fpu/crtbegin.o

.igot.plt       0x20000884        0x0 load address 0x0800a65c
 .igot.plt      0x00000000        0x0 /opt/ARM/bin/../lib/gcc/arm-none-eabi/4.8.4/armv7e-m/fpu/crtbegin.o

.ccmram         0x10000000        0x0 load address 0x0800a65c
                0x10000000                . = ALIGN (0x4)
                0x10000000                _sccmram = .
 *(.ccmram)
 *(.ccmram*)
                0x10000000                . = ALIGN (0x4)
                0x10000000                _eccmram = .
                0x10000000                . = ALIGN (0x4)

.bss            0x20000888      0xb10
                0x20000888                _sbss = .
                0x20000888                __bss_start__ = _sbss
 *(.bss)
 .bss           0x20000888       0x1c /opt/ARM/bin/../lib/gcc/arm-none-eabi/4.8.4/armv7e-m/fpu/crtbegin.o
 *(.bss*)
 .bss.cnt_led.10412
                0x200008a4        0x4 Src/times_base/times_base.o
 .bss.heap_end.5585
                0x200008a8        0x4 Src/syscalls.o
 .bss.ADC2ConvertedValues
                0x200008ac        0x8 Src/peripherals/telemeters/telemeters.o
                0x200008ac                ADC2ConvertedValues
 .bss.ADC1MultimeterConvertedValues
                0x200008b4       0x14 Src/peripherals/multimeter/multimeter.o
                0x200008b4                ADC1MultimeterConvertedValues
 .bss.right_encoder
                0x200008c8        0x8 Src/peripherals/encoders/ie512.o
                0x200008c8                right_encoder
 .bss.left_encoder
                0x200008d0        0x8 Src/peripherals/encoders/ie512.o
                0x200008d0                left_encoder
 .bss.buffer    0x200008d8      0x400 Src/peripherals/display/ssd1306.o
                0x200008d8                buffer
 .bss.consigne  0x20000cd8        0x4 Src/controls/straight_controls/straight_controls.o
                0x20000cd8                consigne
 .bss.uwTick    0x20000cdc        0x4 Drivers/STM32F4xx_HAL_Driver/Src/stm32f4xx_hal.o
 .bss.__malloc_max_total_mem
                0x20000ce0        0x4 /opt/ARM/bin/../lib/gcc/arm-none-eabi/4.8.4/../../../../arm-none-eabi/lib/armv7e-m/fpu/libc.a(lib_a-mallocr.o)
                0x20000ce0                __malloc_max_total_mem
 .bss.__malloc_max_sbrked_mem
                0x20000ce4        0x4 /opt/ARM/bin/../lib/gcc/arm-none-eabi/4.8.4/../../../../arm-none-eabi/lib/armv7e-m/fpu/libc.a(lib_a-mallocr.o)
                0x20000ce4                __malloc_max_sbrked_mem
 .bss.__malloc_top_pad
                0x20000ce8        0x4 /opt/ARM/bin/../lib/gcc/arm-none-eabi/4.8.4/../../../../arm-none-eabi/lib/armv7e-m/fpu/libc.a(lib_a-mallocr.o)
                0x20000ce8                __malloc_top_pad
 .bss.__malloc_current_mallinfo
                0x20000cec       0x28 /opt/ARM/bin/../lib/gcc/arm-none-eabi/4.8.4/../../../../arm-none-eabi/lib/armv7e-m/fpu/libc.a(lib_a-mallocr.o)
                0x20000cec                __malloc_current_mallinfo
 *(COMMON)
 COMMON         0x20000d14       0x3c Src/usart.o
                0x20000d14                huart3
 COMMON         0x20000d50       0xe2 Src/times_base/times_base.o
                0x20000d50                gyro
                0x20000d78                telemeters
                0x20000de8                GPIO_InitStruct
                0x20000dfc                lineSensors
 *fill*         0x20000e32        0x2 
 COMMON         0x20000e34      0x258 Src/tim.o
                0x20000e34                htim8
                0x20000e70                htim4
                0x20000eac                htim10
                0x20000ee8                htim5
                0x20000f24                htim3
                0x20000f60                htim11
                0x20000f9c                htim6
                0x20000fd8                htim1
                0x20001014                htim2
                0x20001050                htim7
 COMMON         0x2000108c       0x28 Src/stm32f4xx_it.o
                0x2000108c                multimeter
 COMMON         0x200010b4       0xd8 Src/i2c.o
                0x200010b4                hdma_i2c1_tx
                0x20001104                hi2c1
                0x2000113c                hdma_i2c1_rx
 COMMON         0x2000118c       0x4c Src/controls/straight_controls/straight_controls.o
                0x2000118c                trajectory_control
                0x20001198                gyro_pid_instance
                0x200011bc                sConfigOC
 COMMON         0x200011d8      0x1bc Src/adc.o
                0x200011d8                hadc2
                0x2000121c                hdma_adc3
                0x2000126c                hadc1
                0x200012b0                hadc3
                0x200012f4                hdma_adc1
                0x20001344                hdma_adc2
 COMMON         0x20001394        0x4 /opt/ARM/bin/../lib/gcc/arm-none-eabi/4.8.4/../../../../arm-none-eabi/lib/armv7e-m/fpu/libc.a(lib_a-reent.o)
                0x20001394                errno
                0x20001398                . = ALIGN (0x4)
                0x20001398                _ebss = .
                0x20001398                __bss_end__ = _ebss

._user_heap_stack
                0x20001398      0x400
                0x20001398                . = ALIGN (0x4)
                0x20001398                PROVIDE (end, .)
                0x20001398                PROVIDE (_end, .)
                0x20001398                . = (. + _Min_Heap_Size)
                0x20001798                . = (. + _Min_Stack_Size)
 *fill*         0x20001398      0x400 
                0x20001798                . = ALIGN (0x4)

/DISCARD/
 libc.a(*)
 libm.a(*)
 libgcc.a(*)

.ARM.attributes
                0x00000000       0x30
 *(.ARM.attributes)
 .ARM.attributes
                0x00000000       0x22 /opt/ARM/bin/../lib/gcc/arm-none-eabi/4.8.4/armv7e-m/fpu/crti.o
 .ARM.attributes
                0x00000022       0x34 /opt/ARM/bin/../lib/gcc/arm-none-eabi/4.8.4/armv7e-m/fpu/crtbegin.o
 .ARM.attributes
                0x00000056       0x39 Src/usart.o
 .ARM.attributes
                0x0000008f       0x39 Src/times_base/times_base.o
 .ARM.attributes
                0x000000c8       0x39 Src/tim.o
 .ARM.attributes
                0x00000101       0x39 Src/syscalls.o
 .ARM.attributes
                0x0000013a       0x39 Src/stm32f4xx_it.o
 .ARM.attributes
                0x00000173       0x39 Src/stm32f4xx_hal_msp.o
 .ARM.attributes
                0x000001ac       0x39 Src/peripherals/tests/tests.o
 .ARM.attributes
                0x000001e5       0x39 Src/peripherals/telemeters/telemeters.o
 .ARM.attributes
                0x0000021e       0x39 Src/peripherals/multimeter/multimeter.o
 .ARM.attributes
                0x00000257       0x39 Src/peripherals/gyroscope/adxrs620.o
 .ARM.attributes
                0x00000290       0x39 Src/peripherals/expander/pcf8574.o
 .ARM.attributes
                0x000002c9       0x39 Src/peripherals/encoders/ie512.o
 .ARM.attributes
                0x00000302       0x39 Src/peripherals/display/ssd1306.o
 .ARM.attributes
                0x0000033b       0x39 Src/peripherals/display/smallfonts.o
 .ARM.attributes
                0x00000374       0x39 Src/main.o
 .ARM.attributes
                0x000003ad       0x39 Src/i2c.o
 .ARM.attributes
                0x000003e6       0x39 Src/gpio.o
 .ARM.attributes
                0x0000041f       0x39 Src/dsp_lib/arm_pid_init_f32.o
 .ARM.attributes
                0x00000458       0x39 Src/dma.o
 .ARM.attributes
                0x00000491       0x39 Src/controls/straight_controls/straight_controls.o
 .ARM.attributes
                0x000004ca       0x39 Src/controls/pid/pid.o
 .ARM.attributes
                0x00000503       0x39 Src/callback/user_it_callback.o
 .ARM.attributes
                0x0000053c       0x39 Src/adc.o
 .ARM.attributes
                0x00000575       0x39 Drivers/STM32F4xx_HAL_Driver/Src/stm32f4xx_hal_uart.o
 .ARM.attributes
                0x000005ae       0x39 Drivers/STM32F4xx_HAL_Driver/Src/stm32f4xx_hal_tim_ex.o
 .ARM.attributes
                0x000005e7       0x39 Drivers/STM32F4xx_HAL_Driver/Src/stm32f4xx_hal_tim.o
 .ARM.attributes
                0x00000620       0x39 Drivers/STM32F4xx_HAL_Driver/Src/stm32f4xx_hal_rcc.o
 .ARM.attributes
                0x00000659       0x39 Drivers/STM32F4xx_HAL_Driver/Src/stm32f4xx_hal_i2c.o
 .ARM.attributes
                0x00000692       0x39 Drivers/STM32F4xx_HAL_Driver/Src/stm32f4xx_hal_gpio.o
 .ARM.attributes
                0x000006cb       0x39 Drivers/STM32F4xx_HAL_Driver/Src/stm32f4xx_hal_dma.o
 .ARM.attributes
                0x00000704       0x39 Drivers/STM32F4xx_HAL_Driver/Src/stm32f4xx_hal_cortex.o
 .ARM.attributes
                0x0000073d       0x39 Drivers/STM32F4xx_HAL_Driver/Src/stm32f4xx_hal_adc_ex.o
 .ARM.attributes
                0x00000776       0x39 Drivers/STM32F4xx_HAL_Driver/Src/stm32f4xx_hal_adc.o
 .ARM.attributes
                0x000007af       0x39 Drivers/STM32F4xx_HAL_Driver/Src/stm32f4xx_hal.o
 .ARM.attributes
                0x000007e8       0x39 Drivers/CMSIS/Device/ST/STM32F4xx/Source/Templates/system_stm32f4xx.o
 .ARM.attributes
                0x00000821       0x21 Drivers/CMSIS/Device/ST/STM32F4xx/Source/Templates/gcc/startup_stm32f405xx.o
 .ARM.attributes
                0x00000842       0x22 /opt/ARM/bin/../lib/gcc/arm-none-eabi/4.8.4/armv7e-m/fpu/libgcc.a(_arm_addsubdf3.o)
 .ARM.attributes
                0x00000864       0x22 /opt/ARM/bin/../lib/gcc/arm-none-eabi/4.8.4/armv7e-m/fpu/libgcc.a(_arm_muldivdf3.o)
 .ARM.attributes
                0x00000886       0x22 /opt/ARM/bin/../lib/gcc/arm-none-eabi/4.8.4/armv7e-m/fpu/libgcc.a(_arm_fixdfsi.o)
 .ARM.attributes
                0x000008a8       0x22 /opt/ARM/bin/../lib/gcc/arm-none-eabi/4.8.4/armv7e-m/fpu/libgcc.a(_arm_fixunsdfsi.o)
 .ARM.attributes
                0x000008ca       0x34 /opt/ARM/bin/../lib/gcc/arm-none-eabi/4.8.4/armv7e-m/fpu/libgcc.a(bpabi.o)
 .ARM.attributes
                0x000008fe       0x22 /opt/ARM/bin/../lib/gcc/arm-none-eabi/4.8.4/armv7e-m/fpu/libgcc.a(_dvmd_tls.o)
 .ARM.attributes
                0x00000920       0x34 /opt/ARM/bin/../lib/gcc/arm-none-eabi/4.8.4/armv7e-m/fpu/libgcc.a(_divdi3.o)
 .ARM.attributes
                0x00000954       0x34 /opt/ARM/bin/../lib/gcc/arm-none-eabi/4.8.4/armv7e-m/fpu/libgcc.a(_udivdi3.o)
 .ARM.attributes
                0x00000988       0x34 /opt/ARM/bin/../lib/gcc/arm-none-eabi/4.8.4/../../../../arm-none-eabi/lib/armv7e-m/fpu/libc.a(lib_a-impure.o)
 .ARM.attributes
                0x000009bc       0x34 /opt/ARM/bin/../lib/gcc/arm-none-eabi/4.8.4/../../../../arm-none-eabi/lib/armv7e-m/fpu/libc.a(lib_a-init.o)
 .ARM.attributes
                0x000009f0       0x20 /opt/ARM/bin/../lib/gcc/arm-none-eabi/4.8.4/../../../../arm-none-eabi/lib/armv7e-m/fpu/libc.a(lib_a-memcpy.o)
 .ARM.attributes
                0x00000a10       0x34 /opt/ARM/bin/../lib/gcc/arm-none-eabi/4.8.4/../../../../arm-none-eabi/lib/armv7e-m/fpu/libc.a(lib_a-memset.o)
 .ARM.attributes
                0x00000a44       0x34 /opt/ARM/bin/../lib/gcc/arm-none-eabi/4.8.4/../../../../arm-none-eabi/lib/armv7e-m/fpu/libc.a(lib_a-reent.o)
 .ARM.attributes
                0x00000a78       0x34 /opt/ARM/bin/../lib/gcc/arm-none-eabi/4.8.4/../../../../arm-none-eabi/lib/armv7e-m/fpu/libc.a(lib_a-sprintf.o)
 .ARM.attributes
                0x00000aac       0x34 /opt/ARM/bin/../lib/gcc/arm-none-eabi/4.8.4/../../../../arm-none-eabi/lib/armv7e-m/fpu/libc.a(lib_a-strlen.o)
 .ARM.attributes
                0x00000ae0       0x34 /opt/ARM/bin/../lib/gcc/arm-none-eabi/4.8.4/../../../../arm-none-eabi/lib/armv7e-m/fpu/libc.a(lib_a-svfprintf.o)
 .ARM.attributes
                0x00000b14       0x34 /opt/ARM/bin/../lib/gcc/arm-none-eabi/4.8.4/../../../../arm-none-eabi/lib/armv7e-m/fpu/libc.a(lib_a-__call_atexit.o)
 .ARM.attributes
                0x00000b48       0x34 /opt/ARM/bin/../lib/gcc/arm-none-eabi/4.8.4/../../../../arm-none-eabi/lib/armv7e-m/fpu/libc.a(lib_a-atexit.o)
 .ARM.attributes
                0x00000b7c       0x34 /opt/ARM/bin/../lib/gcc/arm-none-eabi/4.8.4/../../../../arm-none-eabi/lib/armv7e-m/fpu/libc.a(lib_a-dtoa.o)
 .ARM.attributes
                0x00000bb0       0x34 /opt/ARM/bin/../lib/gcc/arm-none-eabi/4.8.4/../../../../arm-none-eabi/lib/armv7e-m/fpu/libc.a(lib_a-fini.o)
 .ARM.attributes
                0x00000be4       0x34 /opt/ARM/bin/../lib/gcc/arm-none-eabi/4.8.4/../../../../arm-none-eabi/lib/armv7e-m/fpu/libc.a(lib_a-freer.o)
 .ARM.attributes
                0x00000c18       0x34 /opt/ARM/bin/../lib/gcc/arm-none-eabi/4.8.4/../../../../arm-none-eabi/lib/armv7e-m/fpu/libc.a(lib_a-locale.o)
 .ARM.attributes
                0x00000c4c       0x34 /opt/ARM/bin/../lib/gcc/arm-none-eabi/4.8.4/../../../../arm-none-eabi/lib/armv7e-m/fpu/libc.a(lib_a-mallocr.o)
 .ARM.attributes
                0x00000c80       0x34 /opt/ARM/bin/../lib/gcc/arm-none-eabi/4.8.4/../../../../arm-none-eabi/lib/armv7e-m/fpu/libc.a(lib_a-memchr-stub.o)
 .ARM.attributes
                0x00000cb4       0x34 /opt/ARM/bin/../lib/gcc/arm-none-eabi/4.8.4/../../../../arm-none-eabi/lib/armv7e-m/fpu/libc.a(lib_a-mlock.o)
 .ARM.attributes
                0x00000ce8       0x34 /opt/ARM/bin/../lib/gcc/arm-none-eabi/4.8.4/../../../../arm-none-eabi/lib/armv7e-m/fpu/libc.a(lib_a-mprec.o)
 .ARM.attributes
                0x00000d1c       0x34 /opt/ARM/bin/../lib/gcc/arm-none-eabi/4.8.4/../../../../arm-none-eabi/lib/armv7e-m/fpu/libc.a(lib_a-s_fpclassify.o)
 .ARM.attributes
                0x00000d50       0x34 /opt/ARM/bin/../lib/gcc/arm-none-eabi/4.8.4/../../../../arm-none-eabi/lib/armv7e-m/fpu/libc.a(lib_a-sbrkr.o)
 .ARM.attributes
                0x00000d84       0x34 /opt/ARM/bin/../lib/gcc/arm-none-eabi/4.8.4/../../../../arm-none-eabi/lib/armv7e-m/fpu/libc.a(lib_a-svfiprintf.o)
 .ARM.attributes
                0x00000db8       0x34 /opt/ARM/bin/../lib/gcc/arm-none-eabi/4.8.4/../../../../arm-none-eabi/lib/armv7e-m/fpu/libc.a(lib_a-__atexit.o)
 .ARM.attributes
                0x00000dec       0x34 /opt/ARM/bin/../lib/gcc/arm-none-eabi/4.8.4/../../../../arm-none-eabi/lib/armv7e-m/fpu/libc.a(lib_a-callocr.o)
 .ARM.attributes
                0x00000e20       0x34 /opt/ARM/bin/../lib/gcc/arm-none-eabi/4.8.4/../../../../arm-none-eabi/lib/armv7e-m/fpu/libc.a(lib_a-memmove.o)
 .ARM.attributes
                0x00000e54       0x34 /opt/ARM/bin/../lib/gcc/arm-none-eabi/4.8.4/../../../../arm-none-eabi/lib/armv7e-m/fpu/libc.a(lib_a-reallocr.o)
 .ARM.attributes
                0x00000e88       0x22 /opt/ARM/bin/../lib/gcc/arm-none-eabi/4.8.4/armv7e-m/fpu/libgcc.a(_arm_cmpdf2.o)
 .ARM.attributes
                0x00000eaa       0x22 /opt/ARM/bin/../lib/gcc/arm-none-eabi/4.8.4/armv7e-m/fpu/libgcc.a(_aeabi_uldivmod.o)
 .ARM.attributes
                0x00000ecc       0x22 /opt/ARM/bin/../lib/gcc/arm-none-eabi/4.8.4/armv7e-m/fpu/crtn.o
OUTPUT(ZHONX_III.elf elf32-littlearm)

.comment        0x00000000       0x70
 .comment       0x00000000       0x70 Src/usart.o
                                 0x71 (size before relaxing)
 .comment       0x00000000       0x71 Src/times_base/times_base.o
 .comment       0x00000000       0x71 Src/tim.o
 .comment       0x00000000       0x71 Src/syscalls.o
 .comment       0x00000000       0x71 Src/stm32f4xx_it.o
 .comment       0x00000000       0x71 Src/stm32f4xx_hal_msp.o
 .comment       0x00000000       0x71 Src/peripherals/tests/tests.o
 .comment       0x00000000       0x71 Src/peripherals/telemeters/telemeters.o
 .comment       0x00000000       0x71 Src/peripherals/multimeter/multimeter.o
 .comment       0x00000000       0x71 Src/peripherals/gyroscope/adxrs620.o
 .comment       0x00000000       0x71 Src/peripherals/expander/pcf8574.o
 .comment       0x00000000       0x71 Src/peripherals/encoders/ie512.o
 .comment       0x00000000       0x71 Src/peripherals/display/ssd1306.o
 .comment       0x00000000       0x71 Src/peripherals/display/smallfonts.o
 .comment       0x00000000       0x71 Src/main.o
 .comment       0x00000000       0x71 Src/i2c.o
 .comment       0x00000000       0x71 Src/gpio.o
 .comment       0x00000000       0x71 Src/dsp_lib/arm_pid_init_f32.o
 .comment       0x00000000       0x71 Src/dma.o
 .comment       0x00000000       0x71 Src/controls/straight_controls/straight_controls.o
 .comment       0x00000000       0x71 Src/controls/pid/pid.o
 .comment       0x00000000       0x71 Src/callback/user_it_callback.o
 .comment       0x00000000       0x71 Src/adc.o
 .comment       0x00000000       0x71 Drivers/STM32F4xx_HAL_Driver/Src/stm32f4xx_hal_uart.o
 .comment       0x00000000       0x71 Drivers/STM32F4xx_HAL_Driver/Src/stm32f4xx_hal_tim_ex.o
 .comment       0x00000000       0x71 Drivers/STM32F4xx_HAL_Driver/Src/stm32f4xx_hal_tim.o
 .comment       0x00000000       0x71 Drivers/STM32F4xx_HAL_Driver/Src/stm32f4xx_hal_rcc.o
 .comment       0x00000000       0x71 Drivers/STM32F4xx_HAL_Driver/Src/stm32f4xx_hal_i2c.o
 .comment       0x00000000       0x71 Drivers/STM32F4xx_HAL_Driver/Src/stm32f4xx_hal_gpio.o
 .comment       0x00000000       0x71 Drivers/STM32F4xx_HAL_Driver/Src/stm32f4xx_hal_dma.o
 .comment       0x00000000       0x71 Drivers/STM32F4xx_HAL_Driver/Src/stm32f4xx_hal_cortex.o
 .comment       0x00000000       0x71 Drivers/STM32F4xx_HAL_Driver/Src/stm32f4xx_hal_adc_ex.o
 .comment       0x00000000       0x71 Drivers/STM32F4xx_HAL_Driver/Src/stm32f4xx_hal_adc.o
 .comment       0x00000000       0x71 Drivers/STM32F4xx_HAL_Driver/Src/stm32f4xx_hal.o
 .comment       0x00000000       0x71 Drivers/CMSIS/Device/ST/STM32F4xx/Source/Templates/system_stm32f4xx.o

.debug_frame    0x00000000      0x82c
 .debug_frame   0x00000000       0x50 /opt/ARM/bin/../lib/gcc/arm-none-eabi/4.8.4/armv7e-m/fpu/libgcc.a(bpabi.o)
 .debug_frame   0x00000050       0x34 /opt/ARM/bin/../lib/gcc/arm-none-eabi/4.8.4/armv7e-m/fpu/libgcc.a(_divdi3.o)
 .debug_frame   0x00000084       0x34 /opt/ARM/bin/../lib/gcc/arm-none-eabi/4.8.4/armv7e-m/fpu/libgcc.a(_udivdi3.o)
 .debug_frame   0x000000b8       0x2c /opt/ARM/bin/../lib/gcc/arm-none-eabi/4.8.4/../../../../arm-none-eabi/lib/armv7e-m/fpu/libc.a(lib_a-init.o)
 .debug_frame   0x000000e4       0x2c /opt/ARM/bin/../lib/gcc/arm-none-eabi/4.8.4/../../../../arm-none-eabi/lib/armv7e-m/fpu/libc.a(lib_a-memset.o)
 .debug_frame   0x00000110       0x48 /opt/ARM/bin/../lib/gcc/arm-none-eabi/4.8.4/../../../../arm-none-eabi/lib/armv7e-m/fpu/libc.a(lib_a-reent.o)
 .debug_frame   0x00000158       0x64 /opt/ARM/bin/../lib/gcc/arm-none-eabi/4.8.4/../../../../arm-none-eabi/lib/armv7e-m/fpu/libc.a(lib_a-sprintf.o)
 .debug_frame   0x000001bc       0x20 /opt/ARM/bin/../lib/gcc/arm-none-eabi/4.8.4/../../../../arm-none-eabi/lib/armv7e-m/fpu/libc.a(lib_a-strlen.o)
 .debug_frame   0x000001dc       0x3c /opt/ARM/bin/../lib/gcc/arm-none-eabi/4.8.4/../../../../arm-none-eabi/lib/armv7e-m/fpu/libc.a(lib_a-svfprintf.o)
 .debug_frame   0x00000218       0x48 /opt/ARM/bin/../lib/gcc/arm-none-eabi/4.8.4/../../../../arm-none-eabi/lib/armv7e-m/fpu/libc.a(lib_a-__call_atexit.o)
 .debug_frame   0x00000260       0x20 /opt/ARM/bin/../lib/gcc/arm-none-eabi/4.8.4/../../../../arm-none-eabi/lib/armv7e-m/fpu/libc.a(lib_a-atexit.o)
 .debug_frame   0x00000280       0x64 /opt/ARM/bin/../lib/gcc/arm-none-eabi/4.8.4/../../../../arm-none-eabi/lib/armv7e-m/fpu/libc.a(lib_a-dtoa.o)
 .debug_frame   0x000002e4       0x2c /opt/ARM/bin/../lib/gcc/arm-none-eabi/4.8.4/../../../../arm-none-eabi/lib/armv7e-m/fpu/libc.a(lib_a-fini.o)
 .debug_frame   0x00000310       0x50 /opt/ARM/bin/../lib/gcc/arm-none-eabi/4.8.4/../../../../arm-none-eabi/lib/armv7e-m/fpu/libc.a(lib_a-freer.o)
 .debug_frame   0x00000360       0x98 /opt/ARM/bin/../lib/gcc/arm-none-eabi/4.8.4/../../../../arm-none-eabi/lib/armv7e-m/fpu/libc.a(lib_a-locale.o)
 .debug_frame   0x000003f8       0x38 /opt/ARM/bin/../lib/gcc/arm-none-eabi/4.8.4/../../../../arm-none-eabi/lib/armv7e-m/fpu/libc.a(lib_a-mallocr.o)
 .debug_frame   0x00000430       0x2c /opt/ARM/bin/../lib/gcc/arm-none-eabi/4.8.4/../../../../arm-none-eabi/lib/armv7e-m/fpu/libc.a(lib_a-memchr-stub.o)
 .debug_frame   0x0000045c       0x30 /opt/ARM/bin/../lib/gcc/arm-none-eabi/4.8.4/../../../../arm-none-eabi/lib/armv7e-m/fpu/libc.a(lib_a-mlock.o)
 .debug_frame   0x0000048c      0x22c /opt/ARM/bin/../lib/gcc/arm-none-eabi/4.8.4/../../../../arm-none-eabi/lib/armv7e-m/fpu/libc.a(lib_a-mprec.o)
 .debug_frame   0x000006b8       0x28 /opt/ARM/bin/../lib/gcc/arm-none-eabi/4.8.4/../../../../arm-none-eabi/lib/armv7e-m/fpu/libc.a(lib_a-s_fpclassify.o)
 .debug_frame   0x000006e0       0x2c /opt/ARM/bin/../lib/gcc/arm-none-eabi/4.8.4/../../../../arm-none-eabi/lib/armv7e-m/fpu/libc.a(lib_a-sbrkr.o)
 .debug_frame   0x0000070c       0x64 /opt/ARM/bin/../lib/gcc/arm-none-eabi/4.8.4/../../../../arm-none-eabi/lib/armv7e-m/fpu/libc.a(lib_a-svfiprintf.o)
 .debug_frame   0x00000770       0x30 /opt/ARM/bin/../lib/gcc/arm-none-eabi/4.8.4/../../../../arm-none-eabi/lib/armv7e-m/fpu/libc.a(lib_a-__atexit.o)
 .debug_frame   0x000007a0       0x28 /opt/ARM/bin/../lib/gcc/arm-none-eabi/4.8.4/../../../../arm-none-eabi/lib/armv7e-m/fpu/libc.a(lib_a-callocr.o)
 .debug_frame   0x000007c8       0x2c /opt/ARM/bin/../lib/gcc/arm-none-eabi/4.8.4/../../../../arm-none-eabi/lib/armv7e-m/fpu/libc.a(lib_a-memmove.o)
 .debug_frame   0x000007f4       0x38 /opt/ARM/bin/../lib/gcc/arm-none-eabi/4.8.4/../../../../arm-none-eabi/lib/armv7e-m/fpu/libc.a(lib_a-reallocr.o)

Cross Reference Table

Symbol                                            File
ADC1ConvertedValues                               Src/peripherals/lineSensors/lineSensors.o
ADC1MultimeterConvertedValues                     Src/peripherals/multimeter/multimeter.o
ADC2ConvertedValues                               Src/peripherals/telemeters/telemeters.o
ADC3ConvertedValues                               Src/peripherals/lineSensors/lineSensors.o
ADC_IRQHandler                                    Drivers/CMSIS/Device/ST/STM32F4xx/Source/Templates/gcc/startup_stm32f405xx.o
ADXRS620_Calibrate                                Src/peripherals/gyroscope/adxrs620.o
ADXRS620_Init                                     Src/peripherals/gyroscope/adxrs620.o
                                                  Src/peripherals/tests/tests.o
AHBPrescTable                                     Drivers/CMSIS/Device/ST/STM32F4xx/Source/Templates/system_stm32f4xx.o
APBAHBPrescTable                                  Drivers/STM32F4xx_HAL_Driver/Src/stm32f4xx_hal_rcc.o
Blink                                             Src/times_base/times_base.o
Bluetooth_Init                                    Src/peripherals/bluetooth/bluetooth.o
BusFault_Handler                                  Drivers/CMSIS/Device/ST/STM32F4xx/Source/Templates/gcc/startup_stm32f405xx.o
CAN1_RX0_IRQHandler                               Drivers/CMSIS/Device/ST/STM32F4xx/Source/Templates/gcc/startup_stm32f405xx.o
CAN1_RX1_IRQHandler                               Drivers/CMSIS/Device/ST/STM32F4xx/Source/Templates/gcc/startup_stm32f405xx.o
CAN1_SCE_IRQHandler                               Drivers/CMSIS/Device/ST/STM32F4xx/Source/Templates/gcc/startup_stm32f405xx.o
CAN1_TX_IRQHandler                                Drivers/CMSIS/Device/ST/STM32F4xx/Source/Templates/gcc/startup_stm32f405xx.o
CAN2_RX0_IRQHandler                               Drivers/CMSIS/Device/ST/STM32F4xx/Source/Templates/gcc/startup_stm32f405xx.o
CAN2_RX1_IRQHandler                               Drivers/CMSIS/Device/ST/STM32F4xx/Source/Templates/gcc/startup_stm32f405xx.o
CAN2_SCE_IRQHandler                               Drivers/CMSIS/Device/ST/STM32F4xx/Source/Templates/gcc/startup_stm32f405xx.o
CAN2_TX_IRQHandler                                Drivers/CMSIS/Device/ST/STM32F4xx/Source/Templates/gcc/startup_stm32f405xx.o
DMA1_Stream0_IRQHandler                           Drivers/CMSIS/Device/ST/STM32F4xx/Source/Templates/gcc/startup_stm32f405xx.o
DMA1_Stream1_IRQHandler                           Drivers/CMSIS/Device/ST/STM32F4xx/Source/Templates/gcc/startup_stm32f405xx.o
DMA1_Stream2_IRQHandler                           Drivers/CMSIS/Device/ST/STM32F4xx/Source/Templates/gcc/startup_stm32f405xx.o
DMA1_Stream3_IRQHandler                           Drivers/CMSIS/Device/ST/STM32F4xx/Source/Templates/gcc/startup_stm32f405xx.o
DMA1_Stream4_IRQHandler                           Drivers/CMSIS/Device/ST/STM32F4xx/Source/Templates/gcc/startup_stm32f405xx.o
DMA1_Stream5_IRQHandler                           Src/stm32f4xx_it.o
DMA1_Stream6_IRQHandler                           Src/stm32f4xx_it.o
DMA1_Stream7_IRQHandler                           Drivers/CMSIS/Device/ST/STM32F4xx/Source/Templates/gcc/startup_stm32f405xx.o
DMA2_Stream0_IRQHandler                           Src/stm32f4xx_it.o
DMA2_Stream1_IRQHandler                           Src/stm32f4xx_it.o
DMA2_Stream2_IRQHandler                           Drivers/CMSIS/Device/ST/STM32F4xx/Source/Templates/gcc/startup_stm32f405xx.o
DMA2_Stream3_IRQHandler                           Drivers/CMSIS/Device/ST/STM32F4xx/Source/Templates/gcc/startup_stm32f405xx.o
DMA2_Stream4_IRQHandler                           Drivers/CMSIS/Device/ST/STM32F4xx/Source/Templates/gcc/startup_stm32f405xx.o
DMA2_Stream5_IRQHandler                           Drivers/CMSIS/Device/ST/STM32F4xx/Source/Templates/gcc/startup_stm32f405xx.o
DMA2_Stream6_IRQHandler                           Drivers/CMSIS/Device/ST/STM32F4xx/Source/Templates/gcc/startup_stm32f405xx.o
DMA2_Stream7_IRQHandler                           Drivers/CMSIS/Device/ST/STM32F4xx/Source/Templates/gcc/startup_stm32f405xx.o
DMA_ADC_Gyro_Rate                                 Src/peripherals/gyroscope/adxrs620.o
DebugMon_Handler                                  Drivers/CMSIS/Device/ST/STM32F4xx/Source/Templates/gcc/startup_stm32f405xx.o
Debug_ADXRS620                                    Src/peripherals/gyroscope/adxrs620.o
                                                  Src/main.o
Debug_Mulimeter                                   Src/peripherals/multimeter/multimeter.o
                                                  Src/main.o
Debug_Straight_Control                            Src/controls/straight_controls/straight_controls.o
Debug_Telemeter                                   Src/peripherals/telemeters/telemeters.o
                                                  Src/main.o
Default_Handler                                   Drivers/CMSIS/Device/ST/STM32F4xx/Source/Templates/gcc/startup_stm32f405xx.o
EXTI0_IRQHandler                                  Drivers/CMSIS/Device/ST/STM32F4xx/Source/Templates/gcc/startup_stm32f405xx.o
EXTI15_10_IRQHandler                              Drivers/CMSIS/Device/ST/STM32F4xx/Source/Templates/gcc/startup_stm32f405xx.o
EXTI1_IRQHandler                                  Drivers/CMSIS/Device/ST/STM32F4xx/Source/Templates/gcc/startup_stm32f405xx.o
EXTI2_IRQHandler                                  Drivers/CMSIS/Device/ST/STM32F4xx/Source/Templates/gcc/startup_stm32f405xx.o
EXTI3_IRQHandler                                  Drivers/CMSIS/Device/ST/STM32F4xx/Source/Templates/gcc/startup_stm32f405xx.o
EXTI4_IRQHandler                                  Drivers/CMSIS/Device/ST/STM32F4xx/Source/Templates/gcc/startup_stm32f405xx.o
EXTI9_5_IRQHandler                                Drivers/CMSIS/Device/ST/STM32F4xx/Source/Templates/gcc/startup_stm32f405xx.o
Encoders_Init                                     Src/peripherals/encoders/ie512.o
                                                  Src/peripherals/tests/tests.o
ExpanderGetbit                                    Src/peripherals/expander/pcf8574.o
ExpanderReset                                     Src/peripherals/expander/pcf8574.o
                                                  Src/peripherals/tests/tests.o
ExpanderSetbit                                    Src/peripherals/expander/pcf8574.o
                                                  Src/peripherals/display/ssd1306.o
                                                  Src/peripherals/tests/tests.o
FLASH_Erase_Sector                                Drivers/STM32F4xx_HAL_Driver/Src/stm32f4xx_hal_flash_ex.o
                                                  Drivers/STM32F4xx_HAL_Driver/Src/stm32f4xx_hal_flash.o
FLASH_IRQHandler                                  Drivers/CMSIS/Device/ST/STM32F4xx/Source/Templates/gcc/startup_stm32f405xx.o
FLASH_WaitForLastOperation                        Drivers/STM32F4xx_HAL_Driver/Src/stm32f4xx_hal_flash.o
                                                  Drivers/STM32F4xx_HAL_Driver/Src/stm32f4xx_hal_flash_ex.o
FPU_IRQHandler                                    Drivers/CMSIS/Device/ST/STM32F4xx/Source/Templates/gcc/startup_stm32f405xx.o
FSMC_IRQHandler                                   Drivers/CMSIS/Device/ST/STM32F4xx/Source/Templates/gcc/startup_stm32f405xx.o
Font_3x6                                          Src/peripherals/display/smallfonts.o
                                                  Src/peripherals/tests/tests.o
Font_5x8                                          Src/peripherals/display/smallfonts.o
                                                  Src/controls/straight_controls/straight_controls.o
                                                  Src/peripherals/gyroscope/adxrs620.o
                                                  Src/peripherals/multimeter/multimeter.o
                                                  Src/peripherals/telemeters/telemeters.o
                                                  Src/peripherals/tests/tests.o
Font_7x8                                          Src/peripherals/display/smallfonts.o
Font_8x8                                          Src/peripherals/display/smallfonts.o
                                                  Src/peripherals/tests/tests.o
Font_8x8Thin                                      Src/peripherals/display/smallfonts.o
GPIO_InitStruct                                   Src/controls/pid/pid.o
                                                  Src/controls/straight_controls/straight_controls.o
                                                  Src/peripherals/gyroscope/adxrs620.o
                                                  Src/peripherals/lineSensors/lineSensors.o
                                                  Src/peripherals/telemeters/telemeters.o
                                                  Src/peripherals/tests/tests.o
                                                  Src/times_base/times_base.o
Gyroscope_INJECTED_ADC_IT                         Src/peripherals/gyroscope/adxrs620.o
                                                  Src/callback/user_it_callback.o
HAL_ADCEx_InjectedConfigChannel                   Drivers/STM32F4xx_HAL_Driver/Src/stm32f4xx_hal_adc_ex.o
                                                  Src/adc.o
HAL_ADCEx_InjectedConvCpltCallback                Src/callback/user_it_callback.o
                                                  Drivers/STM32F4xx_HAL_Driver/Src/stm32f4xx_hal_adc.o
HAL_ADCEx_InjectedGetValue                        Drivers/STM32F4xx_HAL_Driver/Src/stm32f4xx_hal_adc_ex.o
                                                  Src/peripherals/gyroscope/adxrs620.o
HAL_ADCEx_InjectedPollForConversion               Drivers/STM32F4xx_HAL_Driver/Src/stm32f4xx_hal_adc_ex.o
HAL_ADCEx_InjectedStart                           Drivers/STM32F4xx_HAL_Driver/Src/stm32f4xx_hal_adc_ex.o
HAL_ADCEx_InjectedStart_IT                        Drivers/STM32F4xx_HAL_Driver/Src/stm32f4xx_hal_adc_ex.o
                                                  Src/peripherals/gyroscope/adxrs620.o
HAL_ADCEx_InjectedStop                            Drivers/STM32F4xx_HAL_Driver/Src/stm32f4xx_hal_adc_ex.o
HAL_ADCEx_InjectedStop_IT                         Drivers/STM32F4xx_HAL_Driver/Src/stm32f4xx_hal_adc_ex.o
HAL_ADCEx_MultiModeConfigChannel                  Drivers/STM32F4xx_HAL_Driver/Src/stm32f4xx_hal_adc_ex.o
HAL_ADCEx_MultiModeGetValue                       Drivers/STM32F4xx_HAL_Driver/Src/stm32f4xx_hal_adc_ex.o
HAL_ADCEx_MultiModeStart_DMA                      Drivers/STM32F4xx_HAL_Driver/Src/stm32f4xx_hal_adc_ex.o
HAL_ADCEx_MultiModeStop_DMA                       Drivers/STM32F4xx_HAL_Driver/Src/stm32f4xx_hal_adc_ex.o
HAL_ADC_AnalogWDGConfig                           Drivers/STM32F4xx_HAL_Driver/Src/stm32f4xx_hal_adc.o
HAL_ADC_ConfigChannel                             Drivers/STM32F4xx_HAL_Driver/Src/stm32f4xx_hal_adc.o
                                                  Src/adc.o
                                                  Src/peripherals/tests/tests.o
HAL_ADC_ConvCpltCallback                          Src/callback/user_it_callback.o
                                                  Drivers/STM32F4xx_HAL_Driver/Src/stm32f4xx_hal_adc_ex.o
HAL_ADC_ConvHalfCpltCallback                      Src/callback/user_it_callback.o
                                                  Drivers/STM32F4xx_HAL_Driver/Src/stm32f4xx_hal_adc_ex.o
HAL_ADC_DeInit                                    Drivers/STM32F4xx_HAL_Driver/Src/stm32f4xx_hal_adc.o
HAL_ADC_ErrorCallback                             Drivers/STM32F4xx_HAL_Driver/Src/stm32f4xx_hal_adc.o
                                                  Drivers/STM32F4xx_HAL_Driver/Src/stm32f4xx_hal_adc_ex.o
HAL_ADC_GetError                                  Drivers/STM32F4xx_HAL_Driver/Src/stm32f4xx_hal_adc.o
HAL_ADC_GetState                                  Drivers/STM32F4xx_HAL_Driver/Src/stm32f4xx_hal_adc.o
HAL_ADC_GetValue                                  Drivers/STM32F4xx_HAL_Driver/Src/stm32f4xx_hal_adc.o
HAL_ADC_IRQHandler                                Drivers/STM32F4xx_HAL_Driver/Src/stm32f4xx_hal_adc.o
HAL_ADC_Init                                      Drivers/STM32F4xx_HAL_Driver/Src/stm32f4xx_hal_adc.o
                                                  Src/adc.o
HAL_ADC_LevelOutOfWindowCallback                  Drivers/STM32F4xx_HAL_Driver/Src/stm32f4xx_hal_adc.o
HAL_ADC_MspDeInit                                 Src/adc.o
HAL_ADC_MspInit                                   Src/adc.o
HAL_ADC_PollForConversion                         Drivers/STM32F4xx_HAL_Driver/Src/stm32f4xx_hal_adc.o
HAL_ADC_PollForEvent                              Drivers/STM32F4xx_HAL_Driver/Src/stm32f4xx_hal_adc.o
HAL_ADC_Start                                     Drivers/STM32F4xx_HAL_Driver/Src/stm32f4xx_hal_adc.o
HAL_ADC_Start_DMA                                 Drivers/STM32F4xx_HAL_Driver/Src/stm32f4xx_hal_adc.o
                                                  Src/peripherals/lineSensors/lineSensors.o
                                                  Src/peripherals/multimeter/multimeter.o
                                                  Src/peripherals/telemeters/telemeters.o
                                                  Src/peripherals/tests/tests.o
HAL_ADC_Start_IT                                  Drivers/STM32F4xx_HAL_Driver/Src/stm32f4xx_hal_adc.o
HAL_ADC_Stop                                      Drivers/STM32F4xx_HAL_Driver/Src/stm32f4xx_hal_adc.o
HAL_ADC_Stop_DMA                                  Drivers/STM32F4xx_HAL_Driver/Src/stm32f4xx_hal_adc.o
                                                  Src/peripherals/lineSensors/lineSensors.o
                                                  Src/peripherals/telemeters/telemeters.o
                                                  Src/peripherals/tests/tests.o
HAL_ADC_Stop_IT                                   Drivers/STM32F4xx_HAL_Driver/Src/stm32f4xx_hal_adc.o
HAL_DMAEx_ChangeMemory                            Drivers/STM32F4xx_HAL_Driver/Src/stm32f4xx_hal_dma_ex.o
HAL_DMAEx_MultiBufferStart                        Drivers/STM32F4xx_HAL_Driver/Src/stm32f4xx_hal_dma_ex.o
HAL_DMAEx_MultiBufferStart_IT                     Drivers/STM32F4xx_HAL_Driver/Src/stm32f4xx_hal_dma_ex.o
HAL_DMA_Abort                                     Drivers/STM32F4xx_HAL_Driver/Src/stm32f4xx_hal_dma.o
                                                  Drivers/STM32F4xx_HAL_Driver/Src/stm32f4xx_hal_adc.o
                                                  Drivers/STM32F4xx_HAL_Driver/Src/stm32f4xx_hal_adc_ex.o
                                                  Drivers/STM32F4xx_HAL_Driver/Src/stm32f4xx_hal_uart.o
HAL_DMA_DeInit                                    Drivers/STM32F4xx_HAL_Driver/Src/stm32f4xx_hal_dma.o
                                                  Src/adc.o
                                                  Src/i2c.o
HAL_DMA_GetError                                  Drivers/STM32F4xx_HAL_Driver/Src/stm32f4xx_hal_dma.o
HAL_DMA_GetState                                  Drivers/STM32F4xx_HAL_Driver/Src/stm32f4xx_hal_dma.o
HAL_DMA_IRQHandler                                Drivers/STM32F4xx_HAL_Driver/Src/stm32f4xx_hal_dma.o
                                                  Src/stm32f4xx_it.o
HAL_DMA_Init                                      Drivers/STM32F4xx_HAL_Driver/Src/stm32f4xx_hal_dma.o
                                                  Src/adc.o
                                                  Src/i2c.o
HAL_DMA_PollForTransfer                           Drivers/STM32F4xx_HAL_Driver/Src/stm32f4xx_hal_dma.o
HAL_DMA_Start                                     Drivers/STM32F4xx_HAL_Driver/Src/stm32f4xx_hal_dma.o
HAL_DMA_Start_IT                                  Drivers/STM32F4xx_HAL_Driver/Src/stm32f4xx_hal_dma.o
                                                  Drivers/STM32F4xx_HAL_Driver/Src/stm32f4xx_hal_adc.o
                                                  Drivers/STM32F4xx_HAL_Driver/Src/stm32f4xx_hal_adc_ex.o
                                                  Drivers/STM32F4xx_HAL_Driver/Src/stm32f4xx_hal_i2c.o
                                                  Drivers/STM32F4xx_HAL_Driver/Src/stm32f4xx_hal_tim.o
                                                  Drivers/STM32F4xx_HAL_Driver/Src/stm32f4xx_hal_tim_ex.o
                                                  Drivers/STM32F4xx_HAL_Driver/Src/stm32f4xx_hal_uart.o
HAL_DeInit                                        Drivers/STM32F4xx_HAL_Driver/Src/stm32f4xx_hal.o
HAL_Delay                                         Drivers/STM32F4xx_HAL_Driver/Src/stm32f4xx_hal.o
                                                  Src/controls/straight_controls/straight_controls.o
                                                  Src/peripherals/display/ssd1306.o
                                                  Src/peripherals/telemeters/telemeters.o
                                                  Src/peripherals/tests/tests.o
HAL_DisableCompensationCell                       Drivers/STM32F4xx_HAL_Driver/Src/stm32f4xx_hal.o
HAL_DisableDBGSleepMode                           Drivers/STM32F4xx_HAL_Driver/Src/stm32f4xx_hal.o
HAL_DisableDBGStandbyMode                         Drivers/STM32F4xx_HAL_Driver/Src/stm32f4xx_hal.o
HAL_DisableDBGStopMode                            Drivers/STM32F4xx_HAL_Driver/Src/stm32f4xx_hal.o
HAL_EnableCompensationCell                        Drivers/STM32F4xx_HAL_Driver/Src/stm32f4xx_hal.o
HAL_EnableDBGSleepMode                            Drivers/STM32F4xx_HAL_Driver/Src/stm32f4xx_hal.o
HAL_EnableDBGStandbyMode                          Drivers/STM32F4xx_HAL_Driver/Src/stm32f4xx_hal.o
HAL_EnableDBGStopMode                             Drivers/STM32F4xx_HAL_Driver/Src/stm32f4xx_hal.o
HAL_FLASHEx_Erase                                 Drivers/STM32F4xx_HAL_Driver/Src/stm32f4xx_hal_flash_ex.o
HAL_FLASHEx_Erase_IT                              Drivers/STM32F4xx_HAL_Driver/Src/stm32f4xx_hal_flash_ex.o
HAL_FLASHEx_OBGetConfig                           Drivers/STM32F4xx_HAL_Driver/Src/stm32f4xx_hal_flash_ex.o
HAL_FLASHEx_OBProgram                             Drivers/STM32F4xx_HAL_Driver/Src/stm32f4xx_hal_flash_ex.o
HAL_FLASH_EndOfOperationCallback                  Drivers/STM32F4xx_HAL_Driver/Src/stm32f4xx_hal_flash.o
HAL_FLASH_GetError                                Drivers/STM32F4xx_HAL_Driver/Src/stm32f4xx_hal_flash.o
HAL_FLASH_IRQHandler                              Drivers/STM32F4xx_HAL_Driver/Src/stm32f4xx_hal_flash.o
HAL_FLASH_Lock                                    Drivers/STM32F4xx_HAL_Driver/Src/stm32f4xx_hal_flash.o
HAL_FLASH_OB_Launch                               Drivers/STM32F4xx_HAL_Driver/Src/stm32f4xx_hal_flash.o
HAL_FLASH_OB_Lock                                 Drivers/STM32F4xx_HAL_Driver/Src/stm32f4xx_hal_flash.o
HAL_FLASH_OB_Unlock                               Drivers/STM32F4xx_HAL_Driver/Src/stm32f4xx_hal_flash.o
HAL_FLASH_OperationErrorCallback                  Drivers/STM32F4xx_HAL_Driver/Src/stm32f4xx_hal_flash.o
HAL_FLASH_Program                                 Drivers/STM32F4xx_HAL_Driver/Src/stm32f4xx_hal_flash.o
HAL_FLASH_Program_IT                              Drivers/STM32F4xx_HAL_Driver/Src/stm32f4xx_hal_flash.o
HAL_FLASH_Unlock                                  Drivers/STM32F4xx_HAL_Driver/Src/stm32f4xx_hal_flash.o
HAL_GPIO_DeInit                                   Drivers/STM32F4xx_HAL_Driver/Src/stm32f4xx_hal_gpio.o
                                                  Src/adc.o
                                                  Src/i2c.o
                                                  Src/tim.o
                                                  Src/usart.o
HAL_GPIO_EXTI_Callback                            Drivers/STM32F4xx_HAL_Driver/Src/stm32f4xx_hal_gpio.o
HAL_GPIO_EXTI_IRQHandler                          Drivers/STM32F4xx_HAL_Driver/Src/stm32f4xx_hal_gpio.o
HAL_GPIO_Init                                     Drivers/STM32F4xx_HAL_Driver/Src/stm32f4xx_hal_gpio.o
                                                  Drivers/STM32F4xx_HAL_Driver/Src/stm32f4xx_hal_rcc.o
                                                  Src/adc.o
                                                  Src/gpio.o
                                                  Src/i2c.o
                                                  Src/peripherals/tests/tests.o
                                                  Src/tim.o
                                                  Src/times_base/times_base.o
                                                  Src/usart.o
HAL_GPIO_LockPin                                  Drivers/STM32F4xx_HAL_Driver/Src/stm32f4xx_hal_gpio.o
HAL_GPIO_ReadPin                                  Drivers/STM32F4xx_HAL_Driver/Src/stm32f4xx_hal_gpio.o
HAL_GPIO_TogglePin                                Drivers/STM32F4xx_HAL_Driver/Src/stm32f4xx_hal_gpio.o
HAL_GPIO_WritePin                                 Drivers/STM32F4xx_HAL_Driver/Src/stm32f4xx_hal_gpio.o
                                                  Src/controls/straight_controls/straight_controls.o
                                                  Src/main.o
                                                  Src/peripherals/display/ssd1306.o
                                                  Src/peripherals/expander/pcf8574.o
                                                  Src/peripherals/lineSensors/lineSensors.o
                                                  Src/peripherals/multimeter/multimeter.o
                                                  Src/peripherals/telemeters/telemeters.o
                                                  Src/peripherals/tests/tests.o
                                                  Src/times_base/times_base.o
HAL_GetDEVID                                      Drivers/STM32F4xx_HAL_Driver/Src/stm32f4xx_hal.o
HAL_GetHalVersion                                 Drivers/STM32F4xx_HAL_Driver/Src/stm32f4xx_hal.o
HAL_GetREVID                                      Drivers/STM32F4xx_HAL_Driver/Src/stm32f4xx_hal.o
HAL_GetTick                                       Drivers/STM32F4xx_HAL_Driver/Src/stm32f4xx_hal.o
                                                  Drivers/STM32F4xx_HAL_Driver/Src/stm32f4xx_hal_adc.o
                                                  Drivers/STM32F4xx_HAL_Driver/Src/stm32f4xx_hal_adc_ex.o
                                                  Drivers/STM32F4xx_HAL_Driver/Src/stm32f4xx_hal_dma.o
                                                  Drivers/STM32F4xx_HAL_Driver/Src/stm32f4xx_hal_flash.o
                                                  Drivers/STM32F4xx_HAL_Driver/Src/stm32f4xx_hal_i2c.o
                                                  Drivers/STM32F4xx_HAL_Driver/Src/stm32f4xx_hal_pwr_ex.o
                                                  Drivers/STM32F4xx_HAL_Driver/Src/stm32f4xx_hal_rcc.o
                                                  Drivers/STM32F4xx_HAL_Driver/Src/stm32f4xx_hal_rcc_ex.o
                                                  Drivers/STM32F4xx_HAL_Driver/Src/stm32f4xx_hal_uart.o
HAL_HalfDuplex_EnableReceiver                     Drivers/STM32F4xx_HAL_Driver/Src/stm32f4xx_hal_uart.o